Archive member included to satisfy reference by file (symbol)

C:/ST/STM32CubeIDE_1.16.0/STM32CubeIDE/plugins/com.st.stm32cube.ide.mcu.externaltools.gnu-tools-for-stm32.12.3.rel1.win32_1.0.200.202406191623/tools/bin/../lib/gcc/arm-none-eabi/12.3.1/../../../../arm-none-eabi/lib/thumb/v7e-m+dp/hard\libc_nano.a(libc_a-atof.o)
                              ./Core/Src/fatfs_sd_card.o (atof)
C:/ST/STM32CubeIDE_1.16.0/STM32CubeIDE/plugins/com.st.stm32cube.ide.mcu.externaltools.gnu-tools-for-stm32.12.3.rel1.win32_1.0.200.202406191623/tools/bin/../lib/gcc/arm-none-eabi/12.3.1/../../../../arm-none-eabi/lib/thumb/v7e-m+dp/hard\libc_nano.a(libc_a-exit.o)
                              C:/ST/STM32CubeIDE_1.16.0/STM32CubeIDE/plugins/com.st.stm32cube.ide.mcu.externaltools.gnu-tools-for-stm32.12.3.rel1.win32_1.0.200.202406191623/tools/bin/../lib/gcc/arm-none-eabi/12.3.1/../../../../arm-none-eabi/lib/thumb/v7e-m+dp/hard/crt0.o (exit)
C:/ST/STM32CubeIDE_1.16.0/STM32CubeIDE/plugins/com.st.stm32cube.ide.mcu.externaltools.gnu-tools-for-stm32.12.3.rel1.win32_1.0.200.202406191623/tools/bin/../lib/gcc/arm-none-eabi/12.3.1/../../../../arm-none-eabi/lib/thumb/v7e-m+dp/hard\libc_nano.a(libc_a-rand.o)
                              ./Core/Src/game_engine.o (srand)
C:/ST/STM32CubeIDE_1.16.0/STM32CubeIDE/plugins/com.st.stm32cube.ide.mcu.externaltools.gnu-tools-for-stm32.12.3.rel1.win32_1.0.200.202406191623/tools/bin/../lib/gcc/arm-none-eabi/12.3.1/../../../../arm-none-eabi/lib/thumb/v7e-m+dp/hard\libc_nano.a(libc_a-strtod.o)
                              C:/ST/STM32CubeIDE_1.16.0/STM32CubeIDE/plugins/com.st.stm32cube.ide.mcu.externaltools.gnu-tools-for-stm32.12.3.rel1.win32_1.0.200.202406191623/tools/bin/../lib/gcc/arm-none-eabi/12.3.1/../../../../arm-none-eabi/lib/thumb/v7e-m+dp/hard\libc_nano.a(libc_a-atof.o) (strtod)
C:/ST/STM32CubeIDE_1.16.0/STM32CubeIDE/plugins/com.st.stm32cube.ide.mcu.externaltools.gnu-tools-for-stm32.12.3.rel1.win32_1.0.200.202406191623/tools/bin/../lib/gcc/arm-none-eabi/12.3.1/../../../../arm-none-eabi/lib/thumb/v7e-m+dp/hard\libc_nano.a(libc_a-findfp.o)
                              C:/ST/STM32CubeIDE_1.16.0/STM32CubeIDE/plugins/com.st.stm32cube.ide.mcu.externaltools.gnu-tools-for-stm32.12.3.rel1.win32_1.0.200.202406191623/tools/bin/../lib/gcc/arm-none-eabi/12.3.1/../../../../arm-none-eabi/lib/thumb/v7e-m+dp/hard\libc_nano.a(libc_a-exit.o) (__stdio_exit_handler)
C:/ST/STM32CubeIDE_1.16.0/STM32CubeIDE/plugins/com.st.stm32cube.ide.mcu.externaltools.gnu-tools-for-stm32.12.3.rel1.win32_1.0.200.202406191623/tools/bin/../lib/gcc/arm-none-eabi/12.3.1/../../../../arm-none-eabi/lib/thumb/v7e-m+dp/hard\libc_nano.a(libc_a-fwalk.o)
                              C:/ST/STM32CubeIDE_1.16.0/STM32CubeIDE/plugins/com.st.stm32cube.ide.mcu.externaltools.gnu-tools-for-stm32.12.3.rel1.win32_1.0.200.202406191623/tools/bin/../lib/gcc/arm-none-eabi/12.3.1/../../../../arm-none-eabi/lib/thumb/v7e-m+dp/hard\libc_nano.a(libc_a-findfp.o) (_fwalk_sglue)
C:/ST/STM32CubeIDE_1.16.0/STM32CubeIDE/plugins/com.st.stm32cube.ide.mcu.externaltools.gnu-tools-for-stm32.12.3.rel1.win32_1.0.200.202406191623/tools/bin/../lib/gcc/arm-none-eabi/12.3.1/../../../../arm-none-eabi/lib/thumb/v7e-m+dp/hard\libc_nano.a(libc_a-sprintf.o)
                              ./Core/Src/game_engine.o (sprintf)
C:/ST/STM32CubeIDE_1.16.0/STM32CubeIDE/plugins/com.st.stm32cube.ide.mcu.externaltools.gnu-tools-for-stm32.12.3.rel1.win32_1.0.200.202406191623/tools/bin/../lib/gcc/arm-none-eabi/12.3.1/../../../../arm-none-eabi/lib/thumb/v7e-m+dp/hard\libc_nano.a(libc_a-stdio.o)
                              C:/ST/STM32CubeIDE_1.16.0/STM32CubeIDE/plugins/com.st.stm32cube.ide.mcu.externaltools.gnu-tools-for-stm32.12.3.rel1.win32_1.0.200.202406191623/tools/bin/../lib/gcc/arm-none-eabi/12.3.1/../../../../arm-none-eabi/lib/thumb/v7e-m+dp/hard\libc_nano.a(libc_a-findfp.o) (__sread)
C:/ST/STM32CubeIDE_1.16.0/STM32CubeIDE/plugins/com.st.stm32cube.ide.mcu.externaltools.gnu-tools-for-stm32.12.3.rel1.win32_1.0.200.202406191623/tools/bin/../lib/gcc/arm-none-eabi/12.3.1/../../../../arm-none-eabi/lib/thumb/v7e-m+dp/hard\libc_nano.a(libc_a-memset.o)
                              C:/ST/STM32CubeIDE_1.16.0/STM32CubeIDE/plugins/com.st.stm32cube.ide.mcu.externaltools.gnu-tools-for-stm32.12.3.rel1.win32_1.0.200.202406191623/tools/bin/../lib/gcc/arm-none-eabi/12.3.1/../../../../arm-none-eabi/lib/thumb/v7e-m+dp/hard/crt0.o (memset)
C:/ST/STM32CubeIDE_1.16.0/STM32CubeIDE/plugins/com.st.stm32cube.ide.mcu.externaltools.gnu-tools-for-stm32.12.3.rel1.win32_1.0.200.202406191623/tools/bin/../lib/gcc/arm-none-eabi/12.3.1/../../../../arm-none-eabi/lib/thumb/v7e-m+dp/hard\libc_nano.a(libc_a-strncmp.o)
                              C:/ST/STM32CubeIDE_1.16.0/STM32CubeIDE/plugins/com.st.stm32cube.ide.mcu.externaltools.gnu-tools-for-stm32.12.3.rel1.win32_1.0.200.202406191623/tools/bin/../lib/gcc/arm-none-eabi/12.3.1/../../../../arm-none-eabi/lib/thumb/v7e-m+dp/hard\libc_nano.a(libc_a-strtod.o) (strncmp)
[...]
Memory Configuration

Name             Origin             Length             Attributes
FLASH            0x08000000         0x00200000         xr
DTCMRAM          0x20000000         0x00020000         xrw
RAM_D1           0x24000000         0x00080000         xrw
RAM_D2           0x30000000         0x00048000         xrw
RAM_D3           0x38000000         0x00010000         xrw
ITCMRAM          0x00000000         0x00010000         xrw
*default*        0x00000000         0xffffffff

Linker script and memory map

LOAD C:/ST/STM32CubeIDE_1.16.0/STM32CubeIDE/plugins/com.st.stm32cube.ide.mcu.externaltools.gnu-tools-for-stm32.12.3.rel1.win32_1.0.200.202406191623/tools/bin/../lib/gcc/arm-none-eabi/12.3.1/thumb/v7e-m+dp/hard/crti.o
LOAD C:/ST/STM32CubeIDE_1.16.0/STM32CubeIDE/plugins/com.st.stm32cube.ide.mcu.externaltools.gnu-tools-for-stm32.12.3.rel1.win32_1.0.200.202406191623/tools/bin/../lib/gcc/arm-none-eabi/12.3.1/thumb/v7e-m+dp/hard/crtbegin.o
LOAD C:/ST/STM32CubeIDE_1.16.0/STM32CubeIDE/plugins/com.st.stm32cube.ide.mcu.externaltools.gnu-tools-for-stm32.12.3.rel1.win32_1.0.200.202406191623/tools/bin/../lib/gcc/arm-none-eabi/12.3.1/../../../../arm-none-eabi/lib/thumb/v7e-m+dp/hard/crt0.o
LOAD ./Core/Src/RA8875.o
LOAD ./Core/Src/fatfs_sd_card.o
LOAD ./Core/Src/game_engine.o
LOAD ./Core/Src/keyboard_io.o
LOAD ./Core/Src/main.o
LOAD ./Core/Src/stm32h7xx_hal_msp.o
LOAD ./Core/Src/stm32h7xx_it.o
LOAD ./Core/Src/syscalls.o
LOAD ./Core/Src/sysmem.o
LOAD ./Core/Src/system_stm32h7xx.o
LOAD ./Core/Startup/startup_stm32h743vitx.o
LOAD ./Drivers/STM32H7xx_HAL_Driver/Src/stm32h7xx_hal.o
LOAD ./Drivers/STM32H7xx_HAL_Driver/Src/stm32h7xx_hal_cortex.o
LOAD ./Drivers/STM32H7xx_HAL_Driver/Src/stm32h7xx_hal_dma.o
LOAD ./Drivers/STM32H7xx_HAL_Driver/Src/stm32h7xx_hal_dma_ex.o
LOAD ./Drivers/STM32H7xx_HAL_Driver/Src/stm32h7xx_hal_exti.o
LOAD ./Drivers/STM32H7xx_HAL_Driver/Src/stm32h7xx_hal_flash.o
LOAD ./Drivers/STM32H7xx_HAL_Driver/Src/stm32h7xx_hal_flash_ex.o
LOAD ./Drivers/STM32H7xx_HAL_Driver/Src/stm32h7xx_hal_gpio.o
LOAD ./Drivers/STM32H7xx_HAL_Driver/Src/stm32h7xx_hal_hsem.o
LOAD ./Drivers/STM32H7xx_HAL_Driver/Src/stm32h7xx_hal_i2c.o
LOAD ./Drivers/STM32H7xx_HAL_Driver/Src/stm32h7xx_hal_i2c_ex.o
LOAD ./Drivers/STM32H7xx_HAL_Driver/Src/stm32h7xx_hal_i2s.o
LOAD ./Drivers/STM32H7xx_HAL_Driver/Src/stm32h7xx_hal_i2s_ex.o
LOAD ./Drivers/STM32H7xx_HAL_Driver/Src/stm32h7xx_hal_mdma.o
LOAD ./Drivers/STM32H7xx_HAL_Driver/Src/stm32h7xx_hal_pwr.o
LOAD ./Drivers/STM32H7xx_HAL_Driver/Src/stm32h7xx_hal_pwr_ex.o
LOAD ./Drivers/STM32H7xx_HAL_Driver/Src/stm32h7xx_hal_rcc.o
LOAD ./Drivers/STM32H7xx_HAL_Driver/Src/stm32h7xx_hal_rcc_ex.o
LOAD ./Drivers/STM32H7xx_HAL_Driver/Src/stm32h7xx_hal_spi.o
LOAD ./Drivers/STM32H7xx_HAL_Driver/Src/stm32h7xx_hal_spi_ex.o
LOAD ./Drivers/STM32H7xx_HAL_Driver/Src/stm32h7xx_hal_tim.o
LOAD ./Drivers/STM32H7xx_HAL_Driver/Src/stm32h7xx_hal_tim_ex.o
LOAD ./FATFS/App/fatfs.o
LOAD ./FATFS/Target/user_diskio.o
LOAD ./FATFS/Target/user_diskio_spi.o
LOAD ./Middlewares/Third_Party/FatFs/src/diskio.o
LOAD ./Middlewares/Third_Party/FatFs/src/ff.o
LOAD ./Middlewares/Third_Party/FatFs/src/ff_gen_drv.o
LOAD ./Middlewares/Third_Party/FatFs/src/option/syscall.o
START GROUP
LOAD C:/ST/STM32CubeIDE_1.16.0/STM32CubeIDE/plugins/com.st.stm32cube.ide.mcu.externaltools.gnu-tools-for-stm32.12.3.rel1.win32_1.0.200.202406191623/tools/bin/../lib/gcc/arm-none-eabi/12.3.1/../../../../arm-none-eabi/lib/thumb/v7e-m+dp/hard\libc_nano.a
LOAD C:/ST/STM32CubeIDE_1.16.0/STM32CubeIDE/plugins/com.st.stm32cube.ide.mcu.externaltools.gnu-tools-for-stm32.12.3.rel1.win32_1.0.200.202406191623/tools/bin/../lib/gcc/arm-none-eabi/12.3.1/../../../../arm-none-eabi/lib/thumb/v7e-m+dp/hard\libm.a
END GROUP
START GROUP
LOAD C:/ST/STM32CubeIDE_1.16.0/STM32CubeIDE/plugins/com.st.stm32cube.ide.mcu.externaltools.gnu-tools-for-stm32.12.3.rel1.win32_1.0.200.202406191623/tools/bin/../lib/gcc/arm-none-eabi/12.3.1/thumb/v7e-m+dp/hard\libgcc.a
LOAD C:/ST/STM32CubeIDE_1.16.0/STM32CubeIDE/plugins/com.st.stm32cube.ide.mcu.externaltools.gnu-tools-for-stm32.12.3.rel1.win32_1.0.200.202406191623/tools/bin/../lib/gcc/arm-none-eabi/12.3.1/../../../../arm-none-eabi/lib/thumb/v7e-m+dp/hard\libc_nano.a
END GROUP
START GROUP
LOAD C:/ST/STM32CubeIDE_1.16.0/STM32CubeIDE/plugins/com.st.stm32cube.ide.mcu.externaltools.gnu-tools-for-stm32.12.3.rel1.win32_1.0.200.202406191623/tools/bin/../lib/gcc/arm-none-eabi/12.3.1/thumb/v7e-m+dp/hard\libgcc.a
LOAD C:/ST/STM32CubeIDE_1.16.0/STM32CubeIDE/plugins/com.st.stm32cube.ide.mcu.externaltools.gnu-tools-for-stm32.12.3.rel1.win32_1.0.200.202406191623/tools/bin/../lib/gcc/arm-none-eabi/12.3.1/../../../../arm-none-eabi/lib/thumb/v7e-m+dp/hard\libc_nano.a
LOAD C:/ST/STM32CubeIDE_1.16.0/STM32CubeIDE/plugins/com.st.stm32cube.ide.mcu.externaltools.gnu-tools-for-stm32.12.3.rel1.win32_1.0.200.202406191623/tools/bin/../lib/gcc/arm-none-eabi/12.3.1/../../../../arm-none-eabi/lib/thumb/v7e-m+dp/hard\libnosys.a
END GROUP
START GROUP
LOAD C:/ST/STM32CubeIDE_1.16.0/STM32CubeIDE/plugins/com.st.stm32cube.ide.mcu.externaltools.gnu-tools-for-stm32.12.3.rel1.win32_1.0.200.202406191623/tools/bin/../lib/gcc/arm-none-eabi/12.3.1/thumb/v7e-m+dp/hard\libgcc.a
LOAD C:/ST/STM32CubeIDE_1.16.0/STM32CubeIDE/plugins/com.st.stm32cube.ide.mcu.externaltools.gnu-tools-for-stm32.12.3.rel1.win32_1.0.200.202406191623/tools/bin/../lib/gcc/arm-none-eabi/12.3.1/../../../../arm-none-eabi/lib/thumb/v7e-m+dp/hard\libc_nano.a
LOAD C:/ST/STM32CubeIDE_1.16.0/STM32CubeIDE/plugins/com.st.stm32cube.ide.mcu.externaltools.gnu-tools-for-stm32.12.3.rel1.win32_1.0.200.202406191623/tools/bin/../lib/gcc/arm-none-eabi/12.3.1/../../../../arm-none-eabi/lib/thumb/v7e-m+dp/hard\libnosys.a
END GROUP
LOAD C:/ST/STM32CubeIDE_1.16.0/STM32CubeIDE/plugins/com.st.stm32cube.ide.mcu.externaltools.gnu-tools-for-stm32.12.3.rel1.win32_1.0.200.202406191623/tools/bin/../lib/gcc/arm-none-eabi/12.3.1/thumb/v7e-m+dp/hard/crtend.o
LOAD C:/ST/STM32CubeIDE_1.16.0/STM32CubeIDE/plugins/com.st.stm32cube.ide.mcu.externaltools.gnu-tools-for-stm32.12.3.rel1.win32_1.0.200.202406191623/tools/bin/../lib/gcc/arm-none-eabi/12.3.1/thumb/v7e-m+dp/hard/crtn.o
                0x24080000                        _estack = (ORIGIN (RAM_D1) + LENGTH (RAM_D1))
                0x00000200                        _Min_Heap_Size = 0x200
                0x00000400                        _Min_Stack_Size = 0x400

.isr_vector     0x08000000      0x298
                0x08000000                        . = ALIGN (0x4)
 *(.isr_vector)
 .isr_vector    0x08000000      0x298 ./Core/Startup/startup_stm32h743vitx.o
                0x08000000                g_pfnVectors
                0x08000298                        . = ALIGN (0x4)

.text           0x080002a0    0x10590
                0x080002a0                        . = ALIGN (0x4)
 *(.text)
 .text          0x080002a0       0x40 C:/ST/STM32CubeIDE_1.16.0/STM32CubeIDE/plugins/com.st.stm32cube.ide.mcu.externaltools.gnu-tools-for-stm32.12.3.rel1.win32_1.0.200.202406191623/tools/bin/../lib/gcc/arm-none-eabi/12.3.1/thumb/v7e-m+dp/hard/crtbegin.o
 .text          0x080002e0       0x10 C:/ST/STM32CubeIDE_1.16.0/STM32CubeIDE/plugins/com.st.stm32cube.ide.mcu.externaltools.gnu-tools-for-stm32.12.3.rel1.win32_1.0.200.202406191623/tools/bin/../lib/gcc/arm-none-eabi/12.3.1/../../../../arm-none-eabi/lib/thumb/v7e-m+dp/hard\libc_nano.a(libc_a-strlen.o)
                0x080002e0                strlen
 .text          0x080002f0       0xa0 C:/ST/STM32CubeIDE_1.16.0/STM32CubeIDE/plugins/com.st.stm32cube.ide.mcu.externaltools.gnu-tools-for-stm32.12.3.rel1.win32_1.0.200.202406191623/tools/bin/../lib/gcc/arm-none-eabi/12.3.1/../../../../arm-none-eabi/lib/thumb/v7e-m+dp/hard\libc_nano.a(libc_a-memchr.o)
                0x080002f0                memchr
 .text          0x08000390      0x378 C:/ST/STM32CubeIDE_1.16.0/STM32CubeIDE/plugins/com.st.stm32cube.ide.mcu.externaltools.gnu-tools-for-stm32.12.3.rel1.win32_1.0.200.202406191623/tools/bin/../lib/gcc/arm-none-eabi/12.3.1/thumb/v7e-m+dp/hard\libgcc.a(_arm_addsubdf3.o)
                0x08000390                __aeabi_drsub
                0x08000398                __aeabi_dsub
                0x08000398                __subdf3
                0x0800039c                __aeabi_dadd
                0x0800039c                __adddf3
                0x08000614                __floatunsidf
                0x08000614                __aeabi_ui2d
                0x08000634                __floatsidf
                0x08000634                __aeabi_i2d
                0x08000658                __aeabi_f2d
                0x08000658                __extendsfdf2
                0x0800069c                __floatundidf
                0x0800069c                __aeabi_ul2d
                0x080006ac                __floatdidf
                0x080006ac                __aeabi_l2d
 .text          0x08000708       0x30 C:/ST/STM32CubeIDE_1.16.0/STM32CubeIDE/plugins/com.st.stm32cube.ide.mcu.externaltools.gnu-tools-for-stm32.12.3.rel1.win32_1.0.200.202406191623/tools/bin/../lib/gcc/arm-none-eabi/12.3.1/thumb/v7e-m+dp/hard\libgcc.a(_fixdfdi.o)
                0x08000708                __fixdfdi
                0x08000708                __aeabi_d2lz
 .text          0x08000738       0x40 C:/ST/STM32CubeIDE_1.16.0/STM32CubeIDE/plugins/com.st.stm32cube.ide.mcu.externaltools.gnu-tools-for-stm32.12.3.rel1.win32_1.0.200.202406191623/tools/bin/../lib/gcc/arm-none-eabi/12.3.1/thumb/v7e-m+dp/hard\libgcc.a(_fixunsdfdi.o)
                0x08000738                __fixunsdfdi
                0x08000738                __aeabi_d2ulz
 *(.text*)
 .text.swap     0x08000778       0x2c ./Core/Src/RA8875.o
 .text.RA8875_soft_reset
                0x080007a4       0x1e ./Core/Src/RA8875.o
                0x080007a4                RA8875_soft_reset
 *fill*         0x080007c2        0x2 
 .text.RA885_pll_init
                0x080007c4       0x60 ./Core/Src/RA8875.o
 .text.RA8875_init
                0x08000824      0x268 ./Core/Src/RA8875.o
 .text.RA8875_begin
                0x08000a8c      0x11c ./Core/Src/RA8875.o
                0x08000a8c                RA8875_begin
 .text.RA8875_BUS_FREE
                0x08000ba8       0x2c ./Core/Src/RA8875.o
 .text.RA8875_write_reg
                0x08000bd4       0x28 ./Core/Src/RA8875.o
                0x08000bd4                RA8875_write_reg
 .text.RA8875_read_reg
                0x08000bfc       0x20 ./Core/Src/RA8875.o
                0x08000bfc                RA8875_read_reg
 .text.RA8875_write_data
                0x08000c1c       0x7c ./Core/Src/RA8875.o
                0x08000c1c                RA8875_write_data
 .text.RA8875_read_data
                0x08000c98       0x7c ./Core/Src/RA8875.o
                0x08000c98                RA8875_read_data
 .text.RA8875_write_command
                0x08000d14       0x7c ./Core/Src/RA8875.o
                0x08000d14                RA8875_write_command
 .text.RA8875_graphic_mode
                0x08000d90       0x2c ./Core/Src/RA8875.o
                0x08000d90                RA8875_graphic_mode
 .text.RA8875_wait_poll
                0x08000dbc       0x32 ./Core/Src/RA8875.o
                0x08000dbc                RA8875_wait_poll
 *fill*         0x08000dee        0x2 
 .text.RA8875_apply_rotation_x
                0x08000df0       0x3c ./Core/Src/RA8875.o
 .text.RA8875_apply_rotation_y
                0x08000e2c       0x4c ./Core/Src/RA8875.o
 .text.rectHelper
                0x08000e78      0x152 ./Core/Src/RA8875.o
 .text.triangleHelper
                0x08000fca      0x1c4 ./Core/Src/RA8875.o
 .text.ellipseHelper
                0x0800118e      0x13e ./Core/Src/RA8875.o
 .text.roundRectHelper
                0x080012cc      0x1e0 ./Core/Src/RA8875.o
 .text.RA8875_draw_fill_rect
                0x080014ac       0x5a ./Core/Src/RA8875.o
                0x080014ac                RA8875_draw_fill_rect
 *fill*         0x08001506        0x2 
 .text.RA8875_fill_screen
                0x08001508       0x40 ./Core/Src/RA8875.o
                0x08001508                RA8875_fill_screen
 .text.RA8875_draw_fill_triangle
                0x08001548       0x50 ./Core/Src/RA8875.o
                0x08001548                RA8875_draw_fill_triangle
 .text.RA8875_draw_fill_ellipse
                0x08001598       0x44 ./Core/Src/RA8875.o
                0x08001598                RA8875_draw_fill_ellipse
 .text.RA8875_draw_fill_round_rect
                0x080015dc       0x58 ./Core/Src/RA8875.o
                0x080015dc                RA8875_draw_fill_round_rect
 *fill*         0x08001634        0x4 
 .text.RA8875_draw_hexagon
                0x08001638      0x16c ./Core/Src/RA8875.o
                0x08001638                RA8875_draw_hexagon
 .text.RA8875_text_mode
                0x080017a4       0x4a ./Core/Src/RA8875.o
                0x080017a4                RA8875_text_mode
 .text.RA8875_text_cursor_position
                0x080017ee       0x7c ./Core/Src/RA8875.o
                0x080017ee                RA8875_text_cursor_position
 .text.RA8875_text_color
                0x0800186a       0xba ./Core/Src/RA8875.o
                0x0800186a                RA8875_text_color
 .text.RA8875_text_scale
                0x08001924       0x54 ./Core/Src/RA8875.o
                0x08001924                RA8875_text_scale
 .text.RA8875_text_write
                0x08001978       0x60 ./Core/Src/RA8875.o
                0x08001978                RA8875_text_write
 .text.RA8875_pwm1_out
                0x080019d8       0x1c ./Core/Src/RA8875.o
                0x080019d8                RA8875_pwm1_out
 .text.RA8875_pwm1_config
                0x080019f4       0x4a ./Core/Src/RA8875.o
                0x080019f4                RA8875_pwm1_config
 .text.RA8875_display_on
                0x08001a3e       0x2a ./Core/Src/RA8875.o
                0x08001a3e                RA8875_display_on
 .text.parse_word_data
                0x08001a68       0x78 ./Core/Src/fatfs_sd_card.o
                0x08001a68                parse_word_data
 .text.get_word_matrix
                0x08001ae0       0xe0 ./Core/Src/fatfs_sd_card.o
                0x08001ae0                get_word_matrix
 .text.show_menu
                0x08001bc0      0x490 ./Core/Src/game_engine.o
                0x08001bc0                show_menu
 .text.game_matrix
                0x08002050      0x1a0 ./Core/Src/game_engine.o
                0x08002050                game_matrix
 .text.process_input
                0x080021f0      0x66c ./Core/Src/game_engine.o
                0x080021f0                process_input
 .text.end_game
                0x0800285c      0x4d4 ./Core/Src/game_engine.o
                0x0800285c                end_game
 .text.settings
                0x08002d30      0x2e0 ./Core/Src/game_engine.o
                0x08002d30                settings
 .text.calc_score
                0x08003010       0xb8 ./Core/Src/game_engine.o
                0x08003010                calc_score
 .text.read_keypad
                0x080030c8      0x174 ./Core/Src/keyboard_io.o
                0x080030c8                read_keypad
 .text.main     0x0800323c       0x64 ./Core/Src/main.o
                0x0800323c                main
 .text.SystemClock_Config
                0x080032a0       0xd4 ./Core/Src/main.o
                0x080032a0                SystemClock_Config
 .text.PeriphCommonClock_Config
                0x08003374       0x3c ./Core/Src/main.o
                0x08003374                PeriphCommonClock_Config
 .text.MX_I2S3_Init
                0x080033b0       0x64 ./Core/Src/main.o
 .text.MX_SPI1_Init
                0x08003414       0xb0 ./Core/Src/main.o
 .text.MX_SPI2_Init
                0x080034c4       0xac ./Core/Src/main.o
 .text.MX_TIM6_Init
                0x08003570       0x70 ./Core/Src/main.o
 .text.MX_GPIO_Init
                0x080035e0      0x204 ./Core/Src/main.o
 .text.Error_Handler
                0x080037e4        0xc ./Core/Src/main.o
                0x080037e4                Error_Handler
 .text.HAL_MspInit
                0x080037f0       0x34 ./Core/Src/stm32h7xx_hal_msp.o
                0x080037f0                HAL_MspInit
 .text.HAL_I2S_MspInit
                0x08003824      0x170 ./Core/Src/stm32h7xx_hal_msp.o
                0x08003824                HAL_I2S_MspInit
 .text.HAL_SPI_MspInit
                0x08003994      0x20c ./Core/Src/stm32h7xx_hal_msp.o
                0x08003994                HAL_SPI_MspInit
 .text.HAL_TIM_Base_MspInit
                0x08003ba0       0x50 ./Core/Src/stm32h7xx_hal_msp.o
                0x08003ba0                HAL_TIM_Base_MspInit
 .text.NMI_Handler
                0x08003bf0        0x8 ./Core/Src/stm32h7xx_it.o
                0x08003bf0                NMI_Handler
 .text.HardFault_Handler
                0x08003bf8        0x8 ./Core/Src/stm32h7xx_it.o
                0x08003bf8                HardFault_Handler
 .text.MemManage_Handler
                0x08003c00        0x8 ./Core/Src/stm32h7xx_it.o
                0x08003c00                MemManage_Handler
 .text.BusFault_Handler
                0x08003c08        0x8 ./Core/Src/stm32h7xx_it.o
                0x08003c08                BusFault_Handler
 .text.UsageFault_Handler
                0x08003c10        0x8 ./Core/Src/stm32h7xx_it.o
                0x08003c10                UsageFault_Handler
 .text.SVC_Handler
                0x08003c18        0xe ./Core/Src/stm32h7xx_it.o
                0x08003c18                SVC_Handler
 .text.DebugMon_Handler
                0x08003c26        0xe ./Core/Src/stm32h7xx_it.o
                0x08003c26                DebugMon_Handler
 .text.PendSV_Handler
                0x08003c34        0xe ./Core/Src/stm32h7xx_it.o
                0x08003c34                PendSV_Handler
 .text.SysTick_Handler
                0x08003c42        0xc ./Core/Src/stm32h7xx_it.o
                0x08003c42                SysTick_Handler
 *fill*         0x08003c4e        0x2 
 .text.TIM6_DAC_IRQHandler
                0x08003c50       0x80 ./Core/Src/stm32h7xx_it.o
                0x08003c50                TIM6_DAC_IRQHandler
 .text._getpid  0x08003cd0       0x10 ./Core/Src/syscalls.o
                0x08003cd0                _getpid
 .text._kill    0x08003ce0       0x20 ./Core/Src/syscalls.o
                0x08003ce0                _kill
 .text._exit    0x08003d00       0x16 ./Core/Src/syscalls.o
                0x08003d00                _exit
 .text._read    0x08003d16       0x3a ./Core/Src/syscalls.o
                0x08003d16                _read
 .text._write   0x08003d50       0x38 ./Core/Src/syscalls.o
                0x08003d50                _write
 .text._close   0x08003d88       0x18 ./Core/Src/syscalls.o
                0x08003d88                _close
 .text._fstat   0x08003da0       0x20 ./Core/Src/syscalls.o
                0x08003da0                _fstat
 .text._isatty  0x08003dc0       0x16 ./Core/Src/syscalls.o
                0x08003dc0                _isatty
 .text._lseek   0x08003dd6       0x1a ./Core/Src/syscalls.o
                0x08003dd6                _lseek
 .text._sbrk    0x08003df0       0x6c ./Core/Src/sysmem.o
                0x08003df0                _sbrk
 .text.SystemInit
                0x08003e5c      0x110 ./Core/Src/system_stm32h7xx.o
                0x08003e5c                SystemInit
 .text.Reset_Handler
                0x08003f6c       0x50 ./Core/Startup/startup_stm32h743vitx.o
                0x08003f6c                Reset_Handler
 .text.Default_Handler
                0x08003fbc        0x2 ./Core/Startup/startup_stm32h743vitx.o
                0x08003fbc                RTC_Alarm_IRQHandler
                0x08003fbc                EXTI2_IRQHandler
                0x08003fbc                TIM8_CC_IRQHandler
                0x08003fbc                HRTIM1_Master_IRQHandler
                0x08003fbc                UART8_IRQHandler
                0x08003fbc                SPI4_IRQHandler
                0x08003fbc                TIM1_CC_IRQHandler
                0x08003fbc                BDMA_Channel6_IRQHandler
                0x08003fbc                DMA2_Stream5_IRQHandler
                0x08003fbc                HRTIM1_FLT_IRQHandler
                0x08003fbc                JPEG_IRQHandler
                0x08003fbc                DMA1_Stream5_IRQHandler
                0x08003fbc                BDMA_Channel1_IRQHandler
                0x08003fbc                HRTIM1_TIMD_IRQHandler
                0x08003fbc                TAMP_STAMP_IRQHandler
                0x08003fbc                EXTI3_IRQHandler
                0x08003fbc                LPTIM4_IRQHandler
                0x08003fbc                TIM8_TRG_COM_TIM14_IRQHandler
                0x08003fbc                LPTIM2_IRQHandler
                0x08003fbc                DFSDM1_FLT1_IRQHandler
                0x08003fbc                DMAMUX2_OVR_IRQHandler
                0x08003fbc                TIM8_UP_TIM13_IRQHandler
                0x08003fbc                I2C3_ER_IRQHandler
                0x08003fbc                DFSDM1_FLT2_IRQHandler
                0x08003fbc                MDMA_IRQHandler
                0x08003fbc                LPTIM3_IRQHandler
                0x08003fbc                HSEM1_IRQHandler
                0x08003fbc                EXTI0_IRQHandler
                0x08003fbc                I2C2_EV_IRQHandler
                0x08003fbc                DMA1_Stream2_IRQHandler
                0x08003fbc                FPU_IRQHandler
                0x08003fbc                OTG_HS_WKUP_IRQHandler
                0x08003fbc                FDCAN1_IT1_IRQHandler
                0x08003fbc                LTDC_ER_IRQHandler
                0x08003fbc                DMA2_Stream2_IRQHandler
                0x08003fbc                HRTIM1_TIME_IRQHandler
                0x08003fbc                SPI1_IRQHandler
                0x08003fbc                DCMI_IRQHandler
                0x08003fbc                HRTIM1_TIMC_IRQHandler
                0x08003fbc                DMA2_Stream3_IRQHandler
                0x08003fbc                SAI2_IRQHandler
                0x08003fbc                DFSDM1_FLT3_IRQHandler
                0x08003fbc                USART6_IRQHandler
                0x08003fbc                TIM17_IRQHandler
                0x08003fbc                USART3_IRQHandler
                0x08003fbc                BDMA_Channel7_IRQHandler
                0x08003fbc                LPTIM5_IRQHandler
                0x08003fbc                UART5_IRQHandler
                0x08003fbc                ADC3_IRQHandler
                0x08003fbc                DMA2_Stream0_IRQHandler
                0x08003fbc                TIM4_IRQHandler
                0x08003fbc                BDMA_Channel2_IRQHandler
                0x08003fbc                QUADSPI_IRQHandler
                0x08003fbc                I2C1_EV_IRQHandler
                0x08003fbc                DMA1_Stream6_IRQHandler
                0x08003fbc                DMAMUX1_OVR_IRQHandler
                0x08003fbc                DMA1_Stream1_IRQHandler
                0x08003fbc                TIM16_IRQHandler
                0x08003fbc                UART4_IRQHandler
                0x08003fbc                BDMA_Channel5_IRQHandler
                0x08003fbc                TIM3_IRQHandler
                0x08003fbc                RCC_IRQHandler
                0x08003fbc                TIM8_BRK_TIM12_IRQHandler
                0x08003fbc                TIM1_TRG_COM_IRQHandler
                0x08003fbc                Default_Handler
                0x08003fbc                ECC_IRQHandler
                0x08003fbc                CEC_IRQHandler
                0x08003fbc                EXTI15_10_IRQHandler
                0x08003fbc                BDMA_Channel0_IRQHandler
                0x08003fbc                ADC_IRQHandler
                0x08003fbc                DMA1_Stream7_IRQHandler
                0x08003fbc                HRTIM1_TIMA_IRQHandler
                0x08003fbc                SPI5_IRQHandler
                0x08003fbc                TIM7_IRQHandler
                0x08003fbc                SDMMC1_IRQHandler
                0x08003fbc                TIM5_IRQHandler
                0x08003fbc                DMA2_Stream7_IRQHandler
                0x08003fbc                TIM15_IRQHandler
                0x08003fbc                PVD_AVD_IRQHandler
                0x08003fbc                I2C3_EV_IRQHandler
                0x08003fbc                EXTI9_5_IRQHandler
                0x08003fbc                RTC_WKUP_IRQHandler
                0x08003fbc                LTDC_IRQHandler
                0x08003fbc                SAI3_IRQHandler
                0x08003fbc                ETH_WKUP_IRQHandler
                0x08003fbc                SPDIF_RX_IRQHandler
                0x08003fbc                SPI2_IRQHandler
                0x08003fbc                OTG_HS_EP1_IN_IRQHandler
                0x08003fbc                DMA1_Stream0_IRQHandler
                0x08003fbc                CRS_IRQHandler
                0x08003fbc                EXTI4_IRQHandler
                0x08003fbc                RNG_IRQHandler
                0x08003fbc                HRTIM1_TIMB_IRQHandler
                0x08003fbc                FDCAN2_IT1_IRQHandler
                0x08003fbc                ETH_IRQHandler
                0x08003fbc                TIM1_UP_IRQHandler
                0x08003fbc                BDMA_Channel4_IRQHandler
                0x08003fbc                OTG_HS_EP1_OUT_IRQHandler
                0x08003fbc                WWDG_IRQHandler
                0x08003fbc                SPI6_IRQHandler
                0x08003fbc                MDIOS_IRQHandler
                0x08003fbc                I2C4_EV_IRQHandler
                0x08003fbc                FDCAN2_IT0_IRQHandler
                0x08003fbc                LPUART1_IRQHandler
                0x08003fbc                FDCAN1_IT0_IRQHandler
                0x08003fbc                TIM2_IRQHandler
                0x08003fbc                OTG_FS_WKUP_IRQHandler
                0x08003fbc                OTG_HS_IRQHandler
                0x08003fbc                DMA2D_IRQHandler
                0x08003fbc                TIM1_BRK_IRQHandler
                0x08003fbc                EXTI1_IRQHandler
                0x08003fbc                SDMMC2_IRQHandler
                0x08003fbc                OTG_FS_EP1_OUT_IRQHandler
                0x08003fbc                BDMA_Channel3_IRQHandler
                0x08003fbc                UART7_IRQHandler
                0x08003fbc                MDIOS_WKUP_IRQHandler
                0x08003fbc                USART2_IRQHandler
                0x08003fbc                DFSDM1_FLT0_IRQHandler
                0x08003fbc                SAI4_IRQHandler
                0x08003fbc                I2C2_ER_IRQHandler
                0x08003fbc                DMA2_Stream1_IRQHandler
                0x08003fbc                FLASH_IRQHandler
                0x08003fbc                DMA2_Stream4_IRQHandler
                0x08003fbc                USART1_IRQHandler
                0x08003fbc                OTG_FS_IRQHandler
                0x08003fbc                SPI3_IRQHandler
                0x08003fbc                WAKEUP_PIN_IRQHandler
                0x08003fbc                DMA1_Stream4_IRQHandler
                0x08003fbc                OTG_FS_EP1_IN_IRQHandler
                0x08003fbc                I2C1_ER_IRQHandler
                0x08003fbc                FMC_IRQHandler
                0x08003fbc                FDCAN_CAL_IRQHandler
                0x08003fbc                SWPMI1_IRQHandler
                0x08003fbc                COMP1_IRQHandler
                0x08003fbc                LPTIM1_IRQHandler
                0x08003fbc                I2C4_ER_IRQHandler
                0x08003fbc                DMA2_Stream6_IRQHandler
                0x08003fbc                SAI1_IRQHandler
                0x08003fbc                DMA1_Stream3_IRQHandler
 *fill*         0x08003fbe        0x2 
 .text.HAL_Init
                0x08003fc0       0x78 ./Drivers/STM32H7xx_HAL_Driver/Src/stm32h7xx_hal.o
                0x08003fc0                HAL_Init
 .text.HAL_InitTick
                0x08004038       0x6c ./Drivers/STM32H7xx_HAL_Driver/Src/stm32h7xx_hal.o
                0x08004038                HAL_InitTick
 .text.HAL_IncTick
                0x080040a4       0x28 ./Drivers/STM32H7xx_HAL_Driver/Src/stm32h7xx_hal.o
                0x080040a4                HAL_IncTick
 .text.HAL_GetTick
                0x080040cc       0x18 ./Drivers/STM32H7xx_HAL_Driver/Src/stm32h7xx_hal.o
                0x080040cc                HAL_GetTick
 .text.HAL_Delay
                0x080040e4       0x48 ./Drivers/STM32H7xx_HAL_Driver/Src/stm32h7xx_hal.o
                0x080040e4                HAL_Delay
 .text.HAL_GetREVID
                0x0800412c       0x18 ./Drivers/STM32H7xx_HAL_Driver/Src/stm32h7xx_hal.o
                0x0800412c                HAL_GetREVID
 .text.__NVIC_SetPriorityGrouping
                0x08004144       0x48 ./Drivers/STM32H7xx_HAL_Driver/Src/stm32h7xx_hal_cortex.o
 .text.__NVIC_GetPriorityGrouping
                0x0800418c       0x1c ./Drivers/STM32H7xx_HAL_Driver/Src/stm32h7xx_hal_cortex.o
 .text.__NVIC_EnableIRQ
                0x080041a8       0x3c ./Drivers/STM32H7xx_HAL_Driver/Src/stm32h7xx_hal_cortex.o
 .text.__NVIC_SetPriority
                0x080041e4       0x54 ./Drivers/STM32H7xx_HAL_Driver/Src/stm32h7xx_hal_cortex.o
 .text.NVIC_EncodePriority
                0x08004238       0x66 ./Drivers/STM32H7xx_HAL_Driver/Src/stm32h7xx_hal_cortex.o
 *fill*         0x0800429e        0x2 
 .text.SysTick_Config
                0x080042a0       0x44 ./Drivers/STM32H7xx_HAL_Driver/Src/stm32h7xx_hal_cortex.o
 .text.HAL_NVIC_SetPriorityGrouping
                0x080042e4       0x16 ./Drivers/STM32H7xx_HAL_Driver/Src/stm32h7xx_hal_cortex.o
                0x080042e4                HAL_NVIC_SetPriorityGrouping
 .text.HAL_NVIC_SetPriority
                0x080042fa       0x34 ./Drivers/STM32H7xx_HAL_Driver/Src/stm32h7xx_hal_cortex.o
                0x080042fa                HAL_NVIC_SetPriority
 .text.HAL_NVIC_EnableIRQ
                0x0800432e       0x1c ./Drivers/STM32H7xx_HAL_Driver/Src/stm32h7xx_hal_cortex.o
                0x0800432e                HAL_NVIC_EnableIRQ
 .text.HAL_SYSTICK_Config
                0x0800434a       0x18 ./Drivers/STM32H7xx_HAL_Driver/Src/stm32h7xx_hal_cortex.o
                0x0800434a                HAL_SYSTICK_Config
 *fill*         0x08004362        0x2 
 .text.HAL_GPIO_Init
                0x08004364      0x360 ./Drivers/STM32H7xx_HAL_Driver/Src/stm32h7xx_hal_gpio.o
                0x08004364                HAL_GPIO_Init
 .text.HAL_GPIO_ReadPin
                0x080046c4       0x30 ./Drivers/STM32H7xx_HAL_Driver/Src/stm32h7xx_hal_gpio.o
                0x080046c4                HAL_GPIO_ReadPin
 .text.HAL_GPIO_WritePin
                0x080046f4       0x32 ./Drivers/STM32H7xx_HAL_Driver/Src/stm32h7xx_hal_gpio.o
                0x080046f4                HAL_GPIO_WritePin
 *fill*         0x08004726        0x2 
 .text.HAL_I2S_Init
                0x08004728      0x244 ./Drivers/STM32H7xx_HAL_Driver/Src/stm32h7xx_hal_i2s.o
                0x08004728                HAL_I2S_Init
 .text.HAL_PWREx_ConfigSupply
                0x0800496c       0x74 ./Drivers/STM32H7xx_HAL_Driver/Src/stm32h7xx_hal_pwr_ex.o
                0x0800496c                HAL_PWREx_ConfigSupply
 .text.HAL_RCC_OscConfig
                0x080049e0      0x8b4 ./Drivers/STM32H7xx_HAL_Driver/Src/stm32h7xx_hal_rcc.o
                0x080049e0                HAL_RCC_OscConfig
 .text.HAL_RCC_ClockConfig
                0x08005294      0x36c ./Drivers/STM32H7xx_HAL_Driver/Src/stm32h7xx_hal_rcc.o
                0x08005294                HAL_RCC_ClockConfig
 .text.HAL_RCC_GetSysClockFreq
                0x08005600      0x2f4 ./Drivers/STM32H7xx_HAL_Driver/Src/stm32h7xx_hal_rcc.o
                0x08005600                HAL_RCC_GetSysClockFreq
 .text.HAL_RCC_GetHCLKFreq
                0x080058f4       0x60 ./Drivers/STM32H7xx_HAL_Driver/Src/stm32h7xx_hal_rcc.o
                0x080058f4                HAL_RCC_GetHCLKFreq
 .text.HAL_RCC_GetPCLK1Freq
                0x08005954       0x2c ./Drivers/STM32H7xx_HAL_Driver/Src/stm32h7xx_hal_rcc.o
                0x08005954                HAL_RCC_GetPCLK1Freq
 .text.HAL_RCCEx_PeriphCLKConfig
                0x08005980     0x1414 ./Drivers/STM32H7xx_HAL_Driver/Src/stm32h7xx_hal_rcc_ex.o
                0x08005980                HAL_RCCEx_PeriphCLKConfig
 .text.HAL_RCCEx_GetPeriphCLKFreq
                0x08006d94      0xb00 ./Drivers/STM32H7xx_HAL_Driver/Src/stm32h7xx_hal_rcc_ex.o
                0x08006d94                HAL_RCCEx_GetPeriphCLKFreq
 .text.HAL_RCCEx_GetD3PCLK1Freq
                0x08007894       0x2c ./Drivers/STM32H7xx_HAL_Driver/Src/stm32h7xx_hal_rcc_ex.o
                0x08007894                HAL_RCCEx_GetD3PCLK1Freq
 .text.HAL_RCCEx_GetPLL2ClockFreq
                0x080078c0      0x2a8 ./Drivers/STM32H7xx_HAL_Driver/Src/stm32h7xx_hal_rcc_ex.o
                0x080078c0                HAL_RCCEx_GetPLL2ClockFreq
 .text.HAL_RCCEx_GetPLL3ClockFreq
                0x08007b68      0x2a8 ./Drivers/STM32H7xx_HAL_Driver/Src/stm32h7xx_hal_rcc_ex.o
                0x08007b68                HAL_RCCEx_GetPLL3ClockFreq
 .text.HAL_RCCEx_GetPLL1ClockFreq
                0x08007e10      0x2a4 ./Drivers/STM32H7xx_HAL_Driver/Src/stm32h7xx_hal_rcc_ex.o
                0x08007e10                HAL_RCCEx_GetPLL1ClockFreq
 .text.RCCEx_PLL2_Config
                0x080080b4      0x164 ./Drivers/STM32H7xx_HAL_Driver/Src/stm32h7xx_hal_rcc_ex.o
 .text.RCCEx_PLL3_Config
                0x08008218      0x164 ./Drivers/STM32H7xx_HAL_Driver/Src/stm32h7xx_hal_rcc_ex.o
 .text.HAL_SPI_Init
                0x0800837c      0x248 ./Drivers/STM32H7xx_HAL_Driver/Src/stm32h7xx_hal_spi.o
                0x0800837c                HAL_SPI_Init
 .text.HAL_SPI_Transmit
                0x080085c4      0x3dc ./Drivers/STM32H7xx_HAL_Driver/Src/stm32h7xx_hal_spi.o
                0x080085c4                HAL_SPI_Transmit
 .text.HAL_SPI_Receive
                0x080089a0      0x4e4 ./Drivers/STM32H7xx_HAL_Driver/Src/stm32h7xx_hal_spi.o
                0x080089a0                HAL_SPI_Receive
 .text.HAL_SPI_TransmitReceive
                0x08008e84      0x674 ./Drivers/STM32H7xx_HAL_Driver/Src/stm32h7xx_hal_spi.o
                0x08008e84                HAL_SPI_TransmitReceive
 .text.SPI_CloseTransfer
                0x080094f8      0x140 ./Drivers/STM32H7xx_HAL_Driver/Src/stm32h7xx_hal_spi.o
 .text.SPI_WaitOnFlagUntilTimeout
                0x08009638       0x5c ./Drivers/STM32H7xx_HAL_Driver/Src/stm32h7xx_hal_spi.o
 .text.SPI_GetPacketSize
                0x08009694       0x36 ./Drivers/STM32H7xx_HAL_Driver/Src/stm32h7xx_hal_spi.o
 .text.HAL_TIM_Base_Init
                0x080096ca       0xae ./Drivers/STM32H7xx_HAL_Driver/Src/stm32h7xx_hal_tim.o
                0x080096ca                HAL_TIM_Base_Init
 .text.HAL_TIM_Base_Start_IT
                0x08009778       0xf0 ./Drivers/STM32H7xx_HAL_Driver/Src/stm32h7xx_hal_tim.o
                0x08009778                HAL_TIM_Base_Start_IT
 .text.HAL_TIM_Base_Stop_IT
                0x08009868       0x5e ./Drivers/STM32H7xx_HAL_Driver/Src/stm32h7xx_hal_tim.o
                0x08009868                HAL_TIM_Base_Stop_IT
 .text.HAL_TIM_IRQHandler
                0x080098c6      0x20e ./Drivers/STM32H7xx_HAL_Driver/Src/stm32h7xx_hal_tim.o
                0x080098c6                HAL_TIM_IRQHandler
 .text.HAL_TIM_PeriodElapsedCallback
                0x08009ad4       0x14 ./Drivers/STM32H7xx_HAL_Driver/Src/stm32h7xx_hal_tim.o
                0x08009ad4                HAL_TIM_PeriodElapsedCallback
 .text.HAL_TIM_OC_DelayElapsedCallback
                0x08009ae8       0x14 ./Drivers/STM32H7xx_HAL_Driver/Src/stm32h7xx_hal_tim.o
                0x08009ae8                HAL_TIM_OC_DelayElapsedCallback
 .text.HAL_TIM_IC_CaptureCallback
                0x08009afc       0x14 ./Drivers/STM32H7xx_HAL_Driver/Src/stm32h7xx_hal_tim.o
                0x08009afc                HAL_TIM_IC_CaptureCallback
 .text.HAL_TIM_PWM_PulseFinishedCallback
                0x08009b10       0x14 ./Drivers/STM32H7xx_HAL_Driver/Src/stm32h7xx_hal_tim.o
                0x08009b10                HAL_TIM_PWM_PulseFinishedCallback
 .text.HAL_TIM_TriggerCallback
                0x08009b24       0x14 ./Drivers/STM32H7xx_HAL_Driver/Src/stm32h7xx_hal_tim.o
                0x08009b24                HAL_TIM_TriggerCallback
 .text.TIM_Base_SetConfig
                0x08009b38      0x14c ./Drivers/STM32H7xx_HAL_Driver/Src/stm32h7xx_hal_tim.o
                0x08009b38                TIM_Base_SetConfig
 .text.HAL_TIMEx_MasterConfigSynchronization
                0x08009c84      0x11c ./Drivers/STM32H7xx_HAL_Driver/Src/stm32h7xx_hal_tim_ex.o
                0x08009c84                HAL_TIMEx_MasterConfigSynchronization
 .text.HAL_TIMEx_CommutCallback
                0x08009da0       0x14 ./Drivers/STM32H7xx_HAL_Driver/Src/stm32h7xx_hal_tim_ex.o
                0x08009da0                HAL_TIMEx_CommutCallback
 .text.HAL_TIMEx_BreakCallback
                0x08009db4       0x14 ./Drivers/STM32H7xx_HAL_Driver/Src/stm32h7xx_hal_tim_ex.o
                0x08009db4                HAL_TIMEx_BreakCallback
 .text.HAL_TIMEx_Break2Callback
                0x08009dc8       0x14 ./Drivers/STM32H7xx_HAL_Driver/Src/stm32h7xx_hal_tim_ex.o
                0x08009dc8                HAL_TIMEx_Break2Callback
 .text.MX_FATFS_Init
                0x08009ddc       0x24 ./FATFS/App/fatfs.o
                0x08009ddc                MX_FATFS_Init
 .text.get_fattime
                0x08009e00       0x10 ./FATFS/App/fatfs.o
                0x08009e00                get_fattime
 .text.USER_initialize
                0x08009e10       0x1c ./FATFS/Target/user_diskio.o
                0x08009e10                USER_initialize
 .text.USER_status
                0x08009e2c       0x1c ./FATFS/Target/user_diskio.o
                0x08009e2c                USER_status
 .text.USER_read
                0x08009e48       0x26 ./FATFS/Target/user_diskio.o
                0x08009e48                USER_read
 .text.USER_write
                0x08009e6e       0x26 ./FATFS/Target/user_diskio.o
                0x08009e6e                USER_write
 .text.USER_ioctl
                0x08009e94       0x26 ./FATFS/Target/user_diskio.o
                0x08009e94                USER_ioctl
 .text.Set_SPI_BaudRate
                0x08009eba       0x4c ./FATFS/Target/user_diskio_spi.o
                0x08009eba                Set_SPI_BaudRate
 *fill*         0x08009f06        0x2 
 .text.SPI_Timer_On
                0x08009f08       0x28 ./FATFS/Target/user_diskio_spi.o
                0x08009f08                SPI_Timer_On
 .text.SPI_Timer_Status
                0x08009f30       0x2c ./FATFS/Target/user_diskio_spi.o
                0x08009f30                SPI_Timer_Status
 .text.xchg_spi
                0x08009f5c       0x2c ./FATFS/Target/user_diskio_spi.o
 .text.rcvr_spi_multi
                0x08009f88       0x38 ./FATFS/Target/user_diskio_spi.o
 .text.xmit_spi_multi
                0x08009fc0       0x28 ./FATFS/Target/user_diskio_spi.o
 .text.wait_ready
                0x08009fe8       0x46 ./FATFS/Target/user_diskio_spi.o
 *fill*         0x0800a02e        0x2 
 .text.despiselect
                0x0800a030       0x20 ./FATFS/Target/user_diskio_spi.o
 .text.spiselect
                0x0800a050       0x38 ./FATFS/Target/user_diskio_spi.o
 .text.rcvr_datablock
                0x0800a088       0x52 ./FATFS/Target/user_diskio_spi.o
 .text.xmit_datablock
                0x0800a0da       0x64 ./FATFS/Target/user_diskio_spi.o
 .text.send_cmd
                0x0800a13e       0xde ./FATFS/Target/user_diskio_spi.o
 .text.USER_SPI_initialize
                0x0800a21c      0x1c4 ./FATFS/Target/user_diskio_spi.o
                0x0800a21c                USER_SPI_initialize
 .text.USER_SPI_status
                0x0800a3e0       0x2c ./FATFS/Target/user_diskio_spi.o
                0x0800a3e0                USER_SPI_status
 .text.USER_SPI_read
                0x0800a40c       0xcc ./FATFS/Target/user_diskio_spi.o
                0x0800a40c                USER_SPI_read
 .text.USER_SPI_write
                0x0800a4d8       0xf8 ./FATFS/Target/user_diskio_spi.o
                0x0800a4d8                USER_SPI_write
 .text.USER_SPI_ioctl
                0x0800a5d0      0x2e0 ./FATFS/Target/user_diskio_spi.o
                0x0800a5d0                USER_SPI_ioctl
 .text.disk_status
                0x0800a8b0       0x34 ./Middlewares/Third_Party/FatFs/src/diskio.o
                0x0800a8b0                disk_status
 .text.disk_initialize
                0x0800a8e4       0x50 ./Middlewares/Third_Party/FatFs/src/diskio.o
                0x0800a8e4                disk_initialize
 .text.disk_read
                0x0800a934       0x40 ./Middlewares/Third_Party/FatFs/src/diskio.o
                0x0800a934                disk_read
 .text.disk_write
                0x0800a974       0x40 ./Middlewares/Third_Party/FatFs/src/diskio.o
                0x0800a974                disk_write
 .text.disk_ioctl
                0x0800a9b4       0x3c ./Middlewares/Third_Party/FatFs/src/diskio.o
                0x0800a9b4                disk_ioctl
 .text.ld_word  0x0800a9f0       0x30 ./Middlewares/Third_Party/FatFs/src/ff.o
 .text.ld_dword
                0x0800aa20       0x46 ./Middlewares/Third_Party/FatFs/src/ff.o
 .text.st_word  0x0800aa66       0x36 ./Middlewares/Third_Party/FatFs/src/ff.o
 .text.st_dword
                0x0800aa9c       0x58 ./Middlewares/Third_Party/FatFs/src/ff.o
 .text.mem_cpy  0x0800aaf4       0x42 ./Middlewares/Third_Party/FatFs/src/ff.o
 .text.mem_set  0x0800ab36       0x36 ./Middlewares/Third_Party/FatFs/src/ff.o
 .text.mem_cmp  0x0800ab6c       0x4e ./Middlewares/Third_Party/FatFs/src/ff.o
 .text.chk_chr  0x0800abba       0x36 ./Middlewares/Third_Party/FatFs/src/ff.o
 .text.chk_lock
                0x0800abf0       0xb8 ./Middlewares/Third_Party/FatFs/src/ff.o
 .text.enq_lock
                0x0800aca8       0x44 ./Middlewares/Third_Party/FatFs/src/ff.o
 .text.inc_lock
                0x0800acec      0x11c ./Middlewares/Third_Party/FatFs/src/ff.o
 .text.dec_lock
                0x0800ae08       0x78 ./Middlewares/Third_Party/FatFs/src/ff.o
 .text.clear_lock
                0x0800ae80       0x48 ./Middlewares/Third_Party/FatFs/src/ff.o
 .text.sync_window
                0x0800aec8       0x88 ./Middlewares/Third_Party/FatFs/src/ff.o
 .text.move_window
                0x0800af50       0x5a ./Middlewares/Third_Party/FatFs/src/ff.o
 *fill*         0x0800afaa        0x2 
 .text.sync_fs  0x0800afac       0xdc ./Middlewares/Third_Party/FatFs/src/ff.o
 .text.clust2sect
                0x0800b088       0x3e ./Middlewares/Third_Party/FatFs/src/ff.o
 .text.get_fat  0x0800b0c6      0x14e ./Middlewares/Third_Party/FatFs/src/ff.o
 .text.put_fat  0x0800b214      0x1d4 ./Middlewares/Third_Party/FatFs/src/ff.o
 .text.remove_chain
                0x0800b3e8       0xca ./Middlewares/Third_Party/FatFs/src/ff.o
 .text.create_chain
                0x0800b4b2      0x130 ./Middlewares/Third_Party/FatFs/src/ff.o
 .text.clmt_clust
                0x0800b5e2       0x68 ./Middlewares/Third_Party/FatFs/src/ff.o
 .text.dir_sdi  0x0800b64a       0xf6 ./Middlewares/Third_Party/FatFs/src/ff.o
 .text.dir_next
                0x0800b740      0x18a ./Middlewares/Third_Party/FatFs/src/ff.o
 .text.dir_alloc
                0x0800b8ca       0x8e ./Middlewares/Third_Party/FatFs/src/ff.o
 .text.ld_clust
                0x0800b958       0x3e ./Middlewares/Third_Party/FatFs/src/ff.o
 .text.st_clust
                0x0800b996       0x40 ./Middlewares/Third_Party/FatFs/src/ff.o
 .text.dir_find
                0x0800b9d6       0xaa ./Middlewares/Third_Party/FatFs/src/ff.o
 .text.dir_register
                0x0800ba80       0x64 ./Middlewares/Third_Party/FatFs/src/ff.o
 .text.create_name
                0x0800bae4      0x128 ./Middlewares/Third_Party/FatFs/src/ff.o
 .text.follow_path
                0x0800bc0c       0xe2 ./Middlewares/Third_Party/FatFs/src/ff.o
 .text.get_ldnumber
                0x0800bcee       0x88 ./Middlewares/Third_Party/FatFs/src/ff.o
 *fill*         0x0800bd76        0x2 
 .text.check_fs
                0x0800bd78       0xac ./Middlewares/Third_Party/FatFs/src/ff.o
 .text.find_volume
                0x0800be24      0x498 ./Middlewares/Third_Party/FatFs/src/ff.o
 .text.validate
                0x0800c2bc       0x6a ./Middlewares/Third_Party/FatFs/src/ff.o
 *fill*         0x0800c326        0x2 
 .text.f_mount  0x0800c328       0x8c ./Middlewares/Third_Party/FatFs/src/ff.o
                0x0800c328                f_mount
 .text.f_open   0x0800c3b4      0x374 ./Middlewares/Third_Party/FatFs/src/ff.o
                0x0800c3b4                f_open
 .text.f_read   0x0800c728      0x27e ./Middlewares/Third_Party/FatFs/src/ff.o
                0x0800c728                f_read
 .text.f_sync   0x0800c9a6       0xfc ./Middlewares/Third_Party/FatFs/src/ff.o
                0x0800c9a6                f_sync
 .text.f_close  0x0800caa2       0x54 ./Middlewares/Third_Party/FatFs/src/ff.o
                0x0800caa2                f_close
 .text.f_gets   0x0800caf6       0x7c ./Middlewares/Third_Party/FatFs/src/ff.o
                0x0800caf6                f_gets
 *fill*         0x0800cb72        0x2 
 .text.FATFS_LinkDriverEx
                0x0800cb74       0x98 ./Middlewares/Third_Party/FatFs/src/ff_gen_drv.o
                0x0800cb74                FATFS_LinkDriverEx
 .text.FATFS_LinkDriver
                0x0800cc0c       0x1e ./Middlewares/Third_Party/FatFs/src/ff_gen_drv.o
                0x0800cc0c                FATFS_LinkDriver
 .text.atof     0x0800cc2a        0x6 C:/ST/STM32CubeIDE_1.16.0/STM32CubeIDE/plugins/com.st.stm32cube.ide.mcu.externaltools.gnu-tools-for-stm32.12.3.rel1.win32_1.0.200.202406191623/tools/bin/../lib/gcc/arm-none-eabi/12.3.1/../../../../arm-none-eabi/lib/thumb/v7e-m+dp/hard\libc_nano.a(libc_a-atof.o)
                0x0800cc2a                atof
 .text.sulp     0x0800cc30       0x34 C:/ST/STM32CubeIDE_1.16.0/STM32CubeIDE/plugins/com.st.stm32cube.ide.mcu.externaltools.gnu-tools-for-stm32.12.3.rel1.win32_1.0.200.202406191623/tools/bin/../lib/gcc/arm-none-eabi/12.3.1/../../../../arm-none-eabi/lib/thumb/v7e-m+dp/hard\libc_nano.a(libc_a-strtod.o)
 *fill*         0x0800cc64        0x4 
 .text._strtod_l
                0x0800cc68      0xb2c C:/ST/STM32CubeIDE_1.16.0/STM32CubeIDE/plugins/com.st.stm32cube.ide.mcu.externaltools.gnu-tools-for-stm32.12.3.rel1.win32_1.0.200.202406191623/tools/bin/../lib/gcc/arm-none-eabi/12.3.1/../../../../arm-none-eabi/lib/thumb/v7e-m+dp/hard\libc_nano.a(libc_a-strtod.o)
                0x0800cc68                _strtod_l
 .text.strtod   0x0800d794       0x18 C:/ST/STM32CubeIDE_1.16.0/STM32CubeIDE/plugins/com.st.stm32cube.ide.mcu.externaltools.gnu-tools-for-stm32.12.3.rel1.win32_1.0.200.202406191623/tools/bin/../lib/gcc/arm-none-eabi/12.3.1/../../../../arm-none-eabi/lib/thumb/v7e-m+dp/hard\libc_nano.a(libc_a-strtod.o)
                0x0800d794                strtod
 .text.std      0x0800d7ac       0x6c C:/ST/STM32CubeIDE_1.16.0/STM32CubeIDE/plugins/com.st.stm32cube.ide.mcu.externaltools.gnu-tools-for-stm32.12.3.rel1.win32_1.0.200.202406191623/tools/bin/../lib/gcc/arm-none-eabi/12.3.1/../../../../arm-none-eabi/lib/thumb/v7e-m+dp/hard\libc_nano.a(libc_a-findfp.o)
 .text.stdio_exit_handler
                0x0800d818       0x18 C:/ST/STM32CubeIDE_1.16.0/STM32CubeIDE/plugins/com.st.stm32cube.ide.mcu.externaltools.gnu-tools-for-stm32.12.3.rel1.win32_1.0.200.202406191623/tools/bin/../lib/gcc/arm-none-eabi/12.3.1/../../../../arm-none-eabi/lib/thumb/v7e-m+dp/hard\libc_nano.a(libc_a-findfp.o)
 .text.cleanup_stdio
                0x0800d830       0x40 C:/ST/STM32CubeIDE_1.16.0/STM32CubeIDE/plugins/com.st.stm32cube.ide.mcu.externaltools.gnu-tools-for-stm32.12.3.rel1.win32_1.0.200.202406191623/tools/bin/../lib/gcc/arm-none-eabi/12.3.1/../../../../arm-none-eabi/lib/thumb/v7e-m+dp/hard\libc_nano.a(libc_a-findfp.o)
 .text.global_stdio_init.part.0
                0x0800d870       0x3c C:/ST/STM32CubeIDE_1.16.0/STM32CubeIDE/plugins/com.st.stm32cube.ide.mcu.externaltools.gnu-tools-for-stm32.12.3.rel1.win32_1.0.200.202406191623/tools/bin/../lib/gcc/arm-none-eabi/12.3.1/../../../../arm-none-eabi/lib/thumb/v7e-m+dp/hard\libc_nano.a(libc_a-findfp.o)
 .text.__sfp_lock_acquire
                0x0800d8ac        0xc C:/ST/STM32CubeIDE_1.16.0/STM32CubeIDE/plugins/com.st.stm32cube.ide.mcu.externaltools.gnu-tools-for-stm32.12.3.rel1.win32_1.0.200.202406191623/tools/bin/../lib/gcc/arm-none-eabi/12.3.1/../../../../arm-none-eabi/lib/thumb/v7e-m+dp/hard\libc_nano.a(libc_a-findfp.o)
                0x0800d8ac                __sfp_lock_acquire
 .text.__sfp_lock_release
                0x0800d8b8        0xc C:/ST/STM32CubeIDE_1.16.0/STM32CubeIDE/plugins/com.st.stm32cube.ide.mcu.externaltools.gnu-tools-for-stm32.12.3.rel1.win32_1.0.200.202406191623/tools/bin/../lib/gcc/arm-none-eabi/12.3.1/../../../../arm-none-eabi/lib/thumb/v7e-m+dp/hard\libc_nano.a(libc_a-findfp.o)
                0x0800d8b8                __sfp_lock_release
 .text.__sinit  0x0800d8c4       0x30 C:/ST/STM32CubeIDE_1.16.0/STM32CubeIDE/plugins/com.st.stm32cube.ide.mcu.externaltools.gnu-tools-for-stm32.12.3.rel1.win32_1.0.200.202406191623/tools/bin/../lib/gcc/arm-none-eabi/12.3.1/../../../../arm-none-eabi/lib/thumb/v7e-m+dp/hard\libc_nano.a(libc_a-findfp.o)
                0x0800d8c4                __sinit
 .text._fwalk_sglue
                0x0800d8f4       0x3c C:/ST/STM32CubeIDE_1.16.0/STM32CubeIDE/plugins/com.st.stm32cube.ide.mcu.externaltools.gnu-tools-for-stm32.12.3.rel1.win32_1.0.200.202406191623/tools/bin/../lib/gcc/arm-none-eabi/12.3.1/../../../../arm-none-eabi/lib/thumb/v7e-m+dp/hard\libc_nano.a(libc_a-fwalk.o)
                0x0800d8f4                _fwalk_sglue
 .text.sprintf  0x0800d930       0x40 C:/ST/STM32CubeIDE_1.16.0/STM32CubeIDE/plugins/com.st.stm32cube.ide.mcu.externaltools.gnu-tools-for-stm32.12.3.rel1.win32_1.0.200.202406191623/tools/bin/../lib/gcc/arm-none-eabi/12.3.1/../../../../arm-none-eabi/lib/thumb/v7e-m+dp/hard\libc_nano.a(libc_a-sprintf.o)
                0x0800d930                siprintf
                0x0800d930                sprintf
 .text.__sread  0x0800d970       0x22 C:/ST/STM32CubeIDE_1.16.0/STM32CubeIDE/plugins/com.st.stm32cube.ide.mcu.externaltools.gnu-tools-for-stm32.12.3.rel1.win32_1.0.200.202406191623/tools/bin/../lib/gcc/arm-none-eabi/12.3.1/../../../../arm-none-eabi/lib/thumb/v7e-m+dp/hard\libc_nano.a(libc_a-stdio.o)
                0x0800d970                __sread
 .text.__swrite
                0x0800d992       0x38 C:/ST/STM32CubeIDE_1.16.0/STM32CubeIDE/plugins/com.st.stm32cube.ide.mcu.externaltools.gnu-tools-for-stm32.12.3.rel1.win32_1.0.200.202406191623/tools/bin/../lib/gcc/arm-none-eabi/12.3.1/../../../../arm-none-eabi/lib/thumb/v7e-m+dp/hard\libc_nano.a(libc_a-stdio.o)
                0x0800d992                __swrite
 .text.__sseek  0x0800d9ca       0x24 C:/ST/STM32CubeIDE_1.16.0/STM32CubeIDE/plugins/com.st.stm32cube.ide.mcu.externaltools.gnu-tools-for-stm32.12.3.rel1.win32_1.0.200.202406191623/tools/bin/../lib/gcc/arm-none-eabi/12.3.1/../../../../arm-none-eabi/lib/thumb/v7e-m+dp/hard\libc_nano.a(libc_a-stdio.o)
                0x0800d9ca                __sseek
 .text.__sclose
                0x0800d9ee        0x8 C:/ST/STM32CubeIDE_1.16.0/STM32CubeIDE/plugins/com.st.stm32cube.ide.mcu.externaltools.gnu-tools-for-stm32.12.3.rel1.win32_1.0.200.202406191623/tools/bin/../lib/gcc/arm-none-eabi/12.3.1/../../../../arm-none-eabi/lib/thumb/v7e-m+dp/hard\libc_nano.a(libc_a-stdio.o)
                0x0800d9ee                __sclose
 .text.memset   0x0800d9f6       0x10 C:/ST/STM32CubeIDE_1.16.0/STM32CubeIDE/plugins/com.st.stm32cube.ide.mcu.externaltools.gnu-tools-for-stm32.12.3.rel1.win32_1.0.200.202406191623/tools/bin/../lib/gcc/arm-none-eabi/12.3.1/../../../../arm-none-eabi/lib/thumb/v7e-m+dp/hard\libc_nano.a(libc_a-memset.o)
                0x0800d9f6                memset
 .text.strncmp  0x0800da06       0x24 C:/ST/STM32CubeIDE_1.16.0/STM32CubeIDE/plugins/com.st.stm32cube.ide.mcu.externaltools.gnu-tools-for-stm32.12.3.rel1.win32_1.0.200.202406191623/tools/bin/../lib/gcc/arm-none-eabi/12.3.1/../../../../arm-none-eabi/lib/thumb/v7e-m+dp/hard\libc_nano.a(libc_a-strncmp.o)
                0x0800da06                strncmp
 .text.strncpy  0x0800da2a       0x26 C:/ST/STM32CubeIDE_1.16.0/STM32CubeIDE/plugins/com.st.stm32cube.ide.mcu.externaltools.gnu-tools-for-stm32.12.3.rel1.win32_1.0.200.202406191623/tools/bin/../lib/gcc/arm-none-eabi/12.3.1/../../../../arm-none-eabi/lib/thumb/v7e-m+dp/hard\libc_nano.a(libc_a-strncpy.o)
                0x0800da2a                strncpy
 .text.strtok   0x0800da50       0x68 C:/ST/STM32CubeIDE_1.16.0/STM32CubeIDE/plugins/com.st.stm32cube.ide.mcu.externaltools.gnu-tools-for-stm32.12.3.rel1.win32_1.0.200.202406191623/tools/bin/../lib/gcc/arm-none-eabi/12.3.1/../../../../arm-none-eabi/lib/thumb/v7e-m+dp/hard\libc_nano.a(libc_a-strtok.o)
                0x0800da50                strtok
 .text.__strtok_r
                0x0800dab8       0x50 C:/ST/STM32CubeIDE_1.16.0/STM32CubeIDE/plugins/com.st.stm32cube.ide.mcu.externaltools.gnu-tools-for-stm32.12.3.rel1.win32_1.0.200.202406191623/tools/bin/../lib/gcc/arm-none-eabi/12.3.1/../../../../arm-none-eabi/lib/thumb/v7e-m+dp/hard\libc_nano.a(libc_a-strtok_r.o)
                0x0800dab8                __strtok_r
 .text._close_r
                0x0800db08       0x20 C:/ST/STM32CubeIDE_1.16.0/STM32CubeIDE/plugins/com.st.stm32cube.ide.mcu.externaltools.gnu-tools-for-stm32.12.3.rel1.win32_1.0.200.202406191623/tools/bin/../lib/gcc/arm-none-eabi/12.3.1/../../../../arm-none-eabi/lib/thumb/v7e-m+dp/hard\libc_nano.a(libc_a-closer.o)
                0x0800db08                _close_r
 .text._lseek_r
                0x0800db28       0x24 C:/ST/STM32CubeIDE_1.16.0/STM32CubeIDE/plugins/com.st.stm32cube.ide.mcu.externaltools.gnu-tools-for-stm32.12.3.rel1.win32_1.0.200.202406191623/tools/bin/../lib/gcc/arm-none-eabi/12.3.1/../../../../arm-none-eabi/lib/thumb/v7e-m+dp/hard\libc_nano.a(libc_a-lseekr.o)
                0x0800db28                _lseek_r
 .text._read_r  0x0800db4c       0x24 C:/ST/STM32CubeIDE_1.16.0/STM32CubeIDE/plugins/com.st.stm32cube.ide.mcu.externaltools.gnu-tools-for-stm32.12.3.rel1.win32_1.0.200.202406191623/tools/bin/../lib/gcc/arm-none-eabi/12.3.1/../../../../arm-none-eabi/lib/thumb/v7e-m+dp/hard\libc_nano.a(libc_a-readr.o)
                0x0800db4c                _read_r
 .text._write_r
                0x0800db70       0x24 C:/ST/STM32CubeIDE_1.16.0/STM32CubeIDE/plugins/com.st.stm32cube.ide.mcu.externaltools.gnu-tools-for-stm32.12.3.rel1.win32_1.0.200.202406191623/tools/bin/../lib/gcc/arm-none-eabi/12.3.1/../../../../arm-none-eabi/lib/thumb/v7e-m+dp/hard\libc_nano.a(libc_a-writer.o)
                0x0800db70                _write_r
 .text.__errno  0x0800db94        0xc C:/ST/STM32CubeIDE_1.16.0/STM32CubeIDE/plugins/com.st.stm32cube.ide.mcu.externaltools.gnu-tools-for-stm32.12.3.rel1.win32_1.0.200.202406191623/tools/bin/../lib/gcc/arm-none-eabi/12.3.1/../../../../arm-none-eabi/lib/thumb/v7e-m+dp/hard\libc_nano.a(libc_a-errno.o)
                0x0800db94                __errno
 .text.__libc_init_array
                0x0800dba0       0x48 C:/ST/STM32CubeIDE_1.16.0/STM32CubeIDE/plugins/com.st.stm32cube.ide.mcu.externaltools.gnu-tools-for-stm32.12.3.rel1.win32_1.0.200.202406191623/tools/bin/../lib/gcc/arm-none-eabi/12.3.1/../../../../arm-none-eabi/lib/thumb/v7e-m+dp/hard\libc_nano.a(libc_a-init.o)
                0x0800dba0                __libc_init_array
 .text.__retarget_lock_init_recursive
                0x0800dbe8        0x2 C:/ST/STM32CubeIDE_1.16.0/STM32CubeIDE/plugins/com.st.stm32cube.ide.mcu.externaltools.gnu-tools-for-stm32.12.3.rel1.win32_1.0.200.202406191623/tools/bin/../lib/gcc/arm-none-eabi/12.3.1/../../../../arm-none-eabi/lib/thumb/v7e-m+dp/hard\libc_nano.a(libc_a-lock.o)
                0x0800dbe8                __retarget_lock_init_recursive
 .text.__retarget_lock_acquire_recursive
                0x0800dbea        0x2 C:/ST/STM32CubeIDE_1.16.0/STM32CubeIDE/plugins/com.st.stm32cube.ide.mcu.externaltools.gnu-tools-for-stm32.12.3.rel1.win32_1.0.200.202406191623/tools/bin/../lib/gcc/arm-none-eabi/12.3.1/../../../../arm-none-eabi/lib/thumb/v7e-m+dp/hard\libc_nano.a(libc_a-lock.o)
                0x0800dbea                __retarget_lock_acquire_recursive
 .text.__retarget_lock_release_recursive
                0x0800dbec        0x2 C:/ST/STM32CubeIDE_1.16.0/STM32CubeIDE/plugins/com.st.stm32cube.ide.mcu.externaltools.gnu-tools-for-stm32.12.3.rel1.win32_1.0.200.202406191623/tools/bin/../lib/gcc/arm-none-eabi/12.3.1/../../../../arm-none-eabi/lib/thumb/v7e-m+dp/hard\libc_nano.a(libc_a-lock.o)
                0x0800dbec                __retarget_lock_release_recursive
 .text.memcpy   0x0800dbee       0x1c C:/ST/STM32CubeIDE_1.16.0/STM32CubeIDE/plugins/com.st.stm32cube.ide.mcu.externaltools.gnu-tools-for-stm32.12.3.rel1.win32_1.0.200.202406191623/tools/bin/../lib/gcc/arm-none-eabi/12.3.1/../../../../arm-none-eabi/lib/thumb/v7e-m+dp/hard\libc_nano.a(libc_a-memcpy-stub.o)
                0x0800dbee                memcpy
 *fill*         0x0800dc0a        0x6 
 .text.nan      0x0800dc10       0x10 C:/ST/STM32CubeIDE_1.16.0/STM32CubeIDE/plugins/com.st.stm32cube.ide.mcu.externaltools.gnu-tools-for-stm32.12.3.rel1.win32_1.0.200.202406191623/tools/bin/../lib/gcc/arm-none-eabi/12.3.1/../../../../arm-none-eabi/lib/thumb/v7e-m+dp/hard\libc_nano.a(libm_a-s_nan.o)
                0x0800dc10                nan
 .text.__assert_func
                0x0800dc20       0x3c C:/ST/STM32CubeIDE_1.16.0/STM32CubeIDE/plugins/com.st.stm32cube.ide.mcu.externaltools.gnu-tools-for-stm32.12.3.rel1.win32_1.0.200.202406191623/tools/bin/../lib/gcc/arm-none-eabi/12.3.1/../../../../arm-none-eabi/lib/thumb/v7e-m+dp/hard\libc_nano.a(libc_a-assert.o)
                0x0800dc20                __assert_func
 .text._free_r  0x0800dc5c       0x94 C:/ST/STM32CubeIDE_1.16.0/STM32CubeIDE/plugins/com.st.stm32cube.ide.mcu.externaltools.gnu-tools-for-stm32.12.3.rel1.win32_1.0.200.202406191623/tools/bin/../lib/gcc/arm-none-eabi/12.3.1/../../../../arm-none-eabi/lib/thumb/v7e-m+dp/hard\libc_nano.a(libc_a-freer.o)
                0x0800dc5c                _free_r
 .text.rshift   0x0800dcf0       0xa4 C:/ST/STM32CubeIDE_1.16.0/STM32CubeIDE/plugins/com.st.stm32cube.ide.mcu.externaltools.gnu-tools-for-stm32.12.3.rel1.win32_1.0.200.202406191623/tools/bin/../lib/gcc/arm-none-eabi/12.3.1/../../../../arm-none-eabi/lib/thumb/v7e-m+dp/hard\libc_nano.a(libc_a-gdtoa-gethex.o)
 .text.__hexdig_fun
                0x0800dd94       0x2a C:/ST/STM32CubeIDE_1.16.0/STM32CubeIDE/plugins/com.st.stm32cube.ide.mcu.externaltools.gnu-tools-for-stm32.12.3.rel1.win32_1.0.200.202406191623/tools/bin/../lib/gcc/arm-none-eabi/12.3.1/../../../../arm-none-eabi/lib/thumb/v7e-m+dp/hard\libc_nano.a(libc_a-gdtoa-gethex.o)
                0x0800dd94                __hexdig_fun
 *fill*         0x0800ddbe        0x2 
 .text.__gethex
                0x0800ddc0      0x420 C:/ST/STM32CubeIDE_1.16.0/STM32CubeIDE/plugins/com.st.stm32cube.ide.mcu.externaltools.gnu-tools-for-stm32.12.3.rel1.win32_1.0.200.202406191623/tools/bin/../lib/gcc/arm-none-eabi/12.3.1/../../../../arm-none-eabi/lib/thumb/v7e-m+dp/hard\libc_nano.a(libc_a-gdtoa-gethex.o)
                0x0800ddc0                __gethex
 .text.L_shift  0x0800e1e0       0x24 C:/ST/STM32CubeIDE_1.16.0/STM32CubeIDE/plugins/com.st.stm32cube.ide.mcu.externaltools.gnu-tools-for-stm32.12.3.rel1.win32_1.0.200.202406191623/tools/bin/../lib/gcc/arm-none-eabi/12.3.1/../../../../arm-none-eabi/lib/thumb/v7e-m+dp/hard\libc_nano.a(libc_a-gdtoa-hexnan.o)
 .text.__match  0x0800e204       0x28 C:/ST/STM32CubeIDE_1.16.0/STM32CubeIDE/plugins/com.st.stm32cube.ide.mcu.externaltools.gnu-tools-for-stm32.12.3.rel1.win32_1.0.200.202406191623/tools/bin/../lib/gcc/arm-none-eabi/12.3.1/../../../../arm-none-eabi/lib/thumb/v7e-m+dp/hard\libc_nano.a(libc_a-gdtoa-hexnan.o)
                0x0800e204                __match
 .text.__hexnan
                0x0800e22c      0x136 C:/ST/STM32CubeIDE_1.16.0/STM32CubeIDE/plugins/com.st.stm32cube.ide.mcu.externaltools.gnu-tools-for-stm32.12.3.rel1.win32_1.0.200.202406191623/tools/bin/../lib/gcc/arm-none-eabi/12.3.1/../../../../arm-none-eabi/lib/thumb/v7e-m+dp/hard\libc_nano.a(libc_a-gdtoa-hexnan.o)
                0x0800e22c                __hexnan
 *fill*         0x0800e362        0x2 
 .text.malloc   0x0800e364       0x10 C:/ST/STM32CubeIDE_1.16.0/STM32CubeIDE/plugins/com.st.stm32cube.ide.mcu.externaltools.gnu-tools-for-stm32.12.3.rel1.win32_1.0.200.202406191623/tools/bin/../lib/gcc/arm-none-eabi/12.3.1/../../../../arm-none-eabi/lib/thumb/v7e-m+dp/hard\libc_nano.a(libc_a-malloc.o)
                0x0800e364                malloc
 .text.sbrk_aligned
                0x0800e374       0x44 C:/ST/STM32CubeIDE_1.16.0/STM32CubeIDE/plugins/com.st.stm32cube.ide.mcu.externaltools.gnu-tools-for-stm32.12.3.rel1.win32_1.0.200.202406191623/tools/bin/../lib/gcc/arm-none-eabi/12.3.1/../../../../arm-none-eabi/lib/thumb/v7e-m+dp/hard\libc_nano.a(libc_a-mallocr.o)
 .text._malloc_r
                0x0800e3b8      0x100 C:/ST/STM32CubeIDE_1.16.0/STM32CubeIDE/plugins/com.st.stm32cube.ide.mcu.externaltools.gnu-tools-for-stm32.12.3.rel1.win32_1.0.200.202406191623/tools/bin/../lib/gcc/arm-none-eabi/12.3.1/../../../../arm-none-eabi/lib/thumb/v7e-m+dp/hard\libc_nano.a(libc_a-mallocr.o)
                0x0800e3b8                _malloc_r
 .text.__ascii_mbtowc
                0x0800e4b8       0x24 C:/ST/STM32CubeIDE_1.16.0/STM32CubeIDE/plugins/com.st.stm32cube.ide.mcu.externaltools.gnu-tools-for-stm32.12.3.rel1.win32_1.0.200.202406191623/tools/bin/../lib/gcc/arm-none-eabi/12.3.1/../../../../arm-none-eabi/lib/thumb/v7e-m+dp/hard\libc_nano.a(libc_a-mbtowc_r.o)
                0x0800e4b8                __ascii_mbtowc
 .text.__malloc_lock
                0x0800e4dc        0xc C:/ST/STM32CubeIDE_1.16.0/STM32CubeIDE/plugins/com.st.stm32cube.ide.mcu.externaltools.gnu-tools-for-stm32.12.3.rel1.win32_1.0.200.202406191623/tools/bin/../lib/gcc/arm-none-eabi/12.3.1/../../../../arm-none-eabi/lib/thumb/v7e-m+dp/hard\libc_nano.a(libc_a-mlock.o)
                0x0800e4dc                __malloc_lock
 .text.__malloc_unlock
                0x0800e4e8        0xc C:/ST/STM32CubeIDE_1.16.0/STM32CubeIDE/plugins/com.st.stm32cube.ide.mcu.externaltools.gnu-tools-for-stm32.12.3.rel1.win32_1.0.200.202406191623/tools/bin/../lib/gcc/arm-none-eabi/12.3.1/../../../../arm-none-eabi/lib/thumb/v7e-m+dp/hard\libc_nano.a(libc_a-mlock.o)
                0x0800e4e8                __malloc_unlock
 .text._Balloc  0x0800e4f4       0x80 C:/ST/STM32CubeIDE_1.16.0/STM32CubeIDE/plugins/com.st.stm32cube.ide.mcu.externaltools.gnu-tools-for-stm32.12.3.rel1.win32_1.0.200.202406191623/tools/bin/../lib/gcc/arm-none-eabi/12.3.1/../../../../arm-none-eabi/lib/thumb/v7e-m+dp/hard\libc_nano.a(libc_a-mprec.o)
                0x0800e4f4                _Balloc
 .text._Bfree   0x0800e574       0x44 C:/ST/STM32CubeIDE_1.16.0/STM32CubeIDE/plugins/com.st.stm32cube.ide.mcu.externaltools.gnu-tools-for-stm32.12.3.rel1.win32_1.0.200.202406191623/tools/bin/../lib/gcc/arm-none-eabi/12.3.1/../../../../arm-none-eabi/lib/thumb/v7e-m+dp/hard\libc_nano.a(libc_a-mprec.o)
                0x0800e574                _Bfree
 .text.__multadd
                0x0800e5b8       0x8c C:/ST/STM32CubeIDE_1.16.0/STM32CubeIDE/plugins/com.st.stm32cube.ide.mcu.externaltools.gnu-tools-for-stm32.12.3.rel1.win32_1.0.200.202406191623/tools/bin/../lib/gcc/arm-none-eabi/12.3.1/../../../../arm-none-eabi/lib/thumb/v7e-m+dp/hard\libc_nano.a(libc_a-mprec.o)
                0x0800e5b8                __multadd
 .text.__s2b    0x0800e644       0x94 C:/ST/STM32CubeIDE_1.16.0/STM32CubeIDE/plugins/com.st.stm32cube.ide.mcu.externaltools.gnu-tools-for-stm32.12.3.rel1.win32_1.0.200.202406191623/tools/bin/../lib/gcc/arm-none-eabi/12.3.1/../../../../arm-none-eabi/lib/thumb/v7e-m+dp/hard\libc_nano.a(libc_a-mprec.o)
                0x0800e644                __s2b
 .text.__hi0bits
                0x0800e6d8       0x3e C:/ST/STM32CubeIDE_1.16.0/STM32CubeIDE/plugins/com.st.stm32cube.ide.mcu.externaltools.gnu-tools-for-stm32.12.3.rel1.win32_1.0.200.202406191623/tools/bin/../lib/gcc/arm-none-eabi/12.3.1/../../../../arm-none-eabi/lib/thumb/v7e-m+dp/hard\libc_nano.a(libc_a-mprec.o)
                0x0800e6d8                __hi0bits
 .text.__lo0bits
                0x0800e716       0x5a C:/ST/STM32CubeIDE_1.16.0/STM32CubeIDE/plugins/com.st.stm32cube.ide.mcu.externaltools.gnu-tools-for-stm32.12.3.rel1.win32_1.0.200.202406191623/tools/bin/../lib/gcc/arm-none-eabi/12.3.1/../../../../arm-none-eabi/lib/thumb/v7e-m+dp/hard\libc_nano.a(libc_a-mprec.o)
                0x0800e716                __lo0bits
 .text.__i2b    0x0800e770       0x2c C:/ST/STM32CubeIDE_1.16.0/STM32CubeIDE/plugins/com.st.stm32cube.ide.mcu.externaltools.gnu-tools-for-stm32.12.3.rel1.win32_1.0.200.202406191623/tools/bin/../lib/gcc/arm-none-eabi/12.3.1/../../../../arm-none-eabi/lib/thumb/v7e-m+dp/hard\libc_nano.a(libc_a-mprec.o)
                0x0800e770                __i2b
 .text.__multiply
                0x0800e79c      0x154 C:/ST/STM32CubeIDE_1.16.0/STM32CubeIDE/plugins/com.st.stm32cube.ide.mcu.externaltools.gnu-tools-for-stm32.12.3.rel1.win32_1.0.200.202406191623/tools/bin/../lib/gcc/arm-none-eabi/12.3.1/../../../../arm-none-eabi/lib/thumb/v7e-m+dp/hard\libc_nano.a(libc_a-mprec.o)
                0x0800e79c                __multiply
 .text.__pow5mult
                0x0800e8f0       0xb4 C:/ST/STM32CubeIDE_1.16.0/STM32CubeIDE/plugins/com.st.stm32cube.ide.mcu.externaltools.gnu-tools-for-stm32.12.3.rel1.win32_1.0.200.202406191623/tools/bin/../lib/gcc/arm-none-eabi/12.3.1/../../../../arm-none-eabi/lib/thumb/v7e-m+dp/hard\libc_nano.a(libc_a-mprec.o)
                0x0800e8f0                __pow5mult
 .text.__lshift
                0x0800e9a4       0xd8 C:/ST/STM32CubeIDE_1.16.0/STM32CubeIDE/plugins/com.st.stm32cube.ide.mcu.externaltools.gnu-tools-for-stm32.12.3.rel1.win32_1.0.200.202406191623/tools/bin/../lib/gcc/arm-none-eabi/12.3.1/../../../../arm-none-eabi/lib/thumb/v7e-m+dp/hard\libc_nano.a(libc_a-mprec.o)
                0x0800e9a4                __lshift
 .text.__mcmp   0x0800ea7c       0x36 C:/ST/STM32CubeIDE_1.16.0/STM32CubeIDE/plugins/com.st.stm32cube.ide.mcu.externaltools.gnu-tools-for-stm32.12.3.rel1.win32_1.0.200.202406191623/tools/bin/../lib/gcc/arm-none-eabi/12.3.1/../../../../arm-none-eabi/lib/thumb/v7e-m+dp/hard\libc_nano.a(libc_a-mprec.o)
                0x0800ea7c                __mcmp
 *fill*         0x0800eab2        0x2 
 .text.__mdiff  0x0800eab4      0x128 C:/ST/STM32CubeIDE_1.16.0/STM32CubeIDE/plugins/com.st.stm32cube.ide.mcu.externaltools.gnu-tools-for-stm32.12.3.rel1.win32_1.0.200.202406191623/tools/bin/../lib/gcc/arm-none-eabi/12.3.1/../../../../arm-none-eabi/lib/thumb/v7e-m+dp/hard\libc_nano.a(libc_a-mprec.o)
                0x0800eab4                __mdiff
 .text.__ulp    0x0800ebdc       0x4c C:/ST/STM32CubeIDE_1.16.0/STM32CubeIDE/plugins/com.st.stm32cube.ide.mcu.externaltools.gnu-tools-for-stm32.12.3.rel1.win32_1.0.200.202406191623/tools/bin/../lib/gcc/arm-none-eabi/12.3.1/../../../../arm-none-eabi/lib/thumb/v7e-m+dp/hard\libc_nano.a(libc_a-mprec.o)
                0x0800ebdc                __ulp
 .text.__b2d    0x0800ec28       0x94 C:/ST/STM32CubeIDE_1.16.0/STM32CubeIDE/plugins/com.st.stm32cube.ide.mcu.externaltools.gnu-tools-for-stm32.12.3.rel1.win32_1.0.200.202406191623/tools/bin/../lib/gcc/arm-none-eabi/12.3.1/../../../../arm-none-eabi/lib/thumb/v7e-m+dp/hard\libc_nano.a(libc_a-mprec.o)
                0x0800ec28                __b2d
 .text.__d2b    0x0800ecbc       0xb0 C:/ST/STM32CubeIDE_1.16.0/STM32CubeIDE/plugins/com.st.stm32cube.ide.mcu.externaltools.gnu-tools-for-stm32.12.3.rel1.win32_1.0.200.202406191623/tools/bin/../lib/gcc/arm-none-eabi/12.3.1/../../../../arm-none-eabi/lib/thumb/v7e-m+dp/hard\libc_nano.a(libc_a-mprec.o)
                0x0800ecbc                __d2b
 .text.__ratio  0x0800ed6c       0x5e C:/ST/STM32CubeIDE_1.16.0/STM32CubeIDE/plugins/com.st.stm32cube.ide.mcu.externaltools.gnu-tools-for-stm32.12.3.rel1.win32_1.0.200.202406191623/tools/bin/../lib/gcc/arm-none-eabi/12.3.1/../../../../arm-none-eabi/lib/thumb/v7e-m+dp/hard\libc_nano.a(libc_a-mprec.o)
                0x0800ed6c                __ratio
 .text.__copybits
                0x0800edca       0x46 C:/ST/STM32CubeIDE_1.16.0/STM32CubeIDE/plugins/com.st.stm32cube.ide.mcu.externaltools.gnu-tools-for-stm32.12.3.rel1.win32_1.0.200.202406191623/tools/bin/../lib/gcc/arm-none-eabi/12.3.1/../../../../arm-none-eabi/lib/thumb/v7e-m+dp/hard\libc_nano.a(libc_a-mprec.o)
                0x0800edca                __copybits
 .text.__any_on
                0x0800ee10       0x42 C:/ST/STM32CubeIDE_1.16.0/STM32CubeIDE/plugins/com.st.stm32cube.ide.mcu.externaltools.gnu-tools-for-stm32.12.3.rel1.win32_1.0.200.202406191623/tools/bin/../lib/gcc/arm-none-eabi/12.3.1/../../../../arm-none-eabi/lib/thumb/v7e-m+dp/hard\libc_nano.a(libc_a-mprec.o)
                0x0800ee10                __any_on
 .text.__ascii_wctomb
                0x0800ee52       0x1a C:/ST/STM32CubeIDE_1.16.0/STM32CubeIDE/plugins/com.st.stm32cube.ide.mcu.externaltools.gnu-tools-for-stm32.12.3.rel1.win32_1.0.200.202406191623/tools/bin/../lib/gcc/arm-none-eabi/12.3.1/../../../../arm-none-eabi/lib/thumb/v7e-m+dp/hard\libc_nano.a(libc_a-wctomb_r.o)
                0x0800ee52                __ascii_wctomb
 .text.__ssputs_r
                0x0800ee6c       0xb6 C:/ST/STM32CubeIDE_1.16.0/STM32CubeIDE/plugins/com.st.stm32cube.ide.mcu.externaltools.gnu-tools-for-stm32.12.3.rel1.win32_1.0.200.202406191623/tools/bin/../lib/gcc/arm-none-eabi/12.3.1/../../../../arm-none-eabi/lib/thumb/v7e-m+dp/hard\libc_nano.a(libc_a-nano-svfprintf.o)
                0x0800ee6c                __ssputs_r
 *fill*         0x0800ef22        0x2 
 .text._svfprintf_r
                0x0800ef24      0x1f8 C:/ST/STM32CubeIDE_1.16.0/STM32CubeIDE/plugins/com.st.stm32cube.ide.mcu.externaltools.gnu-tools-for-stm32.12.3.rel1.win32_1.0.200.202406191623/tools/bin/../lib/gcc/arm-none-eabi/12.3.1/../../../../arm-none-eabi/lib/thumb/v7e-m+dp/hard\libc_nano.a(libc_a-nano-svfprintf.o)
                0x0800ef24                _svfiprintf_r
                0x0800ef24                _svfprintf_r
 .text._printf_common
                0x0800f11c       0xda C:/ST/STM32CubeIDE_1.16.0/STM32CubeIDE/plugins/com.st.stm32cube.ide.mcu.externaltools.gnu-tools-for-stm32.12.3.rel1.win32_1.0.200.202406191623/tools/bin/../lib/gcc/arm-none-eabi/12.3.1/../../../../arm-none-eabi/lib/thumb/v7e-m+dp/hard\libc_nano.a(libc_a-nano-vfprintf_i.o)
                0x0800f11c                _printf_common
 *fill*         0x0800f1f6        0x2 
 .text._printf_i
                0x0800f1f8      0x240 C:/ST/STM32CubeIDE_1.16.0/STM32CubeIDE/plugins/com.st.stm32cube.ide.mcu.externaltools.gnu-tools-for-stm32.12.3.rel1.win32_1.0.200.202406191623/tools/bin/../lib/gcc/arm-none-eabi/12.3.1/../../../../arm-none-eabi/lib/thumb/v7e-m+dp/hard\libc_nano.a(libc_a-nano-vfprintf_i.o)
                0x0800f1f8                _printf_i
 .text.__sflush_r
                0x0800f438      0x108 C:/ST/STM32CubeIDE_1.16.0/STM32CubeIDE/plugins/com.st.stm32cube.ide.mcu.externaltools.gnu-tools-for-stm32.12.3.rel1.win32_1.0.200.202406191623/tools/bin/../lib/gcc/arm-none-eabi/12.3.1/../../../../arm-none-eabi/lib/thumb/v7e-m+dp/hard\libc_nano.a(libc_a-fflush.o)
                0x0800f438                __sflush_r
 .text._fflush_r
                0x0800f540       0x50 C:/ST/STM32CubeIDE_1.16.0/STM32CubeIDE/plugins/com.st.stm32cube.ide.mcu.externaltools.gnu-tools-for-stm32.12.3.rel1.win32_1.0.200.202406191623/tools/bin/../lib/gcc/arm-none-eabi/12.3.1/../../../../arm-none-eabi/lib/thumb/v7e-m+dp/hard\libc_nano.a(libc_a-fflush.o)
                0x0800f540                _fflush_r
 .text.fprintf  0x0800f590       0x24 C:/ST/STM32CubeIDE_1.16.0/STM32CubeIDE/plugins/com.st.stm32cube.ide.mcu.externaltools.gnu-tools-for-stm32.12.3.rel1.win32_1.0.200.202406191623/tools/bin/../lib/gcc/arm-none-eabi/12.3.1/../../../../arm-none-eabi/lib/thumb/v7e-m+dp/hard\libc_nano.a(libc_a-fprintf.o)
                0x0800f590                fiprintf
                0x0800f590                fprintf
 .text.memmove  0x0800f5b4       0x34 C:/ST/STM32CubeIDE_1.16.0/STM32CubeIDE/plugins/com.st.stm32cube.ide.mcu.externaltools.gnu-tools-for-stm32.12.3.rel1.win32_1.0.200.202406191623/tools/bin/../lib/gcc/arm-none-eabi/12.3.1/../../../../arm-none-eabi/lib/thumb/v7e-m+dp/hard\libc_nano.a(libc_a-memmove.o)
                0x0800f5b4                memmove
 .text._sbrk_r  0x0800f5e8       0x20 C:/ST/STM32CubeIDE_1.16.0/STM32CubeIDE/plugins/com.st.stm32cube.ide.mcu.externaltools.gnu-tools-for-stm32.12.3.rel1.win32_1.0.200.202406191623/tools/bin/../lib/gcc/arm-none-eabi/12.3.1/../../../../arm-none-eabi/lib/thumb/v7e-m+dp/hard\libc_nano.a(libc_a-sbrkr.o)
                0x0800f5e8                _sbrk_r
 .text.abort    0x0800f608        0xe C:/ST/STM32CubeIDE_1.16.0/STM32CubeIDE/plugins/com.st.stm32cube.ide.mcu.externaltools.gnu-tools-for-stm32.12.3.rel1.win32_1.0.200.202406191623/tools/bin/../lib/gcc/arm-none-eabi/12.3.1/../../../../arm-none-eabi/lib/thumb/v7e-m+dp/hard\libc_nano.a(libc_a-abort.o)
                0x0800f608                abort
 .text._calloc_r
                0x0800f616       0x28 C:/ST/STM32CubeIDE_1.16.0/STM32CubeIDE/plugins/com.st.stm32cube.ide.mcu.externaltools.gnu-tools-for-stm32.12.3.rel1.win32_1.0.200.202406191623/tools/bin/../lib/gcc/arm-none-eabi/12.3.1/../../../../arm-none-eabi/lib/thumb/v7e-m+dp/hard\libc_nano.a(libc_a-callocr.o)
                0x0800f616                _calloc_r
 .text._realloc_r
                0x0800f63e       0x5c C:/ST/STM32CubeIDE_1.16.0/STM32CubeIDE/plugins/com.st.stm32cube.ide.mcu.externaltools.gnu-tools-for-stm32.12.3.rel1.win32_1.0.200.202406191623/tools/bin/../lib/gcc/arm-none-eabi/12.3.1/../../../../arm-none-eabi/lib/thumb/v7e-m+dp/hard\libc_nano.a(libc_a-reallocr.o)
                0x0800f63e                _realloc_r
 .text.__sfputc_r
                0x0800f69a       0x2e C:/ST/STM32CubeIDE_1.16.0/STM32CubeIDE/plugins/com.st.stm32cube.ide.mcu.externaltools.gnu-tools-for-stm32.12.3.rel1.win32_1.0.200.202406191623/tools/bin/../lib/gcc/arm-none-eabi/12.3.1/../../../../arm-none-eabi/lib/thumb/v7e-m+dp/hard\libc_nano.a(libc_a-nano-vfprintf.o)
 .text.__sfputs_r
                0x0800f6c8       0x24 C:/ST/STM32CubeIDE_1.16.0/STM32CubeIDE/plugins/com.st.stm32cube.ide.mcu.externaltools.gnu-tools-for-stm32.12.3.rel1.win32_1.0.200.202406191623/tools/bin/../lib/gcc/arm-none-eabi/12.3.1/../../../../arm-none-eabi/lib/thumb/v7e-m+dp/hard\libc_nano.a(libc_a-nano-vfprintf.o)
                0x0800f6c8                __sfputs_r
 .text._vfprintf_r
                0x0800f6ec      0x230 C:/ST/STM32CubeIDE_1.16.0/STM32CubeIDE/plugins/com.st.stm32cube.ide.mcu.externaltools.gnu-tools-for-stm32.12.3.rel1.win32_1.0.200.202406191623/tools/bin/../lib/gcc/arm-none-eabi/12.3.1/../../../../arm-none-eabi/lib/thumb/v7e-m+dp/hard\libc_nano.a(libc_a-nano-vfprintf.o)
                0x0800f6ec                _vfprintf_r
                0x0800f6ec                _vfiprintf_r
 .text.__swbuf_r
                0x0800f91c       0x7c C:/ST/STM32CubeIDE_1.16.0/STM32CubeIDE/plugins/com.st.stm32cube.ide.mcu.externaltools.gnu-tools-for-stm32.12.3.rel1.win32_1.0.200.202406191623/tools/bin/../lib/gcc/arm-none-eabi/12.3.1/../../../../arm-none-eabi/lib/thumb/v7e-m+dp/hard\libc_nano.a(libc_a-wbuf.o)
                0x0800f91c                __swbuf_r
 .text.__swsetup_r
                0x0800f998       0xac C:/ST/STM32CubeIDE_1.16.0/STM32CubeIDE/plugins/com.st.stm32cube.ide.mcu.externaltools.gnu-tools-for-stm32.12.3.rel1.win32_1.0.200.202406191623/tools/bin/../lib/gcc/arm-none-eabi/12.3.1/../../../../arm-none-eabi/lib/thumb/v7e-m+dp/hard\libc_nano.a(libc_a-wsetup.o)
                0x0800f998                __swsetup_r
 .text._raise_r
                0x0800fa44       0x50 C:/ST/STM32CubeIDE_1.16.0/STM32CubeIDE/plugins/com.st.stm32cube.ide.mcu.externaltools.gnu-tools-for-stm32.12.3.rel1.win32_1.0.200.202406191623/tools/bin/../lib/gcc/arm-none-eabi/12.3.1/../../../../arm-none-eabi/lib/thumb/v7e-m+dp/hard\libc_nano.a(libc_a-signal.o)
                0x0800fa44                _raise_r
 .text.raise    0x0800fa94       0x10 C:/ST/STM32CubeIDE_1.16.0/STM32CubeIDE/plugins/com.st.stm32cube.ide.mcu.externaltools.gnu-tools-for-stm32.12.3.rel1.win32_1.0.200.202406191623/tools/bin/../lib/gcc/arm-none-eabi/12.3.1/../../../../arm-none-eabi/lib/thumb/v7e-m+dp/hard\libc_nano.a(libc_a-signal.o)
                0x0800fa94                raise
 .text._kill_r  0x0800faa4       0x24 C:/ST/STM32CubeIDE_1.16.0/STM32CubeIDE/plugins/com.st.stm32cube.ide.mcu.externaltools.gnu-tools-for-stm32.12.3.rel1.win32_1.0.200.202406191623/tools/bin/../lib/gcc/arm-none-eabi/12.3.1/../../../../arm-none-eabi/lib/thumb/v7e-m+dp/hard\libc_nano.a(libc_a-signalr.o)
                0x0800faa4                _kill_r
 .text._getpid_r
                0x0800fac8        0x4 C:/ST/STM32CubeIDE_1.16.0/STM32CubeIDE/plugins/com.st.stm32cube.ide.mcu.externaltools.gnu-tools-for-stm32.12.3.rel1.win32_1.0.200.202406191623/tools/bin/../lib/gcc/arm-none-eabi/12.3.1/../../../../arm-none-eabi/lib/thumb/v7e-m+dp/hard\libc_nano.a(libc_a-signalr.o)
                0x0800fac8                _getpid_r
 .text._malloc_usable_size_r
                0x0800facc       0x10 C:/ST/STM32CubeIDE_1.16.0/STM32CubeIDE/plugins/com.st.stm32cube.ide.mcu.externaltools.gnu-tools-for-stm32.12.3.rel1.win32_1.0.200.202406191623/tools/bin/../lib/gcc/arm-none-eabi/12.3.1/../../../../arm-none-eabi/lib/thumb/v7e-m+dp/hard\libc_nano.a(libc_a-msizer.o)
                0x0800facc                _malloc_usable_size_r
 .text.__swhatbuf_r
                0x0800fadc       0x4c C:/ST/STM32CubeIDE_1.16.0/STM32CubeIDE/plugins/com.st.stm32cube.ide.mcu.externaltools.gnu-tools-for-stm32.12.3.rel1.win32_1.0.200.202406191623/tools/bin/../lib/gcc/arm-none-eabi/12.3.1/../../../../arm-none-eabi/lib/thumb/v7e-m+dp/hard\libc_nano.a(libc_a-makebuf.o)
                0x0800fadc                __swhatbuf_r
 .text.__smakebuf_r
                0x0800fb28       0x78 C:/ST/STM32CubeIDE_1.16.0/STM32CubeIDE/plugins/com.st.stm32cube.ide.mcu.externaltools.gnu-tools-for-stm32.12.3.rel1.win32_1.0.200.202406191623/tools/bin/../lib/gcc/arm-none-eabi/12.3.1/../../../../arm-none-eabi/lib/thumb/v7e-m+dp/hard\libc_nano.a(libc_a-makebuf.o)
                0x0800fb28                __smakebuf_r
 .text._fstat_r
                0x0800fba0       0x24 C:/ST/STM32CubeIDE_1.16.0/STM32CubeIDE/plugins/com.st.stm32cube.ide.mcu.externaltools.gnu-tools-for-stm32.12.3.rel1.win32_1.0.200.202406191623/tools/bin/../lib/gcc/arm-none-eabi/12.3.1/../../../../arm-none-eabi/lib/thumb/v7e-m+dp/hard\libc_nano.a(libc_a-fstatr.o)
                0x0800fba0                _fstat_r
 .text._isatty_r
                0x0800fbc4       0x20 C:/ST/STM32CubeIDE_1.16.0/STM32CubeIDE/plugins/com.st.stm32cube.ide.mcu.externaltools.gnu-tools-for-stm32.12.3.rel1.win32_1.0.200.202406191623/tools/bin/../lib/gcc/arm-none-eabi/12.3.1/../../../../arm-none-eabi/lib/thumb/v7e-m+dp/hard\libc_nano.a(libc_a-isattyr.o)
                0x0800fbc4                _isatty_r
 *fill*         0x0800fbe4        0x4 
 .text.cos      0x0800fbe8       0x98 C:/ST/STM32CubeIDE_1.16.0/STM32CubeIDE/plugins/com.st.stm32cube.ide.mcu.externaltools.gnu-tools-for-stm32.12.3.rel1.win32_1.0.200.202406191623/tools/bin/../lib/gcc/arm-none-eabi/12.3.1/../../../../arm-none-eabi/lib/thumb/v7e-m+dp/hard\libm.a(libm_a-s_cos.o)
                0x0800fbe8                cos
 .text.sin      0x0800fc80       0x98 C:/ST/STM32CubeIDE_1.16.0/STM32CubeIDE/plugins/com.st.stm32cube.ide.mcu.externaltools.gnu-tools-for-stm32.12.3.rel1.win32_1.0.200.202406191623/tools/bin/../lib/gcc/arm-none-eabi/12.3.1/../../../../arm-none-eabi/lib/thumb/v7e-m+dp/hard\libm.a(libm_a-s_sin.o)
                0x0800fc80                sin
 .text.__kernel_cos
                0x0800fd18       0xd0 C:/ST/STM32CubeIDE_1.16.0/STM32CubeIDE/plugins/com.st.stm32cube.ide.mcu.externaltools.gnu-tools-for-stm32.12.3.rel1.win32_1.0.200.202406191623/tools/bin/../lib/gcc/arm-none-eabi/12.3.1/../../../../arm-none-eabi/lib/thumb/v7e-m+dp/hard\libm.a(libm_a-k_cos.o)
                0x0800fd18                __kernel_cos
 .text.__kernel_sin
                0x0800fde8       0xb0 C:/ST/STM32CubeIDE_1.16.0/STM32CubeIDE/plugins/com.st.stm32cube.ide.mcu.externaltools.gnu-tools-for-stm32.12.3.rel1.win32_1.0.200.202406191623/tools/bin/../lib/gcc/arm-none-eabi/12.3.1/../../../../arm-none-eabi/lib/thumb/v7e-m+dp/hard\libm.a(libm_a-k_sin.o)
                0x0800fde8                __kernel_sin
 .text.__ieee754_rem_pio2
                0x0800fe98      0x288 C:/ST/STM32CubeIDE_1.16.0/STM32CubeIDE/plugins/com.st.stm32cube.ide.mcu.externaltools.gnu-tools-for-stm32.12.3.rel1.win32_1.0.200.202406191623/tools/bin/../lib/gcc/arm-none-eabi/12.3.1/../../../../arm-none-eabi/lib/thumb/v7e-m+dp/hard\libm.a(libm_a-e_rem_pio2.o)
                0x0800fe98                __ieee754_rem_pio2
 .text.fabs     0x08010120       0x10 C:/ST/STM32CubeIDE_1.16.0/STM32CubeIDE/plugins/com.st.stm32cube.ide.mcu.externaltools.gnu-tools-for-stm32.12.3.rel1.win32_1.0.200.202406191623/tools/bin/../lib/gcc/arm-none-eabi/12.3.1/../../../../arm-none-eabi/lib/thumb/v7e-m+dp/hard\libm.a(libm_a-s_fabs.o)
                0x08010120                fabs
 .text.__kernel_rem_pio2
                0x08010130      0x4f8 C:/ST/STM32CubeIDE_1.16.0/STM32CubeIDE/plugins/com.st.stm32cube.ide.mcu.externaltools.gnu-tools-for-stm32.12.3.rel1.win32_1.0.200.202406191623/tools/bin/../lib/gcc/arm-none-eabi/12.3.1/../../../../arm-none-eabi/lib/thumb/v7e-m+dp/hard\libm.a(libm_a-k_rem_pio2.o)
                0x08010130                __kernel_rem_pio2
 .text.scalbn   0x08010628       0xfc C:/ST/STM32CubeIDE_1.16.0/STM32CubeIDE/plugins/com.st.stm32cube.ide.mcu.externaltools.gnu-tools-for-stm32.12.3.rel1.win32_1.0.200.202406191623/tools/bin/../lib/gcc/arm-none-eabi/12.3.1/../../../../arm-none-eabi/lib/thumb/v7e-m+dp/hard\libm.a(libm_a-s_scalbn.o)
                0x08010628                scalbn
 *fill*         0x08010724        0x4 
 .text.floor    0x08010728       0xf0 C:/ST/STM32CubeIDE_1.16.0/STM32CubeIDE/plugins/com.st.stm32cube.ide.mcu.externaltools.gnu-tools-for-stm32.12.3.rel1.win32_1.0.200.202406191623/tools/bin/../lib/gcc/arm-none-eabi/12.3.1/../../../../arm-none-eabi/lib/thumb/v7e-m+dp/hard\libm.a(libm_a-s_floor.o)
                0x08010728                floor
 *(.glue_7)
 .glue_7        0x08010818        0x0 linker stubs
 *(.glue_7t)
 .glue_7t       0x08010818        0x0 linker stubs
 *(.eh_frame)
 .eh_frame      0x08010818        0x0 C:/ST/STM32CubeIDE_1.16.0/STM32CubeIDE/plugins/com.st.stm32cube.ide.mcu.externaltools.gnu-tools-for-stm32.12.3.rel1.win32_1.0.200.202406191623/tools/bin/../lib/gcc/arm-none-eabi/12.3.1/thumb/v7e-m+dp/hard/crtbegin.o
 *(.init)
 .init          0x08010818        0x4 C:/ST/STM32CubeIDE_1.16.0/STM32CubeIDE/plugins/com.st.stm32cube.ide.mcu.externaltools.gnu-tools-for-stm32.12.3.rel1.win32_1.0.200.202406191623/tools/bin/../lib/gcc/arm-none-eabi/12.3.1/thumb/v7e-m+dp/hard/crti.o
                0x08010818                _init
 .init          0x0801081c        0x8 C:/ST/STM32CubeIDE_1.16.0/STM32CubeIDE/plugins/com.st.stm32cube.ide.mcu.externaltools.gnu-tools-for-stm32.12.3.rel1.win32_1.0.200.202406191623/tools/bin/../lib/gcc/arm-none-eabi/12.3.1/thumb/v7e-m+dp/hard/crtn.o
 *(.fini)
 .fini          0x08010824        0x4 C:/ST/STM32CubeIDE_1.16.0/STM32CubeIDE/plugins/com.st.stm32cube.ide.mcu.externaltools.gnu-tools-for-stm32.12.3.rel1.win32_1.0.200.202406191623/tools/bin/../lib/gcc/arm-none-eabi/12.3.1/thumb/v7e-m+dp/hard/crti.o
                0x08010824                _fini
 .fini          0x08010828        0x8 C:/ST/STM32CubeIDE_1.16.0/STM32CubeIDE/plugins/com.st.stm32cube.ide.mcu.externaltools.gnu-tools-for-stm32.12.3.rel1.win32_1.0.200.202406191623/tools/bin/../lib/gcc/arm-none-eabi/12.3.1/thumb/v7e-m+dp/hard/crtn.o
                0x08010830                        . = ALIGN (0x4)
                0x08010830                        _etext = .

.vfp11_veneer   0x08010830        0x0
 .vfp11_veneer  0x08010830        0x0 linker stubs

.v4_bx          0x08010830        0x0
 .v4_bx         0x08010830        0x0 linker stubs

.iplt           0x08010830        0x0
 .iplt          0x08010830        0x0 C:/ST/STM32CubeIDE_1.16.0/STM32CubeIDE/plugins/com.st.stm32cube.ide.mcu.externaltools.gnu-tools-for-stm32.12.3.rel1.win32_1.0.200.202406191623/tools/bin/../lib/gcc/arm-none-eabi/12.3.1/thumb/v7e-m+dp/hard/crtbegin.o

.rodata         0x08010830      0x7f8
                0x08010830                        . = ALIGN (0x4)
 *(.rodata)
 .rodata        0x08010830       0x15 ./Core/Src/fatfs_sd_card.o
 *fill*         0x08010845        0x3 
 .rodata        0x08010848      0x118 ./Core/Src/game_engine.o
 .rodata        0x08010960        0x3 ./Core/Src/stm32h7xx_it.o
 *fill*         0x08010963        0x1 
 .rodata        0x08010964       0x44 ./Middlewares/Third_Party/FatFs/src/ff.o
 *(.rodata*)
 .rodata.D1CorePrescTable
                0x080109a8       0x10 ./Core/Src/system_stm32h7xx.o
                0x080109a8                D1CorePrescTable
 .rodata.ExCvt  0x080109b8       0x80 ./Middlewares/Third_Party/FatFs/src/ff.o
 .rodata._strtod_l.str1.1
                0x08010a38        0xe C:/ST/STM32CubeIDE_1.16.0/STM32CubeIDE/plugins/com.st.stm32cube.ide.mcu.externaltools.gnu-tools-for-stm32.12.3.rel1.win32_1.0.200.202406191623/tools/bin/../lib/gcc/arm-none-eabi/12.3.1/../../../../arm-none-eabi/lib/thumb/v7e-m+dp/hard\libc_nano.a(libc_a-strtod.o)
                                  0xf (size before relaxing)
 *fill*         0x08010a46        0x2 
 .rodata.fpinan.0
                0x08010a48       0x14 C:/ST/STM32CubeIDE_1.16.0/STM32CubeIDE/plugins/com.st.stm32cube.ide.mcu.externaltools.gnu-tools-for-stm32.12.3.rel1.win32_1.0.200.202406191623/tools/bin/../lib/gcc/arm-none-eabi/12.3.1/../../../../arm-none-eabi/lib/thumb/v7e-m+dp/hard\libc_nano.a(libc_a-strtod.o)
 .rodata.fpi.1  0x08010a5c       0x14 C:/ST/STM32CubeIDE_1.16.0/STM32CubeIDE/plugins/com.st.stm32cube.ide.mcu.externaltools.gnu-tools-for-stm32.12.3.rel1.win32_1.0.200.202406191623/tools/bin/../lib/gcc/arm-none-eabi/12.3.1/../../../../arm-none-eabi/lib/thumb/v7e-m+dp/hard\libc_nano.a(libc_a-strtod.o)
 .rodata.tinytens
                0x08010a70       0x28 C:/ST/STM32CubeIDE_1.16.0/STM32CubeIDE/plugins/com.st.stm32cube.ide.mcu.externaltools.gnu-tools-for-stm32.12.3.rel1.win32_1.0.200.202406191623/tools/bin/../lib/gcc/arm-none-eabi/12.3.1/../../../../arm-none-eabi/lib/thumb/v7e-m+dp/hard\libc_nano.a(libc_a-strtod.o)
 .rodata.strtok.str1.1
                0x08010a98       0x71 C:/ST/STM32CubeIDE_1.16.0/STM32CubeIDE/plugins/com.st.stm32cube.ide.mcu.externaltools.gnu-tools-for-stm32.12.3.rel1.win32_1.0.200.202406191623/tools/bin/../lib/gcc/arm-none-eabi/12.3.1/../../../../arm-none-eabi/lib/thumb/v7e-m+dp/hard\libc_nano.a(libc_a-strtok.o)
 .rodata._setlocale_r.str1.1
                0x08010b09        0x8 C:/ST/STM32CubeIDE_1.16.0/STM32CubeIDE/plugins/com.st.stm32cube.ide.mcu.externaltools.gnu-tools-for-stm32.12.3.rel1.win32_1.0.200.202406191623/tools/bin/../lib/gcc/arm-none-eabi/12.3.1/../../../../arm-none-eabi/lib/thumb/v7e-m+dp/hard\libc_nano.a(libc_a-locale.o)
                                  0x9 (size before relaxing)
 .rodata.str1.1
                0x08010b11        0x2 C:/ST/STM32CubeIDE_1.16.0/STM32CubeIDE/plugins/com.st.stm32cube.ide.mcu.externaltools.gnu-tools-for-stm32.12.3.rel1.win32_1.0.200.202406191623/tools/bin/../lib/gcc/arm-none-eabi/12.3.1/../../../../arm-none-eabi/lib/thumb/v7e-m+dp/hard\libc_nano.a(libc_a-locale.o)
 .rodata.__assert_func.str1.1
                0x08010b11       0x3c C:/ST/STM32CubeIDE_1.16.0/STM32CubeIDE/plugins/com.st.stm32cube.ide.mcu.externaltools.gnu-tools-for-stm32.12.3.rel1.win32_1.0.200.202406191623/tools/bin/../lib/gcc/arm-none-eabi/12.3.1/../../../../arm-none-eabi/lib/thumb/v7e-m+dp/hard\libc_nano.a(libc_a-assert.o)
                                 0x3d (size before relaxing)
 .rodata.__gethex.str1.1
                0x08010b4d       0x71 C:/ST/STM32CubeIDE_1.16.0/STM32CubeIDE/plugins/com.st.stm32cube.ide.mcu.externaltools.gnu-tools-for-stm32.12.3.rel1.win32_1.0.200.202406191623/tools/bin/../lib/gcc/arm-none-eabi/12.3.1/../../../../arm-none-eabi/lib/thumb/v7e-m+dp/hard\libc_nano.a(libc_a-gdtoa-gethex.o)
                                 0x73 (size before relaxing)
 .rodata._Balloc.str1.1
                0x08010bbe       0x59 C:/ST/STM32CubeIDE_1.16.0/STM32CubeIDE/plugins/com.st.stm32cube.ide.mcu.externaltools.gnu-tools-for-stm32.12.3.rel1.win32_1.0.200.202406191623/tools/bin/../lib/gcc/arm-none-eabi/12.3.1/../../../../arm-none-eabi/lib/thumb/v7e-m+dp/hard\libc_nano.a(libc_a-mprec.o)
                                 0x70 (size before relaxing)
 .rodata.__multadd.str1.1
                0x08010c17       0x11 C:/ST/STM32CubeIDE_1.16.0/STM32CubeIDE/plugins/com.st.stm32cube.ide.mcu.externaltools.gnu-tools-for-stm32.12.3.rel1.win32_1.0.200.202406191623/tools/bin/../lib/gcc/arm-none-eabi/12.3.1/../../../../arm-none-eabi/lib/thumb/v7e-m+dp/hard\libc_nano.a(libc_a-mprec.o)
 *fill*         0x08010c17        0x1 
 .rodata.p05.0  0x08010c18        0xc C:/ST/STM32CubeIDE_1.16.0/STM32CubeIDE/plugins/com.st.stm32cube.ide.mcu.externaltools.gnu-tools-for-stm32.12.3.rel1.win32_1.0.200.202406191623/tools/bin/../lib/gcc/arm-none-eabi/12.3.1/../../../../arm-none-eabi/lib/thumb/v7e-m+dp/hard\libc_nano.a(libc_a-mprec.o)
 *fill*         0x08010c24        0x4 
 .rodata.__mprec_bigtens
                0x08010c28       0x28 C:/ST/STM32CubeIDE_1.16.0/STM32CubeIDE/plugins/com.st.stm32cube.ide.mcu.externaltools.gnu-tools-for-stm32.12.3.rel1.win32_1.0.200.202406191623/tools/bin/../lib/gcc/arm-none-eabi/12.3.1/../../../../arm-none-eabi/lib/thumb/v7e-m+dp/hard\libc_nano.a(libc_a-mprec.o)
                0x08010c28                __mprec_bigtens
 .rodata.__mprec_tens
                0x08010c50       0xc8 C:/ST/STM32CubeIDE_1.16.0/STM32CubeIDE/plugins/com.st.stm32cube.ide.mcu.externaltools.gnu-tools-for-stm32.12.3.rel1.win32_1.0.200.202406191623/tools/bin/../lib/gcc/arm-none-eabi/12.3.1/../../../../arm-none-eabi/lib/thumb/v7e-m+dp/hard\libc_nano.a(libc_a-mprec.o)
                0x08010c50                __mprec_tens
 .rodata._ctype_
                0x08010d18      0x101 C:/ST/STM32CubeIDE_1.16.0/STM32CubeIDE/plugins/com.st.stm32cube.ide.mcu.externaltools.gnu-tools-for-stm32.12.3.rel1.win32_1.0.200.202406191623/tools/bin/../lib/gcc/arm-none-eabi/12.3.1/../../../../arm-none-eabi/lib/thumb/v7e-m+dp/hard\libc_nano.a(libc_a-ctype_.o)
                0x08010d18                _ctype_
 .rodata._svfprintf_r.str1.1
                0x08010e19       0x11 C:/ST/STM32CubeIDE_1.16.0/STM32CubeIDE/plugins/com.st.stm32cube.ide.mcu.externaltools.gnu-tools-for-stm32.12.3.rel1.win32_1.0.200.202406191623/tools/bin/../lib/gcc/arm-none-eabi/12.3.1/../../../../arm-none-eabi/lib/thumb/v7e-m+dp/hard\libc_nano.a(libc_a-nano-svfprintf.o)
 .rodata._printf_i.str1.1
                0x08010e2a       0x22 C:/ST/STM32CubeIDE_1.16.0/STM32CubeIDE/plugins/com.st.stm32cube.ide.mcu.externaltools.gnu-tools-for-stm32.12.3.rel1.win32_1.0.200.202406191623/tools/bin/../lib/gcc/arm-none-eabi/12.3.1/../../../../arm-none-eabi/lib/thumb/v7e-m+dp/hard\libc_nano.a(libc_a-nano-vfprintf_i.o)
 .rodata._vfprintf_r.str1.1
                0x08010e4c       0x11 C:/ST/STM32CubeIDE_1.16.0/STM32CubeIDE/plugins/com.st.stm32cube.ide.mcu.externaltools.gnu-tools-for-stm32.12.3.rel1.win32_1.0.200.202406191623/tools/bin/../lib/gcc/arm-none-eabi/12.3.1/../../../../arm-none-eabi/lib/thumb/v7e-m+dp/hard\libc_nano.a(libc_a-nano-vfprintf.o)
 .rodata.npio2_hw
                0x08010e4c       0x80 C:/ST/STM32CubeIDE_1.16.0/STM32CubeIDE/plugins/com.st.stm32cube.ide.mcu.externaltools.gnu-tools-for-stm32.12.3.rel1.win32_1.0.200.202406191623/tools/bin/../lib/gcc/arm-none-eabi/12.3.1/../../../../arm-none-eabi/lib/thumb/v7e-m+dp/hard\libm.a(libm_a-e_rem_pio2.o)
 .rodata.two_over_pi
                0x08010ecc      0x108 C:/ST/STM32CubeIDE_1.16.0/STM32CubeIDE/plugins/com.st.stm32cube.ide.mcu.externaltools.gnu-tools-for-stm32.12.3.rel1.win32_1.0.200.202406191623/tools/bin/../lib/gcc/arm-none-eabi/12.3.1/../../../../arm-none-eabi/lib/thumb/v7e-m+dp/hard\libm.a(libm_a-e_rem_pio2.o)
 *fill*         0x08010fd4        0x4 
 .rodata.PIo2   0x08010fd8       0x40 C:/ST/STM32CubeIDE_1.16.0/STM32CubeIDE/plugins/com.st.stm32cube.ide.mcu.externaltools.gnu-tools-for-stm32.12.3.rel1.win32_1.0.200.202406191623/tools/bin/../lib/gcc/arm-none-eabi/12.3.1/../../../../arm-none-eabi/lib/thumb/v7e-m+dp/hard\libm.a(libm_a-k_rem_pio2.o)
 .rodata.init_jk
                0x08011018       0x10 C:/ST/STM32CubeIDE_1.16.0/STM32CubeIDE/plugins/com.st.stm32cube.ide.mcu.externaltools.gnu-tools-for-stm32.12.3.rel1.win32_1.0.200.202406191623/tools/bin/../lib/gcc/arm-none-eabi/12.3.1/../../../../arm-none-eabi/lib/thumb/v7e-m+dp/hard\libm.a(libm_a-k_rem_pio2.o)
                0x08011028                        . = ALIGN (0x4)

.ARM.extab
 *(.ARM.extab* .gnu.linkonce.armextab.*)

.ARM            0x08011028        0x8
                0x08011028                        __exidx_start = .
 *(.ARM.exidx*)
 .ARM.exidx     0x08011028        0x8 C:/ST/STM32CubeIDE_1.16.0/STM32CubeIDE/plugins/com.st.stm32cube.ide.mcu.externaltools.gnu-tools-for-stm32.12.3.rel1.win32_1.0.200.202406191623/tools/bin/../lib/gcc/arm-none-eabi/12.3.1/../../../../arm-none-eabi/lib/thumb/v7e-m+dp/hard\libc_nano.a(libc_a-strlen.o)
 .ARM.exidx     0x08011030        0x0 C:/ST/STM32CubeIDE_1.16.0/STM32CubeIDE/plugins/com.st.stm32cube.ide.mcu.externaltools.gnu-tools-for-stm32.12.3.rel1.win32_1.0.200.202406191623/tools/bin/../lib/gcc/arm-none-eabi/12.3.1/../../../../arm-none-eabi/lib/thumb/v7e-m+dp/hard\libc_nano.a(libc_a-memchr.o)
                                  0x8 (size before relaxing)
                0x08011030                        __exidx_end = .

.preinit_array  0x08011030        0x0