Archive member included to satisfy reference by file (symbol)

C:/ST/STM32CubeIDE_1.16.0/STM32CubeIDE/plugins/com.st.stm32cube.ide.mcu.externaltools.gnu-tools-for-stm32.12.3.rel1.win32_1.0.200.202406191623/tools/bin/../lib/gcc/arm-none-eabi/12.3.1/../../../../arm-none-eabi/lib/thumb/v7e-m+dp/hard\libc_nano.a(libc_a-exit.o)
                              C:/ST/STM32CubeIDE_1.16.0/STM32CubeIDE/plugins/com.st.stm32cube.ide.mcu.externaltools.gnu-tools-for-stm32.12.3.rel1.win32_1.0.200.202406191623/tools/bin/../lib/gcc/arm-none-eabi/12.3.1/../../../../arm-none-eabi/lib/thumb/v7e-m+dp/hard/crt0.o (exit)
C:/ST/STM32CubeIDE_1.16.0/STM32CubeIDE/plugins/com.st.stm32cube.ide.mcu.externaltools.gnu-tools-for-stm32.12.3.rel1.win32_1.0.200.202406191623/tools/bin/../lib/gcc/arm-none-eabi/12.3.1/../../../../arm-none-eabi/lib/thumb/v7e-m+dp/hard\libc_nano.a(libc_a-malloc.o)
                              ./Core/Src/clues.o (malloc)
C:/ST/STM32CubeIDE_1.16.0/STM32CubeIDE/plugins/com.st.stm32cube.ide.mcu.externaltools.gnu-tools-for-stm32.12.3.rel1.win32_1.0.200.202406191623/tools/bin/../lib/gcc/arm-none-eabi/12.3.1/../../../../arm-none-eabi/lib/thumb/v7e-m+dp/hard\libc_nano.a(libc_a-mallocr.o)
                              C:/ST/STM32CubeIDE_1.16.0/STM32CubeIDE/plugins/com.st.stm32cube.ide.mcu.externaltools.gnu-tools-for-stm32.12.3.rel1.win32_1.0.200.202406191623/tools/bin/../lib/gcc/arm-none-eabi/12.3.1/../../../../arm-none-eabi/lib/thumb/v7e-m+dp/hard\libc_nano.a(libc_a-malloc.o) (_malloc_r)
C:/ST/STM32CubeIDE_1.16.0/STM32CubeIDE/plugins/com.st.stm32cube.ide.mcu.externaltools.gnu-tools-for-stm32.12.3.rel1.win32_1.0.200.202406191623/tools/bin/../lib/gcc/arm-none-eabi/12.3.1/../../../../arm-none-eabi/lib/thumb/v7e-m+dp/hard\libc_nano.a(libc_a-mlock.o)
                              C:/ST/STM32CubeIDE_1.16.0/STM32CubeIDE/plugins/com.st.stm32cube.ide.mcu.externaltools.gnu-tools-for-stm32.12.3.rel1.win32_1.0.200.202406191623/tools/bin/../lib/gcc/arm-none-eabi/12.3.1/../../../../arm-none-eabi/lib/thumb/v7e-m+dp/hard\libc_nano.a(libc_a-mallocr.o) (__malloc_lock)
C:/ST/STM32CubeIDE_1.16.0/STM32CubeIDE/plugins/com.st.stm32cube.ide.mcu.externaltools.gnu-tools-for-stm32.12.3.rel1.win32_1.0.200.202406191623/tools/bin/../lib/gcc/arm-none-eabi/12.3.1/../../../../arm-none-eabi/lib/thumb/v7e-m+dp/hard\libc_nano.a(libc_a-rand.o)
                              ./Core/Src/game_engine.o (srand)
C:/ST/STM32CubeIDE_1.16.0/STM32CubeIDE/plugins/com.st.stm32cube.ide.mcu.externaltools.gnu-tools-for-stm32.12.3.rel1.win32_1.0.200.202406191623/tools/bin/../lib/gcc/arm-none-eabi/12.3.1/../../../../arm-none-eabi/lib/thumb/v7e-m+dp/hard\libc_nano.a(libc_a-findfp.o)
                              C:/ST/STM32CubeIDE_1.16.0/STM32CubeIDE/plugins/com.st.stm32cube.ide.mcu.externaltools.gnu-tools-for-stm32.12.3.rel1.win32_1.0.200.202406191623/tools/bin/../lib/gcc/arm-none-eabi/12.3.1/../../../../arm-none-eabi/lib/thumb/v7e-m+dp/hard\libc_nano.a(libc_a-exit.o) (__stdio_exit_handler)
C:/ST/STM32CubeIDE_1.16.0/STM32CubeIDE/plugins/com.st.stm32cube.ide.mcu.externaltools.gnu-tools-for-stm32.12.3.rel1.win32_1.0.200.202406191623/tools/bin/../lib/gcc/arm-none-eabi/12.3.1/../../../../arm-none-eabi/lib/thumb/v7e-m+dp/hard\libc_nano.a(libc_a-fwalk.o)
                              C:/ST/STM32CubeIDE_1.16.0/STM32CubeIDE/plugins/com.st.stm32cube.ide.mcu.externaltools.gnu-tools-for-stm32.12.3.rel1.win32_1.0.200.202406191623/tools/bin/../lib/gcc/arm-none-eabi/12.3.1/../../../../arm-none-eabi/lib/thumb/v7e-m+dp/hard\libc_nano.a(libc_a-findfp.o) (_fwalk_sglue)
C:/ST/STM32CubeIDE_1.16.0/STM32CubeIDE/plugins/com.st.stm32cube.ide.mcu.externaltools.gnu-tools-for-stm32.12.3.rel1.win32_1.0.200.202406191623/tools/bin/../lib/gcc/arm-none-eabi/12.3.1/../../../../arm-none-eabi/lib/thumb/v7e-m+dp/hard\libc_nano.a(libc_a-snprintf.o)
                              ./FATFS/Target/user_diskio_spi.o (snprintf)
C:/ST/STM32CubeIDE_1.16.0/STM32CubeIDE/plugins/com.st.stm32cube.ide.mcu.externaltools.gnu-tools-for-stm32.12.3.rel1.win32_1.0.200.202406191623/tools/bin/../lib/gcc/arm-none-eabi/12.3.1/../../../../arm-none-eabi/lib/thumb/v7e-m+dp/hard\libc_nano.a(libc_a-sprintf.o)
                              ./Core/Src/game_engine.o (sprintf)
C:/ST/STM32CubeIDE_1.16.0/STM32CubeIDE/plugins/com.st.stm32cube.ide.mcu.externaltools.gnu-tools-for-stm32.12.3.rel1.win32_1.0.200.202406191623/tools/bin/../lib/gcc/arm-none-eabi/12.3.1/../../../../arm-none-eabi/lib/thumb/v7e-m+dp/hard\libc_nano.a(libc_a-stdio.o)
                              C:/ST/STM32CubeIDE_1.16.0/STM32CubeIDE/plugins/com.st.stm32cube.ide.mcu.externaltools.gnu-tools-for-stm32.12.3.rel1.win32_1.0.200.202406191623/tools/bin/../lib/gcc/arm-none-eabi/12.3.1/../../../../arm-none-eabi/lib/thumb/v7e-m+dp/hard\libc_nano.a(libc_a-findfp.o) (__sread)
[...]
Memory Configuration

Name             Origin             Length             Attributes
FLASH            0x08000000         0x00200000         xr
DTCMRAM          0x20000000         0x00020000         xrw
RAM_D1           0x24000000         0x00080000         xrw
RAM_D2           0x30000000         0x00048000         xrw
RAM_D3           0x38000000         0x00010000         xrw
ITCMRAM          0x00000000         0x00010000         xrw
*default*        0x00000000         0xffffffff

Linker script and memory map

LOAD C:/ST/STM32CubeIDE_1.16.0/STM32CubeIDE/plugins/com.st.stm32cube.ide.mcu.externaltools.gnu-tools-for-stm32.12.3.rel1.win32_1.0.200.202406191623/tools/bin/../lib/gcc/arm-none-eabi/12.3.1/thumb/v7e-m+dp/hard/crti.o
LOAD C:/ST/STM32CubeIDE_1.16.0/STM32CubeIDE/plugins/com.st.stm32cube.ide.mcu.externaltools.gnu-tools-for-stm32.12.3.rel1.win32_1.0.200.202406191623/tools/bin/../lib/gcc/arm-none-eabi/12.3.1/thumb/v7e-m+dp/hard/crtbegin.o
LOAD C:/ST/STM32CubeIDE_1.16.0/STM32CubeIDE/plugins/com.st.stm32cube.ide.mcu.externaltools.gnu-tools-for-stm32.12.3.rel1.win32_1.0.200.202406191623/tools/bin/../lib/gcc/arm-none-eabi/12.3.1/../../../../arm-none-eabi/lib/thumb/v7e-m+dp/hard/crt0.o
LOAD ./Core/Src/RA8875.o
LOAD ./Core/Src/clues.o
LOAD ./Core/Src/fatfs_sd_card.o
LOAD ./Core/Src/game_engine.o
LOAD ./Core/Src/keyboard_io.o
LOAD ./Core/Src/main.o
LOAD ./Core/Src/stm32h7xx_hal_msp.o
LOAD ./Core/Src/stm32h7xx_it.o
LOAD ./Core/Src/syscalls.o
LOAD ./Core/Src/sysmem.o
LOAD ./Core/Src/system_stm32h7xx.o
LOAD ./Core/Startup/startup_stm32h743vitx.o
LOAD ./Drivers/STM32H7xx_HAL_Driver/Src/stm32h7xx_hal.o
LOAD ./Drivers/STM32H7xx_HAL_Driver/Src/stm32h7xx_hal_cortex.o
LOAD ./Drivers/STM32H7xx_HAL_Driver/Src/stm32h7xx_hal_dma.o
LOAD ./Drivers/STM32H7xx_HAL_Driver/Src/stm32h7xx_hal_dma_ex.o
LOAD ./Drivers/STM32H7xx_HAL_Driver/Src/stm32h7xx_hal_exti.o
LOAD ./Drivers/STM32H7xx_HAL_Driver/Src/stm32h7xx_hal_flash.o
LOAD ./Drivers/STM32H7xx_HAL_Driver/Src/stm32h7xx_hal_flash_ex.o
LOAD ./Drivers/STM32H7xx_HAL_Driver/Src/stm32h7xx_hal_gpio.o
LOAD ./Drivers/STM32H7xx_HAL_Driver/Src/stm32h7xx_hal_hsem.o
LOAD ./Drivers/STM32H7xx_HAL_Driver/Src/stm32h7xx_hal_i2c.o
LOAD ./Drivers/STM32H7xx_HAL_Driver/Src/stm32h7xx_hal_i2c_ex.o
LOAD ./Drivers/STM32H7xx_HAL_Driver/Src/stm32h7xx_hal_i2s.o
LOAD ./Drivers/STM32H7xx_HAL_Driver/Src/stm32h7xx_hal_i2s_ex.o
LOAD ./Drivers/STM32H7xx_HAL_Driver/Src/stm32h7xx_hal_mdma.o
LOAD ./Drivers/STM32H7xx_HAL_Driver/Src/stm32h7xx_hal_pwr.o
LOAD ./Drivers/STM32H7xx_HAL_Driver/Src/stm32h7xx_hal_pwr_ex.o
LOAD ./Drivers/STM32H7xx_HAL_Driver/Src/stm32h7xx_hal_rcc.o
LOAD ./Drivers/STM32H7xx_HAL_Driver/Src/stm32h7xx_hal_rcc_ex.o
LOAD ./Drivers/STM32H7xx_HAL_Driver/Src/stm32h7xx_hal_rng.o
LOAD ./Drivers/STM32H7xx_HAL_Driver/Src/stm32h7xx_hal_rng_ex.o
LOAD ./Drivers/STM32H7xx_HAL_Driver/Src/stm32h7xx_hal_spi.o
LOAD ./Drivers/STM32H7xx_HAL_Driver/Src/stm32h7xx_hal_spi_ex.o
LOAD ./Drivers/STM32H7xx_HAL_Driver/Src/stm32h7xx_hal_tim.o
LOAD ./Drivers/STM32H7xx_HAL_Driver/Src/stm32h7xx_hal_tim_ex.o
LOAD ./FATFS/App/fatfs.o
LOAD ./FATFS/Target/user_diskio.o
LOAD ./FATFS/Target/user_diskio_spi.o
LOAD ./Middlewares/Third_Party/FatFs/src/diskio.o
LOAD ./Middlewares/Third_Party/FatFs/src/ff.o
LOAD ./Middlewares/Third_Party/FatFs/src/ff_gen_drv.o
LOAD ./Middlewares/Third_Party/FatFs/src/option/ccsbcs.o
LOAD ./Middlewares/Third_Party/FatFs/src/option/syscall.o
START GROUP
LOAD C:/ST/STM32CubeIDE_1.16.0/STM32CubeIDE/plugins/com.st.stm32cube.ide.mcu.externaltools.gnu-tools-for-stm32.12.3.rel1.win32_1.0.200.202406191623/tools/bin/../lib/gcc/arm-none-eabi/12.3.1/../../../../arm-none-eabi/lib/thumb/v7e-m+dp/hard\libc_nano.a
LOAD C:/ST/STM32CubeIDE_1.16.0/STM32CubeIDE/plugins/com.st.stm32cube.ide.mcu.externaltools.gnu-tools-for-stm32.12.3.rel1.win32_1.0.200.202406191623/tools/bin/../lib/gcc/arm-none-eabi/12.3.1/../../../../arm-none-eabi/lib/thumb/v7e-m+dp/hard\libm.a
END GROUP
START GROUP
LOAD C:/ST/STM32CubeIDE_1.16.0/STM32CubeIDE/plugins/com.st.stm32cube.ide.mcu.externaltools.gnu-tools-for-stm32.12.3.rel1.win32_1.0.200.202406191623/tools/bin/../lib/gcc/arm-none-eabi/12.3.1/thumb/v7e-m+dp/hard\libgcc.a
LOAD C:/ST/STM32CubeIDE_1.16.0/STM32CubeIDE/plugins/com.st.stm32cube.ide.mcu.externaltools.gnu-tools-for-stm32.12.3.rel1.win32_1.0.200.202406191623/tools/bin/../lib/gcc/arm-none-eabi/12.3.1/../../../../arm-none-eabi/lib/thumb/v7e-m+dp/hard\libc_nano.a
END GROUP
START GROUP
LOAD C:/ST/STM32CubeIDE_1.16.0/STM32CubeIDE/plugins/com.st.stm32cube.ide.mcu.externaltools.gnu-tools-for-stm32.12.3.rel1.win32_1.0.200.202406191623/tools/bin/../lib/gcc/arm-none-eabi/12.3.1/thumb/v7e-m+dp/hard\libgcc.a
LOAD C:/ST/STM32CubeIDE_1.16.0/STM32CubeIDE/plugins/com.st.stm32cube.ide.mcu.externaltools.gnu-tools-for-stm32.12.3.rel1.win32_1.0.200.202406191623/tools/bin/../lib/gcc/arm-none-eabi/12.3.1/../../../../arm-none-eabi/lib/thumb/v7e-m+dp/hard\libc_nano.a
LOAD C:/ST/STM32CubeIDE_1.16.0/STM32CubeIDE/plugins/com.st.stm32cube.ide.mcu.externaltools.gnu-tools-for-stm32.12.3.rel1.win32_1.0.200.202406191623/tools/bin/../lib/gcc/arm-none-eabi/12.3.1/../../../../arm-none-eabi/lib/thumb/v7e-m+dp/hard\libnosys.a
END GROUP
START GROUP
LOAD C:/ST/STM32CubeIDE_1.16.0/STM32CubeIDE/plugins/com.st.stm32cube.ide.mcu.externaltools.gnu-tools-for-stm32.12.3.rel1.win32_1.0.200.202406191623/tools/bin/../lib/gcc/arm-none-eabi/12.3.1/thumb/v7e-m+dp/hard\libgcc.a
LOAD C:/ST/STM32CubeIDE_1.16.0/STM32CubeIDE/plugins/com.st.stm32cube.ide.mcu.externaltools.gnu-tools-for-stm32.12.3.rel1.win32_1.0.200.202406191623/tools/bin/../lib/gcc/arm-none-eabi/12.3.1/../../../../arm-none-eabi/lib/thumb/v7e-m+dp/hard\libc_nano.a
LOAD C:/ST/STM32CubeIDE_1.16.0/STM32CubeIDE/plugins/com.st.stm32cube.ide.mcu.externaltools.gnu-tools-for-stm32.12.3.rel1.win32_1.0.200.202406191623/tools/bin/../lib/gcc/arm-none-eabi/12.3.1/../../../../arm-none-eabi/lib/thumb/v7e-m+dp/hard\libnosys.a
END GROUP
LOAD C:/ST/STM32CubeIDE_1.16.0/STM32CubeIDE/plugins/com.st.stm32cube.ide.mcu.externaltools.gnu-tools-for-stm32.12.3.rel1.win32_1.0.200.202406191623/tools/bin/../lib/gcc/arm-none-eabi/12.3.1/thumb/v7e-m+dp/hard/crtend.o
LOAD C:/ST/STM32CubeIDE_1.16.0/STM32CubeIDE/plugins/com.st.stm32cube.ide.mcu.externaltools.gnu-tools-for-stm32.12.3.rel1.win32_1.0.200.202406191623/tools/bin/../lib/gcc/arm-none-eabi/12.3.1/thumb/v7e-m+dp/hard/crtn.o
                0x24080000                        _estack = (ORIGIN (RAM_D1) + LENGTH (RAM_D1))
                0x00000200                        _Min_Heap_Size = 0x200
                0x00000400                        _Min_Stack_Size = 0x400

.isr_vector     0x08000000      0x298
                0x08000000                        . = ALIGN (0x4)
 *(.isr_vector)
 .isr_vector    0x08000000      0x298 ./Core/Startup/startup_stm32h743vitx.o
                0x08000000                g_pfnVectors
                0x08000298                        . = ALIGN (0x4)

.text           0x080002a0     0xe370
                0x080002a0                        . = ALIGN (0x4)
 *(.text)
 .text          0x080002a0       0x40 C:/ST/STM32CubeIDE_1.16.0/STM32CubeIDE/plugins/com.st.stm32cube.ide.mcu.externaltools.gnu-tools-for-stm32.12.3.rel1.win32_1.0.200.202406191623/tools/bin/../lib/gcc/arm-none-eabi/12.3.1/thumb/v7e-m+dp/hard/crtbegin.o
 .text          0x080002e0       0x10 C:/ST/STM32CubeIDE_1.16.0/STM32CubeIDE/plugins/com.st.stm32cube.ide.mcu.externaltools.gnu-tools-for-stm32.12.3.rel1.win32_1.0.200.202406191623/tools/bin/../lib/gcc/arm-none-eabi/12.3.1/../../../../arm-none-eabi/lib/thumb/v7e-m+dp/hard\libc_nano.a(libc_a-strlen.o)
                0x080002e0                strlen
 .text          0x080002f0       0xa0 C:/ST/STM32CubeIDE_1.16.0/STM32CubeIDE/plugins/com.st.stm32cube.ide.mcu.externaltools.gnu-tools-for-stm32.12.3.rel1.win32_1.0.200.202406191623/tools/bin/../lib/gcc/arm-none-eabi/12.3.1/../../../../arm-none-eabi/lib/thumb/v7e-m+dp/hard\libc_nano.a(libc_a-memchr.o)
                0x080002f0                memchr
 *(.text*)
 .text.swap     0x08000390       0x2c ./Core/Src/RA8875.o
 .text.RA8875_BUS_FREE
                0x080003bc       0x2c ./Core/Src/RA8875.o
 .text.RA8875_read_reg
                0x080003e8       0x20 ./Core/Src/RA8875.o
                0x080003e8                RA8875_read_reg
 .text.RA8875_write_data
                0x08000408       0x78 ./Core/Src/RA8875.o
                0x08000408                RA8875_write_data
 .text.RA8875_read_data
                0x08000480       0x78 ./Core/Src/RA8875.o
                0x08000480                RA8875_read_data
 .text.RA8875_write_command
                0x080004f8       0x78 ./Core/Src/RA8875.o
                0x080004f8                RA8875_write_command
 .text.RA8875_graphic_mode
                0x08000570       0x2c ./Core/Src/RA8875.o
                0x08000570                RA8875_graphic_mode
 .text.RA8875_wait_poll
                0x0800059c       0x32 ./Core/Src/RA8875.o
                0x0800059c                RA8875_wait_poll
 *fill*         0x080005ce        0x2 
 .text.RA8875_apply_rotation_x
                0x080005d0       0x3c ./Core/Src/RA8875.o
 .text.RA8875_apply_rotation_y
                0x0800060c       0x4c ./Core/Src/RA8875.o
 .text.rectHelper
                0x08000658      0x152 ./Core/Src/RA8875.o
 .text.triangleHelper
                0x080007aa      0x1c4 ./Core/Src/RA8875.o
 .text.ellipseHelper
                0x0800096e      0x13e ./Core/Src/RA8875.o
 .text.roundRectHelper
                0x08000aac      0x1e0 ./Core/Src/RA8875.o
 .text.RA8875_draw_fill_rect
                0x08000c8c       0x5a ./Core/Src/RA8875.o
                0x08000c8c                RA8875_draw_fill_rect
 *fill*         0x08000ce6        0x2 
 .text.RA8875_fill_screen
                0x08000ce8       0x40 ./Core/Src/RA8875.o
                0x08000ce8                RA8875_fill_screen
 .text.RA8875_draw_fill_triangle
                0x08000d28       0x50 ./Core/Src/RA8875.o
                0x08000d28                RA8875_draw_fill_triangle
 .text.RA8875_draw_fill_ellipse
                0x08000d78       0x44 ./Core/Src/RA8875.o
                0x08000d78                RA8875_draw_fill_ellipse
 .text.RA8875_draw_fill_round_rect
                0x08000dbc       0x58 ./Core/Src/RA8875.o
                0x08000dbc                RA8875_draw_fill_round_rect
 .text.RA8875_text_mode
                0x08000e14       0x4a ./Core/Src/RA8875.o
                0x08000e14                RA8875_text_mode
 .text.RA8875_text_cursor_position
                0x08000e5e       0x7c ./Core/Src/RA8875.o
                0x08000e5e                RA8875_text_cursor_position
 .text.RA8875_text_color
                0x08000eda       0xba ./Core/Src/RA8875.o
                0x08000eda                RA8875_text_color
 .text.RA8875_text_scale
                0x08000f94       0x54 ./Core/Src/RA8875.o
                0x08000f94                RA8875_text_scale
 .text.RA8875_text_write
                0x08000fe8       0x60 ./Core/Src/RA8875.o
                0x08000fe8                RA8875_text_write
 .text.end_game
                0x08001048      0x4d4 ./Core/Src/game_engine.o
                0x08001048                end_game
 .text.main     0x0800151c       0x68 ./Core/Src/main.o
                0x0800151c                main
 .text.SystemClock_Config
                0x08001584       0xfc ./Core/Src/main.o
                0x08001584                SystemClock_Config
 .text.MX_I2S3_Init
                0x08001680       0x64 ./Core/Src/main.o
 .text.MX_RNG_Init
                0x080016e4       0x2c ./Core/Src/main.o
 .text.MX_SPI1_Init
                0x08001710       0xac ./Core/Src/main.o
 .text.MX_SPI2_Init
                0x080017bc       0xb0 ./Core/Src/main.o
 .text.MX_TIM6_Init
                0x0800186c       0x70 ./Core/Src/main.o
 .text.MX_DMA_Init
                0x080018dc       0x50 ./Core/Src/main.o
 .text.MX_GPIO_Init
                0x0800192c      0x1e8 ./Core/Src/main.o
 .text.Error_Handler
                0x08001b14        0xc ./Core/Src/main.o
                0x08001b14                Error_Handler
 .text.HAL_MspInit
                0x08001b20       0x34 ./Core/Src/stm32h7xx_hal_msp.o
                0x08001b20                HAL_MspInit
 .text.HAL_I2S_MspInit
                0x08001b54      0x16c ./Core/Src/stm32h7xx_hal_msp.o
                0x08001b54                HAL_I2S_MspInit
 .text.HAL_RNG_MspInit
                0x08001cc0       0x74 ./Core/Src/stm32h7xx_hal_msp.o
                0x08001cc0                HAL_RNG_MspInit
 .text.HAL_SPI_MspInit
                0x08001d34      0x2dc ./Core/Src/stm32h7xx_hal_msp.o
                0x08001d34                HAL_SPI_MspInit
 .text.HAL_TIM_Base_MspInit
                0x08002010       0x50 ./Core/Src/stm32h7xx_hal_msp.o
                0x08002010                HAL_TIM_Base_MspInit
 .text.NMI_Handler
                0x08002060        0x8 ./Core/Src/stm32h7xx_it.o
                0x08002060                NMI_Handler
 .text.HardFault_Handler
                0x08002068        0x8 ./Core/Src/stm32h7xx_it.o
                0x08002068                HardFault_Handler
 .text.MemManage_Handler
                0x08002070        0x8 ./Core/Src/stm32h7xx_it.o
                0x08002070                MemManage_Handler
 .text.BusFault_Handler
                0x08002078        0x8 ./Core/Src/stm32h7xx_it.o
                0x08002078                BusFault_Handler
 .text.UsageFault_Handler
                0x08002080        0x8 ./Core/Src/stm32h7xx_it.o
                0x08002080                UsageFault_Handler
 .text.SVC_Handler
                0x08002088        0xe ./Core/Src/stm32h7xx_it.o
                0x08002088                SVC_Handler
 .text.DebugMon_Handler
                0x08002096        0xe ./Core/Src/stm32h7xx_it.o
                0x08002096                DebugMon_Handler
 .text.PendSV_Handler
                0x080020a4        0xe ./Core/Src/stm32h7xx_it.o
                0x080020a4                PendSV_Handler
 .text.SysTick_Handler
                0x080020b2        0xc ./Core/Src/stm32h7xx_it.o
                0x080020b2                SysTick_Handler
 *fill*         0x080020be        0x2 
 .text.DMA1_Stream0_IRQHandler
                0x080020c0       0x14 ./Core/Src/stm32h7xx_it.o
                0x080020c0                DMA1_Stream0_IRQHandler
 .text.DMA1_Stream1_IRQHandler
                0x080020d4       0x14 ./Core/Src/stm32h7xx_it.o
                0x080020d4                DMA1_Stream1_IRQHandler
 .text.SPI2_IRQHandler
                0x080020e8       0x14 ./Core/Src/stm32h7xx_it.o
                0x080020e8                SPI2_IRQHandler
 .text.TIM6_DAC_IRQHandler
                0x080020fc       0x80 ./Core/Src/stm32h7xx_it.o
                0x080020fc                TIM6_DAC_IRQHandler
 .text._sbrk    0x0800217c       0x6c ./Core/Src/sysmem.o
                0x0800217c                _sbrk
 .text.SystemInit
                0x080021e8      0x110 ./Core/Src/system_stm32h7xx.o
                0x080021e8                SystemInit
 .text.Reset_Handler
                0x080022f8       0x50 ./Core/Startup/startup_stm32h743vitx.o
                0x080022f8                Reset_Handler
 .text.Default_Handler
                0x08002348        0x2 ./Core/Startup/startup_stm32h743vitx.o
                0x08002348                RTC_Alarm_IRQHandler
                0x08002348                EXTI2_IRQHandler
                0x08002348                TIM8_CC_IRQHandler
                0x08002348                HRTIM1_Master_IRQHandler
                0x08002348                UART8_IRQHandler
                0x08002348                SPI4_IRQHandler
                0x08002348                TIM1_CC_IRQHandler
                0x08002348                BDMA_Channel6_IRQHandler
                0x08002348                DMA2_Stream5_IRQHandler
                0x08002348                HRTIM1_FLT_IRQHandler
                0x08002348                JPEG_IRQHandler
                0x08002348                DMA1_Stream5_IRQHandler
                0x08002348                BDMA_Channel1_IRQHandler
                0x08002348                HRTIM1_TIMD_IRQHandler
                0x08002348                TAMP_STAMP_IRQHandler
                0x08002348                EXTI3_IRQHandler
                0x08002348                LPTIM4_IRQHandler
                0x08002348                TIM8_TRG_COM_TIM14_IRQHandler
                0x08002348                LPTIM2_IRQHandler
                0x08002348                DFSDM1_FLT1_IRQHandler
                0x08002348                DMAMUX2_OVR_IRQHandler
                0x08002348                TIM8_UP_TIM13_IRQHandler
                0x08002348                I2C3_ER_IRQHandler
                0x08002348                DFSDM1_FLT2_IRQHandler
                0x08002348                MDMA_IRQHandler
                0x08002348                LPTIM3_IRQHandler
                0x08002348                HSEM1_IRQHandler
                0x08002348                EXTI0_IRQHandler
                0x08002348                I2C2_EV_IRQHandler
                0x08002348                DMA1_Stream2_IRQHandler
                0x08002348                FPU_IRQHandler
                0x08002348                OTG_HS_WKUP_IRQHandler
                0x08002348                FDCAN1_IT1_IRQHandler
                0x08002348                LTDC_ER_IRQHandler
                0x08002348                DMA2_Stream2_IRQHandler
                0x08002348                HRTIM1_TIME_IRQHandler
                0x08002348                SPI1_IRQHandler
                0x08002348                DCMI_IRQHandler
                0x08002348                HRTIM1_TIMC_IRQHandler
                0x08002348                DMA2_Stream3_IRQHandler
                0x08002348                SAI2_IRQHandler
                0x08002348                DFSDM1_FLT3_IRQHandler
                0x08002348                USART6_IRQHandler
                0x08002348                TIM17_IRQHandler
                0x08002348                USART3_IRQHandler
                0x08002348                BDMA_Channel7_IRQHandler
                0x08002348                LPTIM5_IRQHandler
                0x08002348                UART5_IRQHandler
                0x08002348                ADC3_IRQHandler
                0x08002348                DMA2_Stream0_IRQHandler
                0x08002348                TIM4_IRQHandler
                0x08002348                BDMA_Channel2_IRQHandler
                0x08002348                QUADSPI_IRQHandler
                0x08002348                I2C1_EV_IRQHandler
                0x08002348                DMA1_Stream6_IRQHandler
                0x08002348                DMAMUX1_OVR_IRQHandler
                0x08002348                TIM16_IRQHandler
                0x08002348                UART4_IRQHandler
                0x08002348                BDMA_Channel5_IRQHandler
                0x08002348                TIM3_IRQHandler
                0x08002348                RCC_IRQHandler
                0x08002348                TIM8_BRK_TIM12_IRQHandler
                0x08002348                TIM1_TRG_COM_IRQHandler
                0x08002348                Default_Handler
                0x08002348                ECC_IRQHandler
                0x08002348                CEC_IRQHandler
                0x08002348                EXTI15_10_IRQHandler
                0x08002348                BDMA_Channel0_IRQHandler
                0x08002348                ADC_IRQHandler
                0x08002348                DMA1_Stream7_IRQHandler
                0x08002348                HRTIM1_TIMA_IRQHandler
                0x08002348                SPI5_IRQHandler
                0x08002348                TIM7_IRQHandler
                0x08002348                SDMMC1_IRQHandler
                0x08002348                TIM5_IRQHandler
                0x08002348                DMA2_Stream7_IRQHandler
                0x08002348                TIM15_IRQHandler
                0x08002348                PVD_AVD_IRQHandler
                0x08002348                I2C3_EV_IRQHandler
                0x08002348                EXTI9_5_IRQHandler
                0x08002348                RTC_WKUP_IRQHandler
                0x08002348                LTDC_IRQHandler
                0x08002348                SAI3_IRQHandler
                0x08002348                ETH_WKUP_IRQHandler
                0x08002348                SPDIF_RX_IRQHandler
                0x08002348                OTG_HS_EP1_IN_IRQHandler
                0x08002348                CRS_IRQHandler
                0x08002348                EXTI4_IRQHandler
                0x08002348                RNG_IRQHandler
                0x08002348                HRTIM1_TIMB_IRQHandler
                0x08002348                FDCAN2_IT1_IRQHandler
                0x08002348                ETH_IRQHandler
                0x08002348                TIM1_UP_IRQHandler
                0x08002348                BDMA_Channel4_IRQHandler
                0x08002348                OTG_HS_EP1_OUT_IRQHandler
                0x08002348                WWDG_IRQHandler
                0x08002348                SPI6_IRQHandler
                0x08002348                MDIOS_IRQHandler
                0x08002348                I2C4_EV_IRQHandler
                0x08002348                FDCAN2_IT0_IRQHandler
                0x08002348                LPUART1_IRQHandler
                0x08002348                FDCAN1_IT0_IRQHandler
                0x08002348                TIM2_IRQHandler
                0x08002348                OTG_FS_WKUP_IRQHandler
                0x08002348                OTG_HS_IRQHandler
                0x08002348                DMA2D_IRQHandler
                0x08002348                TIM1_BRK_IRQHandler
                0x08002348                EXTI1_IRQHandler
                0x08002348                SDMMC2_IRQHandler
                0x08002348                OTG_FS_EP1_OUT_IRQHandler
                0x08002348                BDMA_Channel3_IRQHandler
                0x08002348                UART7_IRQHandler
                0x08002348                MDIOS_WKUP_IRQHandler
                0x08002348                USART2_IRQHandler
                0x08002348                DFSDM1_FLT0_IRQHandler
                0x08002348                SAI4_IRQHandler
                0x08002348                I2C2_ER_IRQHandler
                0x08002348                DMA2_Stream1_IRQHandler
                0x08002348                FLASH_IRQHandler
                0x08002348                DMA2_Stream4_IRQHandler
                0x08002348                USART1_IRQHandler
                0x08002348                OTG_FS_IRQHandler
                0x08002348                SPI3_IRQHandler
                0x08002348                WAKEUP_PIN_IRQHandler
                0x08002348                DMA1_Stream4_IRQHandler
                0x08002348                OTG_FS_EP1_IN_IRQHandler
                0x08002348                I2C1_ER_IRQHandler
                0x08002348                FMC_IRQHandler
                0x08002348                FDCAN_CAL_IRQHandler
                0x08002348                SWPMI1_IRQHandler
                0x08002348                COMP1_IRQHandler
                0x08002348                LPTIM1_IRQHandler
                0x08002348                I2C4_ER_IRQHandler
                0x08002348                DMA2_Stream6_IRQHandler
                0x08002348                SAI1_IRQHandler
                0x08002348                DMA1_Stream3_IRQHandler
 *fill*         0x0800234a        0x2 
 .text.HAL_Init
                0x0800234c       0x78 ./Drivers/STM32H7xx_HAL_Driver/Src/stm32h7xx_hal.o
                0x0800234c                HAL_Init
 .text.HAL_InitTick
                0x080023c4       0x6c ./Drivers/STM32H7xx_HAL_Driver/Src/stm32h7xx_hal.o
                0x080023c4                HAL_InitTick
 .text.HAL_IncTick
                0x08002430       0x28 ./Drivers/STM32H7xx_HAL_Driver/Src/stm32h7xx_hal.o
                0x08002430                HAL_IncTick
 .text.HAL_GetTick
                0x08002458       0x18 ./Drivers/STM32H7xx_HAL_Driver/Src/stm32h7xx_hal.o
                0x08002458                HAL_GetTick
 .text.HAL_Delay
                0x08002470       0x48 ./Drivers/STM32H7xx_HAL_Driver/Src/stm32h7xx_hal.o
                0x08002470                HAL_Delay
 .text.HAL_GetREVID
                0x080024b8       0x18 ./Drivers/STM32H7xx_HAL_Driver/Src/stm32h7xx_hal.o
                0x080024b8                HAL_GetREVID
 .text.__NVIC_SetPriorityGrouping
                0x080024d0       0x48 ./Drivers/STM32H7xx_HAL_Driver/Src/stm32h7xx_hal_cortex.o
 .text.__NVIC_GetPriorityGrouping
                0x08002518       0x1c ./Drivers/STM32H7xx_HAL_Driver/Src/stm32h7xx_hal_cortex.o
 .text.__NVIC_EnableIRQ
                0x08002534       0x3c ./Drivers/STM32H7xx_HAL_Driver/Src/stm32h7xx_hal_cortex.o
 .text.__NVIC_SetPriority
                0x08002570       0x54 ./Drivers/STM32H7xx_HAL_Driver/Src/stm32h7xx_hal_cortex.o
 .text.NVIC_EncodePriority
                0x080025c4       0x66 ./Drivers/STM32H7xx_HAL_Driver/Src/stm32h7xx_hal_cortex.o
 *fill*         0x0800262a        0x2 
 .text.SysTick_Config
                0x0800262c       0x44 ./Drivers/STM32H7xx_HAL_Driver/Src/stm32h7xx_hal_cortex.o
 .text.HAL_NVIC_SetPriorityGrouping
                0x08002670       0x16 ./Drivers/STM32H7xx_HAL_Driver/Src/stm32h7xx_hal_cortex.o
                0x08002670                HAL_NVIC_SetPriorityGrouping
 .text.HAL_NVIC_SetPriority
                0x08002686       0x34 ./Drivers/STM32H7xx_HAL_Driver/Src/stm32h7xx_hal_cortex.o
                0x08002686                HAL_NVIC_SetPriority
 .text.HAL_NVIC_EnableIRQ
                0x080026ba       0x1c ./Drivers/STM32H7xx_HAL_Driver/Src/stm32h7xx_hal_cortex.o
                0x080026ba                HAL_NVIC_EnableIRQ
 .text.HAL_SYSTICK_Config
                0x080026d6       0x18 ./Drivers/STM32H7xx_HAL_Driver/Src/stm32h7xx_hal_cortex.o
                0x080026d6                HAL_SYSTICK_Config
 *fill*         0x080026ee        0x2 
 .text.HAL_DMA_Init
                0x080026f0      0x6b8 ./Drivers/STM32H7xx_HAL_Driver/Src/stm32h7xx_hal_dma.o
                0x080026f0                HAL_DMA_Init
 .text.HAL_DMA_Abort_IT
                0x08002da8      0x48c ./Drivers/STM32H7xx_HAL_Driver/Src/stm32h7xx_hal_dma.o
                0x08002da8                HAL_DMA_Abort_IT
 .text.HAL_DMA_IRQHandler
                0x08003234      0xe54 ./Drivers/STM32H7xx_HAL_Driver/Src/stm32h7xx_hal_dma.o
                0x08003234                HAL_DMA_IRQHandler
 .text.DMA_CalcBaseAndBitshift
                0x08004088      0x164 ./Drivers/STM32H7xx_HAL_Driver/Src/stm32h7xx_hal_dma.o
 .text.DMA_CheckFifoParam
                0x080041ec       0xf8 ./Drivers/STM32H7xx_HAL_Driver/Src/stm32h7xx_hal_dma.o
 .text.DMA_CalcDMAMUXChannelBaseAndMask
                0x080042e4      0x134 ./Drivers/STM32H7xx_HAL_Driver/Src/stm32h7xx_hal_dma.o
 .text.DMA_CalcDMAMUXRequestGenBaseAndMask
                0x08004418       0xe8 ./Drivers/STM32H7xx_HAL_Driver/Src/stm32h7xx_hal_dma.o
 .text.HAL_GPIO_Init
                0x08004500      0x360 ./Drivers/STM32H7xx_HAL_Driver/Src/stm32h7xx_hal_gpio.o
                0x08004500                HAL_GPIO_Init
 .text.HAL_GPIO_WritePin
                0x08004860       0x32 ./Drivers/STM32H7xx_HAL_Driver/Src/stm32h7xx_hal_gpio.o
                0x08004860                HAL_GPIO_WritePin
 *fill*         0x08004892        0x2 
 .text.HAL_I2S_Init
                0x08004894      0x244 ./Drivers/STM32H7xx_HAL_Driver/Src/stm32h7xx_hal_i2s.o
                0x08004894                HAL_I2S_Init
 .text.HAL_PWREx_ConfigSupply
                0x08004ad8       0x74 ./Drivers/STM32H7xx_HAL_Driver/Src/stm32h7xx_hal_pwr_ex.o
                0x08004ad8                HAL_PWREx_ConfigSupply
 .text.HAL_RCC_OscConfig
                0x08004b4c      0x8b4 ./Drivers/STM32H7xx_HAL_Driver/Src/stm32h7xx_hal_rcc.o
                0x08004b4c                HAL_RCC_OscConfig
 .text.HAL_RCC_ClockConfig
                0x08005400      0x36c ./Drivers/STM32H7xx_HAL_Driver/Src/stm32h7xx_hal_rcc.o
                0x08005400                HAL_RCC_ClockConfig
 .text.HAL_RCC_GetSysClockFreq
                0x0800576c      0x2f4 ./Drivers/STM32H7xx_HAL_Driver/Src/stm32h7xx_hal_rcc.o
                0x0800576c                HAL_RCC_GetSysClockFreq
 .text.HAL_RCC_GetHCLKFreq
                0x08005a60       0x60 ./Drivers/STM32H7xx_HAL_Driver/Src/stm32h7xx_hal_rcc.o
                0x08005a60                HAL_RCC_GetHCLKFreq
 .text.HAL_RCC_GetPCLK1Freq
                0x08005ac0       0x2c ./Drivers/STM32H7xx_HAL_Driver/Src/stm32h7xx_hal_rcc.o
                0x08005ac0                HAL_RCC_GetPCLK1Freq
 .text.HAL_RCCEx_PeriphCLKConfig
                0x08005aec     0x1414 ./Drivers/STM32H7xx_HAL_Driver/Src/stm32h7xx_hal_rcc_ex.o
                0x08005aec                HAL_RCCEx_PeriphCLKConfig
 .text.HAL_RCCEx_GetPeriphCLKFreq
                0x08006f00      0xb00 ./Drivers/STM32H7xx_HAL_Driver/Src/stm32h7xx_hal_rcc_ex.o
                0x08006f00                HAL_RCCEx_GetPeriphCLKFreq
 .text.HAL_RCCEx_GetD3PCLK1Freq
                0x08007a00       0x2c ./Drivers/STM32H7xx_HAL_Driver/Src/stm32h7xx_hal_rcc_ex.o
                0x08007a00                HAL_RCCEx_GetD3PCLK1Freq
 .text.HAL_RCCEx_GetPLL2ClockFreq
                0x08007a2c      0x2a8 ./Drivers/STM32H7xx_HAL_Driver/Src/stm32h7xx_hal_rcc_ex.o
                0x08007a2c                HAL_RCCEx_GetPLL2ClockFreq
 .text.HAL_RCCEx_GetPLL3ClockFreq
                0x08007cd4      0x2a8 ./Drivers/STM32H7xx_HAL_Driver/Src/stm32h7xx_hal_rcc_ex.o
                0x08007cd4                HAL_RCCEx_GetPLL3ClockFreq
 .text.HAL_RCCEx_GetPLL1ClockFreq
                0x08007f7c      0x2a4 ./Drivers/STM32H7xx_HAL_Driver/Src/stm32h7xx_hal_rcc_ex.o
                0x08007f7c                HAL_RCCEx_GetPLL1ClockFreq
 .text.RCCEx_PLL2_Config
                0x08008220      0x164 ./Drivers/STM32H7xx_HAL_Driver/Src/stm32h7xx_hal_rcc_ex.o
 .text.RCCEx_PLL3_Config
                0x08008384      0x164 ./Drivers/STM32H7xx_HAL_Driver/Src/stm32h7xx_hal_rcc_ex.o
 .text.HAL_RNG_Init
                0x080084e8       0xc4 ./Drivers/STM32H7xx_HAL_Driver/Src/stm32h7xx_hal_rng.o
                0x080084e8                HAL_RNG_Init
 .text.HAL_SPI_Init
                0x080085ac      0x248 ./Drivers/STM32H7xx_HAL_Driver/Src/stm32h7xx_hal_spi.o
                0x080085ac                HAL_SPI_Init
 .text.HAL_SPI_Transmit
                0x080087f4      0x3dc ./Drivers/STM32H7xx_HAL_Driver/Src/stm32h7xx_hal_spi.o
                0x080087f4                HAL_SPI_Transmit
 .text.HAL_SPI_Receive
                0x08008bd0      0x4e4 ./Drivers/STM32H7xx_HAL_Driver/Src/stm32h7xx_hal_spi.o
                0x08008bd0                HAL_SPI_Receive
 .text.HAL_SPI_TransmitReceive
                0x080090b4      0x674 ./Drivers/STM32H7xx_HAL_Driver/Src/stm32h7xx_hal_spi.o
                0x080090b4                HAL_SPI_TransmitReceive
 .text.HAL_SPI_IRQHandler
                0x08009728      0x39c ./Drivers/STM32H7xx_HAL_Driver/Src/stm32h7xx_hal_spi.o
                0x08009728                HAL_SPI_IRQHandler
 .text.HAL_SPI_TxCpltCallback
                0x08009ac4       0x14 ./Drivers/STM32H7xx_HAL_Driver/Src/stm32h7xx_hal_spi.o
                0x08009ac4                HAL_SPI_TxCpltCallback
 .text.HAL_SPI_RxCpltCallback
                0x08009ad8       0x14 ./Drivers/STM32H7xx_HAL_Driver/Src/stm32h7xx_hal_spi.o
                0x08009ad8                HAL_SPI_RxCpltCallback
 .text.HAL_SPI_TxRxCpltCallback
                0x08009aec       0x14 ./Drivers/STM32H7xx_HAL_Driver/Src/stm32h7xx_hal_spi.o
                0x08009aec                HAL_SPI_TxRxCpltCallback
 .text.HAL_SPI_ErrorCallback
                0x08009b00       0x14 ./Drivers/STM32H7xx_HAL_Driver/Src/stm32h7xx_hal_spi.o
                0x08009b00                HAL_SPI_ErrorCallback
 .text.HAL_SPI_SuspendCallback
                0x08009b14       0x14 ./Drivers/STM32H7xx_HAL_Driver/Src/stm32h7xx_hal_spi.o
                0x08009b14                HAL_SPI_SuspendCallback
 .text.SPI_DMAAbortOnError
                0x08009b28       0x34 ./Drivers/STM32H7xx_HAL_Driver/Src/stm32h7xx_hal_spi.o
 .text.SPI_CloseTransfer
                0x08009b5c      0x140 ./Drivers/STM32H7xx_HAL_Driver/Src/stm32h7xx_hal_spi.o
 .text.SPI_WaitOnFlagUntilTimeout
                0x08009c9c       0x5c ./Drivers/STM32H7xx_HAL_Driver/Src/stm32h7xx_hal_spi.o
 .text.SPI_GetPacketSize
                0x08009cf8       0x36 ./Drivers/STM32H7xx_HAL_Driver/Src/stm32h7xx_hal_spi.o
 .text.HAL_TIM_Base_Init
                0x08009d2e       0xae ./Drivers/STM32H7xx_HAL_Driver/Src/stm32h7xx_hal_tim.o
                0x08009d2e                HAL_TIM_Base_Init
 .text.HAL_TIM_Base_Stop_IT
                0x08009ddc       0x5e ./Drivers/STM32H7xx_HAL_Driver/Src/stm32h7xx_hal_tim.o
                0x08009ddc                HAL_TIM_Base_Stop_IT
 .text.HAL_TIM_IRQHandler
                0x08009e3a      0x20e ./Drivers/STM32H7xx_HAL_Driver/Src/stm32h7xx_hal_tim.o
                0x08009e3a                HAL_TIM_IRQHandler
 .text.HAL_TIM_PeriodElapsedCallback
                0x0800a048       0x14 ./Drivers/STM32H7xx_HAL_Driver/Src/stm32h7xx_hal_tim.o
                0x0800a048                HAL_TIM_PeriodElapsedCallback
 .text.HAL_TIM_OC_DelayElapsedCallback
                0x0800a05c       0x14 ./Drivers/STM32H7xx_HAL_Driver/Src/stm32h7xx_hal_tim.o
                0x0800a05c                HAL_TIM_OC_DelayElapsedCallback
 .text.HAL_TIM_IC_CaptureCallback
                0x0800a070       0x14 ./Drivers/STM32H7xx_HAL_Driver/Src/stm32h7xx_hal_tim.o
                0x0800a070                HAL_TIM_IC_CaptureCallback
 .text.HAL_TIM_PWM_PulseFinishedCallback
                0x0800a084       0x14 ./Drivers/STM32H7xx_HAL_Driver/Src/stm32h7xx_hal_tim.o
                0x0800a084                HAL_TIM_PWM_PulseFinishedCallback
 .text.HAL_TIM_TriggerCallback
                0x0800a098       0x14 ./Drivers/STM32H7xx_HAL_Driver/Src/stm32h7xx_hal_tim.o
                0x0800a098                HAL_TIM_TriggerCallback
 .text.TIM_Base_SetConfig
                0x0800a0ac      0x14c ./Drivers/STM32H7xx_HAL_Driver/Src/stm32h7xx_hal_tim.o
                0x0800a0ac                TIM_Base_SetConfig
 .text.HAL_TIMEx_MasterConfigSynchronization
                0x0800a1f8      0x11c ./Drivers/STM32H7xx_HAL_Driver/Src/stm32h7xx_hal_tim_ex.o
                0x0800a1f8                HAL_TIMEx_MasterConfigSynchronization
 .text.HAL_TIMEx_CommutCallback
                0x0800a314       0x14 ./Drivers/STM32H7xx_HAL_Driver/Src/stm32h7xx_hal_tim_ex.o
                0x0800a314                HAL_TIMEx_CommutCallback
 .text.HAL_TIMEx_BreakCallback
                0x0800a328       0x14 ./Drivers/STM32H7xx_HAL_Driver/Src/stm32h7xx_hal_tim_ex.o
                0x0800a328                HAL_TIMEx_BreakCallback
 .text.HAL_TIMEx_Break2Callback
                0x0800a33c       0x14 ./Drivers/STM32H7xx_HAL_Driver/Src/stm32h7xx_hal_tim_ex.o
                0x0800a33c                HAL_TIMEx_Break2Callback
 .text.MX_FATFS_Init
                0x0800a350       0x24 ./FATFS/App/fatfs.o
                0x0800a350                MX_FATFS_Init
 .text.get_fattime
                0x0800a374       0x10 ./FATFS/App/fatfs.o
                0x0800a374                get_fattime
 .text.USER_initialize
                0x0800a384       0x1c ./FATFS/Target/user_diskio.o
                0x0800a384                USER_initialize
 .text.USER_status
                0x0800a3a0       0x1c ./FATFS/Target/user_diskio.o
                0x0800a3a0                USER_status
 .text.USER_read
                0x0800a3bc       0x26 ./FATFS/Target/user_diskio.o
                0x0800a3bc                USER_read
 .text.USER_write
                0x0800a3e2       0x26 ./FATFS/Target/user_diskio.o
                0x0800a3e2                USER_write
 .text.USER_ioctl
                0x0800a408       0x26 ./FATFS/Target/user_diskio.o
                0x0800a408                USER_ioctl
 .text.Set_SPI_BaudRate
                0x0800a42e       0x4c ./FATFS/Target/user_diskio_spi.o
                0x0800a42e                Set_SPI_BaudRate
 *fill*         0x0800a47a        0x2 
 .text.SPI_Timer_On
                0x0800a47c       0x28 ./FATFS/Target/user_diskio_spi.o
                0x0800a47c                SPI_Timer_On
 .text.SPI_Timer_Status
                0x0800a4a4       0x2c ./FATFS/Target/user_diskio_spi.o
                0x0800a4a4                SPI_Timer_Status
 .text.xchg_spi
                0x0800a4d0       0x2c ./FATFS/Target/user_diskio_spi.o
 .text.rcvr_spi_multi
                0x0800a4fc       0x38 ./FATFS/Target/user_diskio_spi.o
 .text.xmit_spi_multi
                0x0800a534       0x28 ./FATFS/Target/user_diskio_spi.o
 .text.wait_ready
                0x0800a55c       0x46 ./FATFS/Target/user_diskio_spi.o
 *fill*         0x0800a5a2        0x2 
 .text.despiselect
                0x0800a5a4       0x20 ./FATFS/Target/user_diskio_spi.o
                0x0800a5a4                despiselect
 .text.spiselect
                0x0800a5c4       0x38 ./FATFS/Target/user_diskio_spi.o
                0x0800a5c4                spiselect
 .text.rcvr_datablock
                0x0800a5fc       0x52 ./FATFS/Target/user_diskio_spi.o
 .text.xmit_datablock
                0x0800a64e       0x64 ./FATFS/Target/user_diskio_spi.o
 .text.send_cmd
                0x0800a6b2       0xde ./FATFS/Target/user_diskio_spi.o
 .text.USER_SPI_initialize
                0x0800a790      0x1c0 ./FATFS/Target/user_diskio_spi.o
                0x0800a790                USER_SPI_initialize
 .text.USER_SPI_status
                0x0800a950       0x2c ./FATFS/Target/user_diskio_spi.o
                0x0800a950                USER_SPI_status
 .text.USER_SPI_read
                0x0800a97c       0xcc ./FATFS/Target/user_diskio_spi.o
                0x0800a97c                USER_SPI_read
 .text.USER_SPI_write
                0x0800aa48       0xf8 ./FATFS/Target/user_diskio_spi.o
                0x0800aa48                USER_SPI_write
 .text.USER_SPI_ioctl
                0x0800ab40      0x2e0 ./FATFS/Target/user_diskio_spi.o
                0x0800ab40                USER_SPI_ioctl
 .text.read_vec
                0x0800ae20      0x1e0 ./FATFS/Target/user_diskio_spi.o
                0x0800ae20                read_vec
 .text.disk_status
                0x0800b000       0x34 ./Middlewares/Third_Party/FatFs/src/diskio.o
                0x0800b000                disk_status
 .text.disk_initialize
                0x0800b034       0x50 ./Middlewares/Third_Party/FatFs/src/diskio.o
                0x0800b034                disk_initialize
 .text.disk_read
                0x0800b084       0x40 ./Middlewares/Third_Party/FatFs/src/diskio.o
                0x0800b084                disk_read
 .text.disk_write
                0x0800b0c4       0x40 ./Middlewares/Third_Party/FatFs/src/diskio.o
                0x0800b0c4                disk_write
 .text.disk_ioctl
                0x0800b104       0x3c ./Middlewares/Third_Party/FatFs/src/diskio.o
                0x0800b104                disk_ioctl
 .text.ld_word  0x0800b140       0x30 ./Middlewares/Third_Party/FatFs/src/ff.o
 .text.ld_dword
                0x0800b170       0x46 ./Middlewares/Third_Party/FatFs/src/ff.o
 .text.st_word  0x0800b1b6       0x36 ./Middlewares/Third_Party/FatFs/src/ff.o
 .text.st_dword
                0x0800b1ec       0x58 ./Middlewares/Third_Party/FatFs/src/ff.o
 .text.mem_cpy  0x0800b244       0x42 ./Middlewares/Third_Party/FatFs/src/ff.o
 .text.mem_set  0x0800b286       0x36 ./Middlewares/Third_Party/FatFs/src/ff.o
 .text.mem_cmp  0x0800b2bc       0x4e ./Middlewares/Third_Party/FatFs/src/ff.o
 .text.chk_chr  0x0800b30a       0x36 ./Middlewares/Third_Party/FatFs/src/ff.o
 .text.chk_lock
                0x0800b340       0xb8 ./Middlewares/Third_Party/FatFs/src/ff.o
 .text.enq_lock
                0x0800b3f8       0x44 ./Middlewares/Third_Party/FatFs/src/ff.o
 .text.inc_lock
                0x0800b43c      0x11c ./Middlewares/Third_Party/FatFs/src/ff.o
 .text.dec_lock
                0x0800b558       0x78 ./Middlewares/Third_Party/FatFs/src/ff.o
 .text.clear_lock
                0x0800b5d0       0x48 ./Middlewares/Third_Party/FatFs/src/ff.o
 .text.sync_window
                0x0800b618       0x88 ./Middlewares/Third_Party/FatFs/src/ff.o
 .text.move_window
                0x0800b6a0       0x5a ./Middlewares/Third_Party/FatFs/src/ff.o
 *fill*         0x0800b6fa        0x2 
 .text.sync_fs  0x0800b6fc       0xdc ./Middlewares/Third_Party/FatFs/src/ff.o
 .text.clust2sect
                0x0800b7d8       0x3e ./Middlewares/Third_Party/FatFs/src/ff.o
 .text.get_fat  0x0800b816      0x14e ./Middlewares/Third_Party/FatFs/src/ff.o
 .text.put_fat  0x0800b964      0x1d4 ./Middlewares/Third_Party/FatFs/src/ff.o
 .text.remove_chain
                0x0800bb38       0xca ./Middlewares/Third_Party/FatFs/src/ff.o
 .text.create_chain
                0x0800bc02      0x130 ./Middlewares/Third_Party/FatFs/src/ff.o
 .text.clmt_clust
                0x0800bd32       0x68 ./Middlewares/Third_Party/FatFs/src/ff.o
 .text.dir_sdi  0x0800bd9a       0xf6 ./Middlewares/Third_Party/FatFs/src/ff.o
 .text.dir_next
                0x0800be90      0x18a ./Middlewares/Third_Party/FatFs/src/ff.o
 .text.dir_alloc
                0x0800c01a       0x8e ./Middlewares/Third_Party/FatFs/src/ff.o
 .text.ld_clust
                0x0800c0a8       0x3e ./Middlewares/Third_Party/FatFs/src/ff.o
 .text.st_clust
                0x0800c0e6       0x40 ./Middlewares/Third_Party/FatFs/src/ff.o
 *fill*         0x0800c126        0x2 
 .text.cmp_lfn  0x0800c128       0xe0 ./Middlewares/Third_Party/FatFs/src/ff.o
 .text.put_lfn  0x0800c208       0xd0 ./Middlewares/Third_Party/FatFs/src/ff.o
 .text.gen_numname
                0x0800c2d8      0x11c ./Middlewares/Third_Party/FatFs/src/ff.o
 .text.sum_sfn  0x0800c3f4       0x42 ./Middlewares/Third_Party/FatFs/src/ff.o
 .text.dir_find
                0x0800c436      0x180 ./Middlewares/Third_Party/FatFs/src/ff.o
 *fill*         0x0800c5b6        0x2 
 .text.dir_register
                0x0800c5b8      0x1f0 ./Middlewares/Third_Party/FatFs/src/ff.o
 .text.create_name
                0x0800c7a8      0x370 ./Middlewares/Third_Party/FatFs/src/ff.o
 .text.follow_path
                0x0800cb18       0xe2 ./Middlewares/Third_Party/FatFs/src/ff.o
 .text.get_ldnumber
                0x0800cbfa       0x88 ./Middlewares/Third_Party/FatFs/src/ff.o
 *fill*         0x0800cc82        0x2 
 .text.check_fs
                0x0800cc84       0xac ./Middlewares/Third_Party/FatFs/src/ff.o
 .text.find_volume
                0x0800cd30      0x4a0 ./Middlewares/Third_Party/FatFs/src/ff.o
 .text.validate
                0x0800d1d0       0x6a ./Middlewares/Third_Party/FatFs/src/ff.o
 *fill*         0x0800d23a        0x2 
 .text.f_mount  0x0800d23c       0x8c ./Middlewares/Third_Party/FatFs/src/ff.o
                0x0800d23c                f_mount
 .text.f_open   0x0800d2c8      0x374 ./Middlewares/Third_Party/FatFs/src/ff.o
                0x0800d2c8                f_open
 .text.f_read   0x0800d63c      0x27e ./Middlewares/Third_Party/FatFs/src/ff.o
                0x0800d63c                f_read
 .text.f_sync   0x0800d8ba       0xfc ./Middlewares/Third_Party/FatFs/src/ff.o
                0x0800d8ba                f_sync
 .text.f_close  0x0800d9b6       0x54 ./Middlewares/Third_Party/FatFs/src/ff.o
                0x0800d9b6                f_close
 *fill*         0x0800da0a        0x2 
 .text.FATFS_LinkDriverEx
                0x0800da0c       0x98 ./Middlewares/Third_Party/FatFs/src/ff_gen_drv.o
                0x0800da0c                FATFS_LinkDriverEx
 .text.FATFS_LinkDriver
                0x0800daa4       0x1e ./Middlewares/Third_Party/FatFs/src/ff_gen_drv.o
                0x0800daa4                FATFS_LinkDriver
 *fill*         0x0800dac2        0x2 
 .text.ff_convert
                0x0800dac4       0x78 ./Middlewares/Third_Party/FatFs/src/option/ccsbcs.o
                0x0800dac4                ff_convert
 .text.ff_wtoupper
                0x0800db3c      0x114 ./Middlewares/Third_Party/FatFs/src/option/ccsbcs.o
                0x0800db3c                ff_wtoupper
 .text.sbrk_aligned
                0x0800dc50       0x44 C:/ST/STM32CubeIDE_1.16.0/STM32CubeIDE/plugins/com.st.stm32cube.ide.mcu.externaltools.gnu-tools-for-stm32.12.3.rel1.win32_1.0.200.202406191623/tools/bin/../lib/gcc/arm-none-eabi/12.3.1/../../../../arm-none-eabi/lib/thumb/v7e-m+dp/hard\libc_nano.a(libc_a-mallocr.o)
 .text._malloc_r
                0x0800dc94      0x100 C:/ST/STM32CubeIDE_1.16.0/STM32CubeIDE/plugins/com.st.stm32cube.ide.mcu.externaltools.gnu-tools-for-stm32.12.3.rel1.win32_1.0.200.202406191623/tools/bin/../lib/gcc/arm-none-eabi/12.3.1/../../../../arm-none-eabi/lib/thumb/v7e-m+dp/hard\libc_nano.a(libc_a-mallocr.o)
                0x0800dc94                _malloc_r
 .text.__malloc_lock
                0x0800dd94        0xc C:/ST/STM32CubeIDE_1.16.0/STM32CubeIDE/plugins/com.st.stm32cube.ide.mcu.externaltools.gnu-tools-for-stm32.12.3.rel1.win32_1.0.200.202406191623/tools/bin/../lib/gcc/arm-none-eabi/12.3.1/../../../../arm-none-eabi/lib/thumb/v7e-m+dp/hard\libc_nano.a(libc_a-mlock.o)
                0x0800dd94                __malloc_lock
 .text.__malloc_unlock
                0x0800dda0        0xc C:/ST/STM32CubeIDE_1.16.0/STM32CubeIDE/plugins/com.st.stm32cube.ide.mcu.externaltools.gnu-tools-for-stm32.12.3.rel1.win32_1.0.200.202406191623/tools/bin/../lib/gcc/arm-none-eabi/12.3.1/../../../../arm-none-eabi/lib/thumb/v7e-m+dp/hard\libc_nano.a(libc_a-mlock.o)
                0x0800dda0                __malloc_unlock
 .text.snprintf
                0x0800ddac       0x68 C:/ST/STM32CubeIDE_1.16.0/STM32CubeIDE/plugins/com.st.stm32cube.ide.mcu.externaltools.gnu-tools-for-stm32.12.3.rel1.win32_1.0.200.202406191623/tools/bin/../lib/gcc/arm-none-eabi/12.3.1/../../../../arm-none-eabi/lib/thumb/v7e-m+dp/hard\libc_nano.a(libc_a-snprintf.o)
                0x0800ddac                sniprintf
                0x0800ddac                snprintf
 .text.sprintf  0x0800de14       0x40 C:/ST/STM32CubeIDE_1.16.0/STM32CubeIDE/plugins/com.st.stm32cube.ide.mcu.externaltools.gnu-tools-for-stm32.12.3.rel1.win32_1.0.200.202406191623/tools/bin/../lib/gcc/arm-none-eabi/12.3.1/../../../../arm-none-eabi/lib/thumb/v7e-m+dp/hard\libc_nano.a(libc_a-sprintf.o)
                0x0800de14                siprintf
                0x0800de14                sprintf
 .text.memset   0x0800de54       0x10 C:/ST/STM32CubeIDE_1.16.0/STM32CubeIDE/plugins/com.st.stm32cube.ide.mcu.externaltools.gnu-tools-for-stm32.12.3.rel1.win32_1.0.200.202406191623/tools/bin/../lib/gcc/arm-none-eabi/12.3.1/../../../../arm-none-eabi/lib/thumb/v7e-m+dp/hard\libc_nano.a(libc_a-memset.o)
                0x0800de54                memset
 .text._sbrk_r  0x0800de64       0x20 C:/ST/STM32CubeIDE_1.16.0/STM32CubeIDE/plugins/com.st.stm32cube.ide.mcu.externaltools.gnu-tools-for-stm32.12.3.rel1.win32_1.0.200.202406191623/tools/bin/../lib/gcc/arm-none-eabi/12.3.1/../../../../arm-none-eabi/lib/thumb/v7e-m+dp/hard\libc_nano.a(libc_a-sbrkr.o)
                0x0800de64                _sbrk_r
 .text.__errno  0x0800de84        0xc C:/ST/STM32CubeIDE_1.16.0/STM32CubeIDE/plugins/com.st.stm32cube.ide.mcu.externaltools.gnu-tools-for-stm32.12.3.rel1.win32_1.0.200.202406191623/tools/bin/../lib/gcc/arm-none-eabi/12.3.1/../../../../arm-none-eabi/lib/thumb/v7e-m+dp/hard\libc_nano.a(libc_a-errno.o)
                0x0800de84                __errno
 .text.__libc_init_array
                0x0800de90       0x48 C:/ST/STM32CubeIDE_1.16.0/STM32CubeIDE/plugins/com.st.stm32cube.ide.mcu.externaltools.gnu-tools-for-stm32.12.3.rel1.win32_1.0.200.202406191623/tools/bin/../lib/gcc/arm-none-eabi/12.3.1/../../../../arm-none-eabi/lib/thumb/v7e-m+dp/hard\libc_nano.a(libc_a-init.o)
                0x0800de90                __libc_init_array
 .text.__retarget_lock_acquire_recursive
                0x0800ded8        0x2 C:/ST/STM32CubeIDE_1.16.0/STM32CubeIDE/plugins/com.st.stm32cube.ide.mcu.externaltools.gnu-tools-for-stm32.12.3.rel1.win32_1.0.200.202406191623/tools/bin/../lib/gcc/arm-none-eabi/12.3.1/../../../../arm-none-eabi/lib/thumb/v7e-m+dp/hard\libc_nano.a(libc_a-lock.o)
                0x0800ded8                __retarget_lock_acquire_recursive
 .text.__retarget_lock_release_recursive
                0x0800deda        0x2 C:/ST/STM32CubeIDE_1.16.0/STM32CubeIDE/plugins/com.st.stm32cube.ide.mcu.externaltools.gnu-tools-for-stm32.12.3.rel1.win32_1.0.200.202406191623/tools/bin/../lib/gcc/arm-none-eabi/12.3.1/../../../../arm-none-eabi/lib/thumb/v7e-m+dp/hard\libc_nano.a(libc_a-lock.o)
                0x0800deda                __retarget_lock_release_recursive
 .text.memcpy   0x0800dedc       0x1c C:/ST/STM32CubeIDE_1.16.0/STM32CubeIDE/plugins/com.st.stm32cube.ide.mcu.externaltools.gnu-tools-for-stm32.12.3.rel1.win32_1.0.200.202406191623/tools/bin/../lib/gcc/arm-none-eabi/12.3.1/../../../../arm-none-eabi/lib/thumb/v7e-m+dp/hard\libc_nano.a(libc_a-memcpy-stub.o)
                0x0800dedc                memcpy
 .text._free_r  0x0800def8       0x94 C:/ST/STM32CubeIDE_1.16.0/STM32CubeIDE/plugins/com.st.stm32cube.ide.mcu.externaltools.gnu-tools-for-stm32.12.3.rel1.win32_1.0.200.202406191623/tools/bin/../lib/gcc/arm-none-eabi/12.3.1/../../../../arm-none-eabi/lib/thumb/v7e-m+dp/hard\libc_nano.a(libc_a-freer.o)
                0x0800def8                _free_r
 .text.__ssputs_r
                0x0800df8c       0xb6 C:/ST/STM32CubeIDE_1.16.0/STM32CubeIDE/plugins/com.st.stm32cube.ide.mcu.externaltools.gnu-tools-for-stm32.12.3.rel1.win32_1.0.200.202406191623/tools/bin/../lib/gcc/arm-none-eabi/12.3.1/../../../../arm-none-eabi/lib/thumb/v7e-m+dp/hard\libc_nano.a(libc_a-nano-svfprintf.o)
                0x0800df8c                __ssputs_r
 *fill*         0x0800e042        0x2 
 .text._svfprintf_r
                0x0800e044      0x1f8 C:/ST/STM32CubeIDE_1.16.0/STM32CubeIDE/plugins/com.st.stm32cube.ide.mcu.externaltools.gnu-tools-for-stm32.12.3.rel1.win32_1.0.200.202406191623/tools/bin/../lib/gcc/arm-none-eabi/12.3.1/../../../../arm-none-eabi/lib/thumb/v7e-m+dp/hard\libc_nano.a(libc_a-nano-svfprintf.o)
                0x0800e044                _svfiprintf_r
                0x0800e044                _svfprintf_r
 .text._printf_common
                0x0800e23c       0xda C:/ST/STM32CubeIDE_1.16.0/STM32CubeIDE/plugins/com.st.stm32cube.ide.mcu.externaltools.gnu-tools-for-stm32.12.3.rel1.win32_1.0.200.202406191623/tools/bin/../lib/gcc/arm-none-eabi/12.3.1/../../../../arm-none-eabi/lib/thumb/v7e-m+dp/hard\libc_nano.a(libc_a-nano-vfprintf_i.o)
                0x0800e23c                _printf_common
 *fill*         0x0800e316        0x2 
 .text._printf_i
                0x0800e318      0x240 C:/ST/STM32CubeIDE_1.16.0/STM32CubeIDE/plugins/com.st.stm32cube.ide.mcu.externaltools.gnu-tools-for-stm32.12.3.rel1.win32_1.0.200.202406191623/tools/bin/../lib/gcc/arm-none-eabi/12.3.1/../../../../arm-none-eabi/lib/thumb/v7e-m+dp/hard\libc_nano.a(libc_a-nano-vfprintf_i.o)
                0x0800e318                _printf_i
 .text.memmove  0x0800e558       0x34 C:/ST/STM32CubeIDE_1.16.0/STM32CubeIDE/plugins/com.st.stm32cube.ide.mcu.externaltools.gnu-tools-for-stm32.12.3.rel1.win32_1.0.200.202406191623/tools/bin/../lib/gcc/arm-none-eabi/12.3.1/../../../../arm-none-eabi/lib/thumb/v7e-m+dp/hard\libc_nano.a(libc_a-memmove.o)
                0x0800e558                memmove
 .text._realloc_r
                0x0800e58c       0x5c C:/ST/STM32CubeIDE_1.16.0/STM32CubeIDE/plugins/com.st.stm32cube.ide.mcu.externaltools.gnu-tools-for-stm32.12.3.rel1.win32_1.0.200.202406191623/tools/bin/../lib/gcc/arm-none-eabi/12.3.1/../../../../arm-none-eabi/lib/thumb/v7e-m+dp/hard\libc_nano.a(libc_a-reallocr.o)
                0x0800e58c                _realloc_r
 .text._malloc_usable_size_r
                0x0800e5e8       0x10 C:/ST/STM32CubeIDE_1.16.0/STM32CubeIDE/plugins/com.st.stm32cube.ide.mcu.externaltools.gnu-tools-for-stm32.12.3.rel1.win32_1.0.200.202406191623/tools/bin/../lib/gcc/arm-none-eabi/12.3.1/../../../../arm-none-eabi/lib/thumb/v7e-m+dp/hard\libc_nano.a(libc_a-msizer.o)
                0x0800e5e8                _malloc_usable_size_r
 *(.glue_7)
 .glue_7        0x0800e5f8        0x0 linker stubs
 *(.glue_7t)
 .glue_7t       0x0800e5f8        0x0 linker stubs
 *(.eh_frame)
 .eh_frame      0x0800e5f8        0x0 C:/ST/STM32CubeIDE_1.16.0/STM32CubeIDE/plugins/com.st.stm32cube.ide.mcu.externaltools.gnu-tools-for-stm32.12.3.rel1.win32_1.0.200.202406191623/tools/bin/../lib/gcc/arm-none-eabi/12.3.1/thumb/v7e-m+dp/hard/crtbegin.o
 *(.init)
 .init          0x0800e5f8        0x4 C:/ST/STM32CubeIDE_1.16.0/STM32CubeIDE/plugins/com.st.stm32cube.ide.mcu.externaltools.gnu-tools-for-stm32.12.3.rel1.win32_1.0.200.202406191623/tools/bin/../lib/gcc/arm-none-eabi/12.3.1/thumb/v7e-m+dp/hard/crti.o
                0x0800e5f8                _init
 .init          0x0800e5fc        0x8 C:/ST/STM32CubeIDE_1.16.0/STM32CubeIDE/plugins/com.st.stm32cube.ide.mcu.externaltools.gnu-tools-for-stm32.12.3.rel1.win32_1.0.200.202406191623/tools/bin/../lib/gcc/arm-none-eabi/12.3.1/thumb/v7e-m+dp/hard/crtn.o
 *(.fini)
 .fini          0x0800e604        0x4 C:/ST/STM32CubeIDE_1.16.0/STM32CubeIDE/plugins/com.st.stm32cube.ide.mcu.externaltools.gnu-tools-for-stm32.12.3.rel1.win32_1.0.200.202406191623/tools/bin/../lib/gcc/arm-none-eabi/12.3.1/thumb/v7e-m+dp/hard/crti.o
                0x0800e604                _fini
 .fini          0x0800e608        0x8 C:/ST/STM32CubeIDE_1.16.0/STM32CubeIDE/plugins/com.st.stm32cube.ide.mcu.externaltools.gnu-tools-for-stm32.12.3.rel1.win32_1.0.200.202406191623/tools/bin/../lib/gcc/arm-none-eabi/12.3.1/thumb/v7e-m+dp/hard/crtn.o
                0x0800e610                        . = ALIGN (0x4)
                0x0800e610                        _etext = .

.vfp11_veneer   0x0800e610        0x0
 .vfp11_veneer  0x0800e610        0x0 linker stubs

.v4_bx          0x0800e610        0x0
 .v4_bx         0x0800e610        0x0 linker stubs

.iplt           0x0800e610        0x0
 .iplt          0x0800e610        0x0 C:/ST/STM32CubeIDE_1.16.0/STM32CubeIDE/plugins/com.st.stm32cube.ide.mcu.externaltools.gnu-tools-for-stm32.12.3.rel1.win32_1.0.200.202406191623/tools/bin/../lib/gcc/arm-none-eabi/12.3.1/thumb/v7e-m+dp/hard/crtbegin.o

.rodata         0x0800e610      0x5f4
                0x0800e610                        . = ALIGN (0x4)
 *(.rodata)
 .rodata        0x0800e610      0x100 ./Core/Src/game_engine.o
 .rodata        0x0800e710        0x1 ./Core/Src/main.o
 *fill*         0x0800e711        0x3 
 .rodata        0x0800e714        0x3 ./Core/Src/stm32h7xx_it.o
 *fill*         0x0800e717        0x1 
 .rodata        0x0800e718       0x15 ./FATFS/Target/user_diskio_spi.o
 *fill*         0x0800e72d        0x3 
 .rodata        0x0800e730       0x48 ./Middlewares/Third_Party/FatFs/src/ff.o
 *(.rodata*)
 .rodata.D1CorePrescTable
                0x0800e778       0x10 ./Core/Src/system_stm32h7xx.o
                0x0800e778                D1CorePrescTable
 .rodata.flagBitshiftOffset.0
                0x0800e788        0x8 ./Drivers/STM32H7xx_HAL_Driver/Src/stm32h7xx_hal_dma.o
 .rodata.ExCvt  0x0800e790       0x80 ./Middlewares/Third_Party/FatFs/src/ff.o
 .rodata.LfnOfs
                0x0800e810        0xd ./Middlewares/Third_Party/FatFs/src/ff.o
 *fill*         0x0800e81d        0x3 
 .rodata.Tbl    0x0800e820      0x100 ./Middlewares/Third_Party/FatFs/src/option/ccsbcs.o
 .rodata.cvt1.1
                0x0800e920      0x1f2 ./Middlewares/Third_Party/FatFs/src/option/ccsbcs.o
 *fill*         0x0800eb12        0x2 
 .rodata.cvt2.0
                0x0800eb14       0xbc ./Middlewares/Third_Party/FatFs/src/option/ccsbcs.o
 .rodata._svfprintf_r.str1.1
                0x0800ebd0       0x11 C:/ST/STM32CubeIDE_1.16.0/STM32CubeIDE/plugins/com.st.stm32cube.ide.mcu.externaltools.gnu-tools-for-stm32.12.3.rel1.win32_1.0.200.202406191623/tools/bin/../lib/gcc/arm-none-eabi/12.3.1/../../../../arm-none-eabi/lib/thumb/v7e-m+dp/hard\libc_nano.a(libc_a-nano-svfprintf.o)
 .rodata._printf_i.str1.1
                0x0800ebe1       0x22 C:/ST/STM32CubeIDE_1.16.0/STM32CubeIDE/plugins/com.st.stm32cube.ide.mcu.externaltools.gnu-tools-for-stm32.12.3.rel1.win32_1.0.200.202406191623/tools/bin/../lib/gcc/arm-none-eabi/12.3.1/../../../../arm-none-eabi/lib/thumb/v7e-m+dp/hard\libc_nano.a(libc_a-nano-vfprintf_i.o)
                0x0800ec04                        . = ALIGN (0x4)
 *fill*         0x0800ec03        0x1 

.ARM.extab
 *(.ARM.extab* .gnu.linkonce.armextab.*)

.ARM            0x0800ec04        0x8
                0x0800ec04                        __exidx_start = .
 *(.ARM.exidx*)
 .ARM.exidx     0x0800ec04        0x8 C:/ST/STM32CubeIDE_1.16.0/STM32CubeIDE/plugins/com.st.stm32cube.ide.mcu.externaltools.gnu-tools-for-stm32.12.3.rel1.win32_1.0.200.202406191623/tools/bin/../lib/gcc/arm-none-eabi/12.3.1/../../../../arm-none-eabi/lib/thumb/v7e-m+dp/hard\libc_nano.a(libc_a-strlen.o)
 .ARM.exidx     0x0800ec0c        0x0 C:/ST/STM32CubeIDE_1.16.0/STM32CubeIDE/plugins/com.st.stm32cube.ide.mcu.externaltools.gnu-tools-for-stm32.12.3.rel1.win32_1.0.200.202406191623/tools/bin/../lib/gcc/arm-none-eabi/12.3.1/../../../../arm-none-eabi/lib/thumb/v7e-m+dp/hard\libc_nano.a(libc_a-memchr.o)
                                  0x8 (size before relaxing)
                0x0800ec0c                        __exidx_end = .

.preinit_array  0x0800ec0c        0x0
                0x0800ec0c                        PROVIDE (__preinit_array_start = .)
 *(.preinit_array*)
                0x0800ec0c                        PROVIDE (__preinit_array_end = .)

.init_array     0x0800ec0c        0x4
                0x0800ec0c                        PROVIDE (__init_array_start = .)
 *(SORT_BY_NAME(.init_array.*))
 *(.init_array*)
 .init_array    0x0800ec0c        0x4 C:/ST/STM32CubeIDE_1.16.0/STM32CubeIDE/plugins/com.st.stm32cube.ide.mcu.externaltools.gnu-tools-for-stm32.12.3.rel1.win32_1.0.200.202406191623/tools/bin/../lib/gcc/arm-none-eabi/12.3.1/thumb/v7e-m+dp/hard/crtbegin.o
                0x0800ec10                        PROVIDE (__init_array_end = .)

.fini_array     0x0800ec10        0x4
                [!provide]                        PROVIDE (__fini_array_start = .)
 *(SORT_BY_NAME(.fini_array.*))
 *(.fini_array*)
 .fini_array    0x0800ec10        0x4 C:/ST/STM32CubeIDE_1.16.0/STM32CubeIDE/plugins/com.st.stm32cube.ide.mcu.externaltools.gnu-tools-for-stm32.12.3.rel1.win32_1.0.200.202406191623/tools/bin/../lib/gcc/arm-none-eabi/12.3.1/thumb/v7e-m+dp/hard/crtbegin.o
                [!provide]                        PROVIDE (__fini_array_end = .)
                0x0800ec14                        _sidata = LOADADDR (.data)

.rel.dyn        0x0800ec14        0x0
 .rel.iplt      0x0800ec14        0x0 C:/ST/STM32CubeIDE_1.16.0/STM32CubeIDE/plugins/com.st.stm32cube.ide.mcu.externaltools.gnu-tools-for-stm32.12.3.rel1.win32_1.0.200.202406191623/tools/bin/../lib/gcc/arm-none-eabi/12.3.1/thumb/v7e-m+dp/hard/crtbegin.o

.data           0x24000000       0x7c load address 0x0800ec14
                0x24000000                        . = ALIGN (0x4)
                0x24000000                        _sdata = .
 *(.data)
 *(.data*)
 .data.game_timer
                0x24000000        0x1 ./Core/Src/stm32h7xx_it.o
                0x24000000                game_timer
 *fill*         0x24000001        0x3 
 .data.SystemCoreClock
                0x24000004        0x4 ./Core/Src/system_stm32h7xx.o
                0x24000004                SystemCoreClock
 .data.SystemD2Clock
                0x24000008        0x4 ./Core/Src/system_stm32h7xx.o
                0x24000008                SystemD2Clock
 .data.uwTickPrio
                0x2400000c        0x4 ./Drivers/STM32H7xx_HAL_Driver/Src/stm32h7xx_hal.o
                0x2400000c                uwTickPrio
 .data.uwTickFreq
                0x24000010        0x1 ./Drivers/STM32H7xx_HAL_Driver/Src/stm32h7xx_hal.o
                0x24000010                uwTickFreq
 *fill*         0x24000011        0x3 
 .data.USER_Driver
                0x24000014       0x14 ./FATFS/Target/user_diskio.o
                0x24000014                USER_Driver
 .data.Stat     0x24000028        0x1 ./FATFS/Target/user_diskio_spi.o
 *fill*         0x24000029        0x3 
 .data._impure_ptr
                0x2400002c        0x4 C:/ST/STM32CubeIDE_1.16.0/STM32CubeIDE/plugins/com.st.stm32cube.ide.mcu.externaltools.gnu-tools-for-stm32.12.3.rel1.win32_1.0.200.202406191623/tools/bin/../lib/gcc/arm-none-eabi/12.3.1/../../../../arm-none-eabi/lib/thumb/v7e-m+dp/hard\libc_nano.a(libc_a-impure.o)
                0x2400002c                _impure_ptr
 .data._impure_data
                0x24000030       0x4c C:/ST/STM32CubeIDE_1.16.0/STM32CubeIDE/plugins/com.st.stm32cube.ide.mcu.externaltools.gnu-tools-for-stm32.12.3.rel1.win32_1.0.200.202406191623/tools/bin/../lib/gcc/arm-none-eabi/12.3.1/../../../../arm-none-eabi/lib/thumb/v7e-m+dp/hard\libc_nano.a(libc_a-impure.o)
                0x24000030                _impure_data
 *(.RamFunc)
 *(.RamFunc*)
                0x2400007c                        . = ALIGN (0x4)
                0x2400007c                        _edata = .

.igot.plt       0x2400007c        0x0 load address 0x0800ec90
 .igot.plt      0x2400007c        0x0 C:/ST/STM32CubeIDE_1.16.0/STM32CubeIDE/plugins/com.st.stm32cube.ide.mcu.externaltools.gnu-tools-for-stm32.12.3.rel1.win32_1.0.200.202406191623/tools/bin/../lib/gcc/arm-none-eabi/12.3.1/thumb/v7e-m+dp/hard/crtbegin.o
                0x2400007c                        . = ALIGN (0x4)

.bss            0x2400007c      0x680 load address 0x0800ec90
                0x2400007c                        _sbss = .
                0x2400007c                        __bss_start__ = _sbss
 *(.bss)
 .bss           0x2400007c       0x1c C:/ST/STM32CubeIDE_1.16.0/STM32CubeIDE/plugins/com.st.stm32cube.ide.mcu.externaltools.gnu-tools-for-stm32.12.3.rel1.win32_1.0.200.202406191623/tools/bin/../lib/gcc/arm-none-eabi/12.3.1/thumb/v7e-m+dp/hard/crtbegin.o
 *(.bss*)
 .bss._width    0x24000098        0x2 ./Core/Src/RA8875.o
                0x24000098                _width
 .bss._height   0x2400009a        0x2 ./Core/Src/RA8875.o
                0x2400009a                _height
 .bss._textScale
                0x2400009c        0x1 ./Core/Src/RA8875.o
                0x2400009c                _textScale
 .bss._rotation
                0x2400009d        0x1 ./Core/Src/RA8875.o
                0x2400009d                _rotation
 .bss._voffset  0x2400009e        0x1 ./Core/Src/RA8875.o
                0x2400009e                _voffset
 *fill*         0x2400009f        0x1 
 .bss._wait_port
                0x240000a0        0x4 ./Core/Src/RA8875.o
                0x240000a0                _wait_port
 .bss._wait_pin
                0x240000a4        0x2 ./Core/Src/RA8875.o
                0x240000a4                _wait_pin
 .bss.mode      0x240000a6        0x1 ./Core/Src/game_engine.o
                0x240000a6                mode
 *fill*         0x240000a7        0x1 
 .bss.score     0x240000a8        0x4 ./Core/Src/game_engine.o
                0x240000a8                score
 .bss.hi_score  0x240000ac        0x4 ./Core/Src/game_engine.o
                0x240000ac                hi_score
 .bss.hi2s3     0x240000b0       0x54 ./Core/Src/main.o
                0x240000b0                hi2s3
 .bss.hrng      0x24000104       0x14 ./Core/Src/main.o
                0x24000104                hrng
 .bss.hspi1     0x24000118       0x88 ./Core/Src/main.o
                0x24000118                hspi1
 .bss.hspi2     0x240001a0       0x88 ./Core/Src/main.o
                0x240001a0                hspi2
 .bss.hdma_spi2_rx
                0x24000228       0x78 ./Core/Src/main.o
                0x24000228                hdma_spi2_rx
 .bss.hdma_spi2_tx
                0x240002a0       0x78 ./Core/Src/main.o
                0x240002a0                hdma_spi2_tx
 .bss.htim6     0x24000318       0x4c ./Core/Src/main.o
                0x24000318                htim6
 .bss.__sbrk_heap_end
                0x24000364        0x4 ./Core/Src/sysmem.o
 .bss.uwTick    0x24000368        0x4 ./Drivers/STM32H7xx_HAL_Driver/Src/stm32h7xx_hal.o
                0x24000368                uwTick
 .bss.retUSER   0x2400036c        0x1 ./FATFS/App/fatfs.o
                0x2400036c                retUSER
 *fill*         0x2400036d        0x3 
 .bss.USERPath  0x24000370        0x4 ./FATFS/App/fatfs.o
                0x24000370                USERPath
 .bss.CardType  0x24000374        0x1 ./FATFS/Target/user_diskio_spi.o
 *fill*         0x24000375        0x3 
 .bss.spiTimerTickStart
                0x24000378        0x4 ./FATFS/Target/user_diskio_spi.o
                0x24000378                spiTimerTickStart
 .bss.spiTimerTickDelay
                0x2400037c        0x4 ./FATFS/Target/user_diskio_spi.o
                0x2400037c                spiTimerTickDelay
 .bss.FatFs     0x24000380        0x4 ./Middlewares/Third_Party/FatFs/src/ff.o
 .bss.Fsid      0x24000384        0x2 ./Middlewares/Third_Party/FatFs/src/ff.o
 *fill*         0x24000386        0x2 
 .bss.Files     0x24000388       0x20 ./Middlewares/Third_Party/FatFs/src/ff.o
 .bss.LfnBuf    0x240003a8      0x200 ./Middlewares/Third_Party/FatFs/src/ff.o
 .bss.disk      0x240005a8        0xc ./Middlewares/Third_Party/FatFs/src/ff_gen_drv.o
                0x240005a8                disk
 .bss.__malloc_sbrk_start
                0x240005b4        0x4 C:/ST/STM32CubeIDE_1.16.0/STM32CubeIDE/plugins/com.st.stm32cube.ide.mcu.externaltools.gnu-tools-for-stm32.12.3.rel1.win32_1.0.200.202406191623/tools/bin/../lib/gcc/arm-none-eabi/12.3.1/../../../../arm-none-eabi/lib/thumb/v7e-m+dp/hard\libc_nano.a(libc_a-mallocr.o)
                0x240005b4                __malloc_sbrk_start
 .bss.__malloc_free_list
                0x240005b8        0x4 C:/ST/STM32CubeIDE_1.16.0/STM32CubeIDE/plugins/com.st.stm32cube.ide.mcu.externaltools.gnu-tools-for-stm32.12.3.rel1.win32_1.0.200.202406191623/tools/bin/../lib/gcc/arm-none-eabi/12.3.1/../../../../arm-none-eabi/lib/thumb/v7e-m+dp/hard\libc_nano.a(libc_a-mallocr.o)
                0x240005b8                __malloc_free_list
 .bss.__sf      0x240005bc      0x138 C:/ST/STM32CubeIDE_1.16.0/STM32CubeIDE/plugins/com.st.stm32cube.ide.mcu.externaltools.gnu-tools-for-stm32.12.3.rel1.win32_1.0.200.202406191623/tools/bin/../lib/gcc/arm-none-eabi/12.3.1/../../../../arm-none-eabi/lib/thumb/v7e-m+dp/hard\libc_nano.a(libc_a-findfp.o)
                0x240005bc                __sf
 .bss.errno     0x240006f4        0x4 C:/ST/STM32CubeIDE_1.16.0/STM32CubeIDE/plugins/com.st.stm32cube.ide.mcu.externaltools.gnu-tools-for-stm32.12.3.rel1.win32_1.0.200.202406191623/tools/bin/../lib/gcc/arm-none-eabi/12.3.1/../../../../arm-none-eabi/lib/thumb/v7e-m+dp/hard\libc_nano.a(libc_a-reent.o)
                0x240006f4                errno
 .bss.__lock___malloc_recursive_mutex
                0x240006f8        0x1 C:/ST/STM32CubeIDE_1.16.0/STM32CubeIDE/plugins/com.st.stm32cube.ide.mcu.externaltools.gnu-tools-for-stm32.12.3.rel1.win32_1.0.200.202406191623/tools/bin/../lib/gcc/arm-none-eabi/12.3.1/../../../../arm-none-eabi/lib/thumb/v7e-m+dp/hard\libc_nano.a(libc_a-lock.o)
                0x240006f8                __lock___malloc_recursive_mutex
 *(COMMON)
                0x240006fc                        . = ALIGN (0x4)
 *fill*         0x240006f9        0x3 
                0x240006fc                        _ebss = .
                0x240006fc                        __bss_end__ = _ebss

._user_heap_stack
                0x240006fc      0x604 load address 0x0800ec90
                0x24000700                        . = ALIGN (0x8)
 *fill*         0x240006fc        0x4 
                [!provide]                        PROVIDE (end = .)
                0x24000700                        PROVIDE (_end = .)
                0x24000900                        . = (. + _Min_Heap_Size)
 *fill*         0x24000700      0x200 
                0x24000d00                        . = (. + _Min_Stack_Size)
 *fill*         0x24000900      0x400 
                0x24000d00                        . = ALIGN (0x8)

/DISCARD/
 libc.a(*)
 libm.a(*)
 libgcc.a(*)

.ARM.attributes
                0x00000000       0x2e
 *(.ARM.attributes)
 .ARM.attributes
                0x00000000       0x20 C:/ST/STM32CubeIDE_1.16.0/STM32CubeIDE/plugins/com.st.stm32cube.ide.mcu.externaltools.gnu-tools-for-stm32.12.3.rel1.win32_1.0.200.202406191623/tools/bin/../lib/gcc/arm-none-eabi/12.3.1/thumb/v7e-m+dp/hard/crti.o
 .ARM.attributes
                0x00000020       0x32 C:/ST/STM32CubeIDE_1.16.0/STM32CubeIDE/plugins/com.st.stm32cube.ide.mcu.externaltools.gnu-tools-for-stm32.12.3.rel1.win32_1.0.200.202406191623/tools/bin/../lib/gcc/arm-none-eabi/12.3.1/thumb/v7e-m+dp/hard/crtbegin.o
 .ARM.attributes
                0x00000052       0x32 ./Core/Src/RA8875.o
 .ARM.attributes
                0x00000084       0x32 ./Core/Src/game_engine.o
 .ARM.attributes
                0x000000b6       0x32 ./Core/Src/main.o
 .ARM.attributes
                0x000000e8       0x32 ./Core/Src/stm32h7xx_hal_msp.o
 .ARM.attributes
                0x0000011a       0x32 ./Core/Src/stm32h7xx_it.o
 .ARM.attributes
                0x0000014c       0x32 ./Core/Src/sysmem.o
 .ARM.attributes
                0x0000017e       0x32 ./Core/Src/system_stm32h7xx.o
 .ARM.attributes
                0x000001b0       0x21 ./Core/Startup/startup_stm32h743vitx.o
 .ARM.attributes
                0x000001d1       0x32 ./Drivers/STM32H7xx_HAL_Driver/Src/stm32h7xx_hal.o
 .ARM.attributes
                0x00000203       0x32 ./Drivers/STM32H7xx_HAL_Driver/Src/stm32h7xx_hal_cortex.o
 .ARM.attributes
                0x00000235       0x32 ./Drivers/STM32H7xx_HAL_Driver/Src/stm32h7xx_hal_dma.o
 .ARM.attributes
                0x00000267       0x32 ./Drivers/STM32H7xx_HAL_Driver/Src/stm32h7xx_hal_gpio.o
 .ARM.attributes
                0x00000299       0x32 ./Drivers/STM32H7xx_HAL_Driver/Src/stm32h7xx_hal_i2s.o
 .ARM.attributes
                0x000002cb       0x32 ./Drivers/STM32H7xx_HAL_Driver/Src/stm32h7xx_hal_pwr_ex.o
 .ARM.attributes
                0x000002fd       0x32 ./Drivers/STM32H7xx_HAL_Driver/Src/stm32h7xx_hal_rcc.o
 .ARM.attributes
                0x0000032f       0x32 ./Drivers/STM32H7xx_HAL_Driver/Src/stm32h7xx_hal_rcc_ex.o
 .ARM.attributes
                0x00000361       0x32 ./Drivers/STM32H7xx_HAL_Driver/Src/stm32h7xx_hal_rng.o
 .ARM.attributes
                0x00000393       0x32 ./Drivers/STM32H7xx_HAL_Driver/Src/stm32h7xx_hal_spi.o
 .ARM.attributes
                0x000003c5       0x32 ./Drivers/STM32H7xx_HAL_Driver/Src/stm32h7xx_hal_tim.o
 .ARM.attributes
                0x000003f7       0x32 ./Drivers/STM32H7xx_HAL_Driver/Src/stm32h7xx_hal_tim_ex.o
 .ARM.attributes
                0x00000429       0x32 ./FATFS/App/fatfs.o
 .ARM.attributes
                0x0000045b       0x32 ./FATFS/Target/user_diskio.o
 .ARM.attributes
                0x0000048d       0x32 ./FATFS/Target/user_diskio_spi.o
 .ARM.attributes
                0x000004bf       0x32 ./Middlewares/Third_Party/FatFs/src/diskio.o
 .ARM.attributes
                0x000004f1       0x32 ./Middlewares/Third_Party/FatFs/src/ff.o
 .ARM.attributes
                0x00000523       0x32 ./Middlewares/Third_Party/FatFs/src/ff_gen_drv.o
 .ARM.attributes
                0x00000555       0x32 ./Middlewares/Third_Party/FatFs/src/option/ccsbcs.o
 .ARM.attributes
                0x00000587       0x32 C:/ST/STM32CubeIDE_1.16.0/STM32CubeIDE/plugins/com.st.stm32cube.ide.mcu.externaltools.gnu-tools-for-stm32.12.3.rel1.win32_1.0.200.202406191623/tools/bin/../lib/gcc/arm-none-eabi/12.3.1/../../../../arm-none-eabi/lib/thumb/v7e-m+dp/hard\libc_nano.a(libc_a-mallocr.o)
 .ARM.attributes
                0x000005b9       0x32 C:/ST/STM32CubeIDE_1.16.0/STM32CubeIDE/plugins/com.st.stm32cube.ide.mcu.externaltools.gnu-tools-for-stm32.12.3.rel1.win32_1.0.200.202406191623/tools/bin/../lib/gcc/arm-none-eabi/12.3.1/../../../../arm-none-eabi/lib/thumb/v7e-m+dp/hard\libc_nano.a(libc_a-mlock.o)
 .ARM.attributes
                0x000005eb       0x32 C:/ST/STM32CubeIDE_1.16.0/STM32CubeIDE/plugins/com.st.stm32cube.ide.mcu.externaltools.gnu-tools-for-stm32.12.3.rel1.win32_1.0.200.202406191623/tools/bin/../lib/gcc/arm-none-eabi/12.3.1/../../../../arm-none-eabi/lib/thumb/v7e-m+dp/hard\libc_nano.a(libc_a-findfp.o)
 .ARM.attributes
                0x0000061d       0x32 C:/ST/STM32CubeIDE_1.16.0/STM32CubeIDE/plugins/com.st.stm32cube.ide.mcu.externaltools.gnu-tools-for-stm32.12.3.rel1.win32_1.0.200.202406191623/tools/bin/../lib/gcc/arm-none-eabi/12.3.1/../../../../arm-none-eabi/lib/thumb/v7e-m+dp/hard\libc_nano.a(libc_a-snprintf.o)
 .ARM.attributes
                0x0000064f       0x32 C:/ST/STM32CubeIDE_1.16.0/STM32CubeIDE/plugins/com.st.stm32cube.ide.mcu.externaltools.gnu-tools-for-stm32.12.3.rel1.win32_1.0.200.202406191623/tools/bin/../lib/gcc/arm-none-eabi/12.3.1/../../../../arm-none-eabi/lib/thumb/v7e-m+dp/hard\libc_nano.a(libc_a-sprintf.o)
 .ARM.attributes
                0x00000681       0x32 C:/ST/STM32CubeIDE_1.16.0/STM32CubeIDE/plugins/com.st.stm32cube.ide.mcu.externaltools.gnu-tools-for-stm32.12.3.rel1.win32_1.0.200.202406191623/tools/bin/../lib/gcc/arm-none-eabi/12.3.1/../../../../arm-none-eabi/lib/thumb/v7e-m+dp/hard\libc_nano.a(libc_a-memset.o)
 .ARM.attributes
                0x000006b3       0x32 C:/ST/STM32CubeIDE_1.16.0/STM32CubeIDE/plugins/com.st.stm32cube.ide.mcu.externaltools.gnu-tools-for-stm32.12.3.rel1.win32_1.0.200.202406191623/tools/bin/../lib/gcc/arm-none-eabi/12.3.1/../../../../arm-none-eabi/lib/thumb/v7e-m+dp/hard\libc_nano.a(libc_a-reent.o)
 .ARM.attributes
                0x000006e5       0x32 C:/ST/STM32CubeIDE_1.16.0/STM32CubeIDE/plugins/com.st.stm32cube.ide.mcu.externaltools.gnu-tools-for-stm32.12.3.rel1.win32_1.0.200.202406191623/tools/bin/../lib/gcc/arm-none-eabi/12.3.1/../../../../arm-none-eabi/lib/thumb/v7e-m+dp/hard\libc_nano.a(libc_a-impure.o)
 .ARM.attributes
                0x00000717       0x32 C:/ST/STM32CubeIDE_1.16.0/STM32CubeIDE/plugins/com.st.stm32cube.ide.mcu.externaltools.gnu-tools-for-stm32.12.3.rel1.win32_1.0.200.202406191623/tools/bin/../lib/gcc/arm-none-eabi/12.3.1/../../../../arm-none-eabi/lib/thumb/v7e-m+dp/hard\libc_nano.a(libc_a-sbrkr.o)
 .ARM.attributes
                0x00000749       0x32 C:/ST/STM32CubeIDE_1.16.0/STM32CubeIDE/plugins/com.st.stm32cube.ide.mcu.externaltools.gnu-tools-for-stm32.12.3.rel1.win32_1.0.200.202406191623/tools/bin/../lib/gcc/arm-none-eabi/12.3.1/../../../../arm-none-eabi/lib/thumb/v7e-m+dp/hard\libc_nano.a(libc_a-errno.o)
 .ARM.attributes
                0x0000077b       0x32 C:/ST/STM32CubeIDE_1.16.0/STM32CubeIDE/plugins/com.st.stm32cube.ide.mcu.externaltools.gnu-tools-for-stm32.12.3.rel1.win32_1.0.200.202406191623/tools/bin/../lib/gcc/arm-none-eabi/12.3.1/../../../../arm-none-eabi/lib/thumb/v7e-m+dp/hard\libc_nano.a(libc_a-init.o)
 .ARM.attributes
                0x000007ad       0x32 C:/ST/STM32CubeIDE_1.16.0/STM32CubeIDE/plugins/com.st.stm32cube.ide.mcu.externaltools.gnu-tools-for-stm32.12.3.rel1.win32_1.0.200.202406191623/tools/bin/../lib/gcc/arm-none-eabi/12.3.1/../../../../arm-none-eabi/lib/thumb/v7e-m+dp/hard\libc_nano.a(libc_a-lock.o)
 .ARM.attributes
                0x000007df       0x32 C:/ST/STM32CubeIDE_1.16.0/STM32CubeIDE/plugins/com.st.stm32cube.ide.mcu.externaltools.gnu-tools-for-stm32.12.3.rel1.win32_1.0.200.202406191623/tools/bin/../lib/gcc/arm-none-eabi/12.3.1/../../../../arm-none-eabi/lib/thumb/v7e-m+dp/hard\libc_nano.a(libc_a-memcpy-stub.o)
 .ARM.attributes
                0x00000811       0x17 C:/ST/STM32CubeIDE_1.16.0/STM32CubeIDE/plugins/com.st.stm32cube.ide.mcu.externaltools.gnu-tools-for-stm32.12.3.rel1.win32_1.0.200.202406191623/tools/bin/../lib/gcc/arm-none-eabi/12.3.1/../../../../arm-none-eabi/lib/thumb/v7e-m+dp/hard\libc_nano.a(libc_a-strlen.o)
 .ARM.attributes
                0x00000828       0x32 C:/ST/STM32CubeIDE_1.16.0/STM32CubeIDE/plugins/com.st.stm32cube.ide.mcu.externaltools.gnu-tools-for-stm32.12.3.rel1.win32_1.0.200.202406191623/tools/bin/../lib/gcc/arm-none-eabi/12.3.1/../../../../arm-none-eabi/lib/thumb/v7e-m+dp/hard\libc_nano.a(libc_a-freer.o)
 .ARM.attributes
                0x0000085a       0x32 C:/ST/STM32CubeIDE_1.16.0/STM32CubeIDE/plugins/com.st.stm32cube.ide.mcu.externaltools.gnu-tools-for-stm32.12.3.rel1.win32_1.0.200.202406191623/tools/bin/../lib/gcc/arm-none-eabi/12.3.1/../../../../arm-none-eabi/lib/thumb/v7e-m+dp/hard\libc_nano.a(libc_a-nano-svfprintf.o)
 .ARM.attributes
                0x0000088c       0x32 C:/ST/STM32CubeIDE_1.16.0/STM32CubeIDE/plugins/com.st.stm32cube.ide.mcu.externaltools.gnu-tools-for-stm32.12.3.rel1.win32_1.0.200.202406191623/tools/bin/../lib/gcc/arm-none-eabi/12.3.1/../../../../arm-none-eabi/lib/thumb/v7e-m+dp/hard\libc_nano.a(libc_a-nano-vfprintf_i.o)
 .ARM.attributes
                0x000008be       0x32 C:/ST/STM32CubeIDE_1.16.0/STM32CubeIDE/plugins/com.st.stm32cube.ide.mcu.externaltools.gnu-tools-for-stm32.12.3.rel1.win32_1.0.200.202406191623/tools/bin/../lib/gcc/arm-none-eabi/12.3.1/../../../../arm-none-eabi/lib/thumb/v7e-m+dp/hard\libc_nano.a(libc_a-memmove.o)
 .ARM.attributes
                0x000008f0       0x1c C:/ST/STM32CubeIDE_1.16.0/STM32CubeIDE/plugins/com.st.stm32cube.ide.mcu.externaltools.gnu-tools-for-stm32.12.3.rel1.win32_1.0.200.202406191623/tools/bin/../lib/gcc/arm-none-eabi/12.3.1/../../../../arm-none-eabi/lib/thumb/v7e-m+dp/hard\libc_nano.a(libc_a-memchr.o)
 .ARM.attributes
                0x0000090c       0x32 C:/ST/STM32CubeIDE_1.16.0/STM32CubeIDE/plugins/com.st.stm32cube.ide.mcu.externaltools.gnu-tools-for-stm32.12.3.rel1.win32_1.0.200.202406191623/tools/bin/../lib/gcc/arm-none-eabi/12.3.1/../../../../arm-none-eabi/lib/thumb/v7e-m+dp/hard\libc_nano.a(libc_a-reallocr.o)
 .ARM.attributes
                0x0000093e       0x32 C:/ST/STM32CubeIDE_1.16.0/STM32CubeIDE/plugins/com.st.stm32cube.ide.mcu.externaltools.gnu-tools-for-stm32.12.3.rel1.win32_1.0.200.202406191623/tools/bin/../lib/gcc/arm-none-eabi/12.3.1/../../../../arm-none-eabi/lib/thumb/v7e-m+dp/hard\libc_nano.a(libc_a-msizer.o)
 .ARM.attributes
                0x00000970       0x20 C:/ST/STM32CubeIDE_1.16.0/STM32CubeIDE/plugins/com.st.stm32cube.ide.mcu.externaltools.gnu-tools-for-stm32.12.3.rel1.win32_1.0.200.202406191623/tools/bin/../lib/gcc/arm-none-eabi/12.3.1/thumb/v7e-m+dp/hard/crtn.o
OUTPUT(conundrum_crack.elf elf32-littlearm)
LOAD linker stubs
LOAD C:/ST/STM32CubeIDE_1.16.0/STM32CubeIDE/plugins/com.st.stm32cube.ide.mcu.externaltools.gnu-tools-for-stm32.12.3.rel1.win32_1.0.200.202406191623/tools/bin/../lib/gcc/arm-none-eabi/12.3.1/../../../../arm-none-eabi/lib/thumb/v7e-m+dp/hard\libc.a
LOAD C:/ST/STM32CubeIDE_1.16.0/STM32CubeIDE/plugins/com.st.stm32cube.ide.mcu.externaltools.gnu-tools-for-stm32.12.3.rel1.win32_1.0.200.202406191623/tools/bin/../lib/gcc/arm-none-eabi/12.3.1/../../../../arm-none-eabi/lib/thumb/v7e-m+dp/hard\libm.a
LOAD C:/ST/STM32CubeIDE_1.16.0/STM32CubeIDE/plugins/com.st.stm32cube.ide.mcu.externaltools.gnu-tools-for-stm32.12.3.rel1.win32_1.0.200.202406191623/tools/bin/../lib/gcc/arm-none-eabi/12.3.1/thumb/v7e-m+dp/hard\libgcc.a

.debug_info     0x00000000    0x1a669
 .debug_info    0x00000000     0x1e21 ./Core/Src/RA8875.o
 .debug_info    0x00001e21      0x636 ./Core/Src/game_engine.o
 .debug_info    0x00002457     0x21a0 ./Core/Src/main.o
 .debug_info    0x000045f7     0x1db2 ./Core/Src/stm32h7xx_hal_msp.o
 .debug_info    0x000063a9      0xd7d ./Core/Src/stm32h7xx_it.o
 .debug_info    0x00007126      0x168 ./Core/Src/sysmem.o
 .debug_info    0x0000728e      0xcef ./Core/Src/system_stm32h7xx.o
 .debug_info    0x00007f7d       0x30 ./Core/Startup/startup_stm32h743vitx.o
 .debug_info    0x00007fad     0x153b ./Drivers/STM32H7xx_HAL_Driver/Src/stm32h7xx_hal.o
 .debug_info    0x000094e8     0x10ac ./Drivers/STM32H7xx_HAL_Driver/Src/stm32h7xx_hal_cortex.o
 .debug_info    0x0000a594      0xc27 ./Drivers/STM32H7xx_HAL_Driver/Src/stm32h7xx_hal_dma.o
 .debug_info    0x0000b1bb      0xc4b ./Drivers/STM32H7xx_HAL_Driver/Src/stm32h7xx_hal_gpio.o
 .debug_info    0x0000be06     0x10e5 ./Drivers/STM32H7xx_HAL_Driver/Src/stm32h7xx_hal_i2s.o
 .debug_info    0x0000ceeb     0x1008 ./Drivers/STM32H7xx_HAL_Driver/Src/stm32h7xx_hal_pwr_ex.o
 .debug_info    0x0000def3      0xe5b ./Drivers/STM32H7xx_HAL_Driver/Src/stm32h7xx_hal_rcc.o
 .debug_info    0x0000ed4e     0x1216 ./Drivers/STM32H7xx_HAL_Driver/Src/stm32h7xx_hal_rcc_ex.o
 .debug_info    0x0000ff64      0x47f ./Drivers/STM32H7xx_HAL_Driver/Src/stm32h7xx_hal_rng.o
 .debug_info    0x000103e3     0x1440 ./Drivers/STM32H7xx_HAL_Driver/Src/stm32h7xx_hal_spi.o
 .debug_info    0x00011823     0x2bae ./Drivers/STM32H7xx_HAL_Driver/Src/stm32h7xx_hal_tim.o
 .debug_info    0x000143d1     0x17eb ./Drivers/STM32H7xx_HAL_Driver/Src/stm32h7xx_hal_tim_ex.o
 .debug_info    0x00015bbc      0x509 ./FATFS/App/fatfs.o
 .debug_info    0x000160c5      0x3b8 ./FATFS/Target/user_diskio.o
 .debug_info    0x0001647d     0x12ba ./FATFS/Target/user_diskio_spi.o
 .debug_info    0x00017737      0x3ed ./Middlewares/Third_Party/FatFs/src/diskio.o
 .debug_info    0x00017b24     0x25f1 ./Middlewares/Third_Party/FatFs/src/ff.o
 .debug_info    0x0001a115      0x38d ./Middlewares/Third_Party/FatFs/src/ff_gen_drv.o
 .debug_info    0x0001a4a2      0x1c7 ./Middlewares/Third_Party/FatFs/src/option/ccsbcs.o

.debug_abbrev   0x00000000     0x3afe
 .debug_abbrev  0x00000000      0x3c7 ./Core/Src/RA8875.o
 .debug_abbrev  0x000003c7      0x298 ./Core/Src/game_engine.o
 .debug_abbrev  0x0000065f      0x361 ./Core/Src/main.o
 .debug_abbrev  0x000009c0      0x296 ./Core/Src/stm32h7xx_hal_msp.o
 .debug_abbrev  0x00000c56      0x247 ./Core/Src/stm32h7xx_it.o
 .debug_abbrev  0x00000e9d       0xbc ./Core/Src/sysmem.o
 .debug_abbrev  0x00000f59      0x14c ./Core/Src/system_stm32h7xx.o
 .debug_abbrev  0x000010a5       0x24 ./Core/Startup/startup_stm32h743vitx.o
 .debug_abbrev  0x000010c9      0x295 ./Drivers/STM32H7xx_HAL_Driver/Src/stm32h7xx_hal.o
 .debug_abbrev  0x0000135e      0x339 ./Drivers/STM32H7xx_HAL_Driver/Src/stm32h7xx_hal_cortex.o
 .debug_abbrev  0x00001697      0x248 ./Drivers/STM32H7xx_HAL_Driver/Src/stm32h7xx_hal_dma.o
 .debug_abbrev  0x000018df      0x1fe ./Drivers/STM32H7xx_HAL_Driver/Src/stm32h7xx_hal_gpio.o
 .debug_abbrev  0x00001add      0x243 ./Drivers/STM32H7xx_HAL_Driver/Src/stm32h7xx_hal_i2s.o
 .debug_abbrev  0x00001d20      0x2a7 ./Drivers/STM32H7xx_HAL_Driver/Src/stm32h7xx_hal_pwr_ex.o
 .debug_abbrev  0x00001fc7      0x2c8 ./Drivers/STM32H7xx_HAL_Driver/Src/stm32h7xx_hal_rcc.o
 .debug_abbrev  0x0000228f      0x269 ./Drivers/STM32H7xx_HAL_Driver/Src/stm32h7xx_hal_rcc_ex.o
 .debug_abbrev  0x000024f8      0x1ba ./Drivers/STM32H7xx_HAL_Driver/Src/stm32h7xx_hal_rng.o
 .debug_abbrev  0x000026b2      0x2b1 ./Drivers/STM32H7xx_HAL_Driver/Src/stm32h7xx_hal_spi.o
 .debug_abbrev  0x00002963      0x276 ./Drivers/STM32H7xx_HAL_Driver/Src/stm32h7xx_hal_tim.o
 .debug_abbrev  0x00002bd9      0x281 ./Drivers/STM32H7xx_HAL_Driver/Src/stm32h7xx_hal_tim_ex.o
 .debug_abbrev  0x00002e5a      0x15e ./FATFS/App/fatfs.o
 .debug_abbrev  0x00002fb8      0x143 ./FATFS/Target/user_diskio.o
 .debug_abbrev  0x000030fb      0x37b ./FATFS/Target/user_diskio_spi.o
 .debug_abbrev  0x00003476      0x181 ./Middlewares/Third_Party/FatFs/src/diskio.o
 .debug_abbrev  0x000035f7      0x28a ./Middlewares/Third_Party/FatFs/src/ff.o
 .debug_abbrev  0x00003881      0x19f ./Middlewares/Third_Party/FatFs/src/ff_gen_drv.o
 .debug_abbrev  0x00003a20       0xde ./Middlewares/Third_Party/FatFs/src/option/ccsbcs.o

.debug_aranges  0x00000000     0x17d8
 .debug_aranges
                0x00000000      0x270 ./Core/Src/RA8875.o
 .debug_aranges
                0x00000270       0x58 ./Core/Src/game_engine.o
 .debug_aranges
                0x000002c8       0x68 ./Core/Src/main.o
 .debug_aranges
                0x00000330       0x60 ./Core/Src/stm32h7xx_hal_msp.o
 .debug_aranges
                0x00000390       0x80 ./Core/Src/stm32h7xx_it.o
 .debug_aranges
                0x00000410       0x20 ./Core/Src/sysmem.o
 .debug_aranges
                0x00000430       0x28 ./Core/Src/system_stm32h7xx.o
 .debug_aranges
                0x00000458       0x28 ./Core/Startup/startup_stm32h743vitx.o
 .debug_aranges
                0x00000480      0x198 ./Drivers/STM32H7xx_HAL_Driver/Src/stm32h7xx_hal.o
 .debug_aranges
                0x00000618      0x130 ./Drivers/STM32H7xx_HAL_Driver/Src/stm32h7xx_hal_cortex.o
 .debug_aranges
                0x00000748       0xa0 ./Drivers/STM32H7xx_HAL_Driver/Src/stm32h7xx_hal_dma.o
 .debug_aranges
                0x000007e8       0x58 ./Drivers/STM32H7xx_HAL_Driver/Src/stm32h7xx_hal_gpio.o
 .debug_aranges
                0x00000840      0x148 ./Drivers/STM32H7xx_HAL_Driver/Src/stm32h7xx_hal_i2s.o
 .debug_aranges
                0x00000988      0x158 ./Drivers/STM32H7xx_HAL_Driver/Src/stm32h7xx_hal_pwr_ex.o
 .debug_aranges
                0x00000ae0       0x88 ./Drivers/STM32H7xx_HAL_Driver/Src/stm32h7xx_hal_rcc.o
 .debug_aranges
                0x00000b68       0xf8 ./Drivers/STM32H7xx_HAL_Driver/Src/stm32h7xx_hal_rcc_ex.o
 .debug_aranges
                0x00000c60       0x78 ./Drivers/STM32H7xx_HAL_Driver/Src/stm32h7xx_hal_rng.o
 .debug_aranges
                0x00000cd8      0x1a8 ./Drivers/STM32H7xx_HAL_Driver/Src/stm32h7xx_hal_spi.o
 .debug_aranges
                0x00000e80      0x3e0 ./Drivers/STM32H7xx_HAL_Driver/Src/stm32h7xx_hal_tim.o
 .debug_aranges
                0x00001260      0x188 ./Drivers/STM32H7xx_HAL_Driver/Src/stm32h7xx_hal_tim_ex.o
 .debug_aranges
                0x000013e8       0x28 ./FATFS/App/fatfs.o
 .debug_aranges
                0x00001410       0x40 ./FATFS/Target/user_diskio.o
 .debug_aranges
                0x00001450       0xa8 ./FATFS/Target/user_diskio_spi.o
 .debug_aranges
                0x000014f8       0x48 ./Middlewares/Third_Party/FatFs/src/diskio.o
 .debug_aranges
                0x00001540      0x230 ./Middlewares/Third_Party/FatFs/src/ff.o
 .debug_aranges
                0x00001770       0x40 ./Middlewares/Third_Party/FatFs/src/ff_gen_drv.o
 .debug_aranges
                0x000017b0       0x28 ./Middlewares/Third_Party/FatFs/src/option/ccsbcs.o

.debug_rnglists
                0x00000000     0x126b
 .debug_rnglists
                0x00000000      0x1de ./Core/Src/RA8875.o
 .debug_rnglists
                0x000001de       0x52 ./Core/Src/game_engine.o
 .debug_rnglists
                0x00000230       0x4d ./Core/Src/main.o
 .debug_rnglists
                0x0000027d       0x46 ./Core/Src/stm32h7xx_hal_msp.o
 .debug_rnglists
                0x000002c3       0x5c ./Core/Src/stm32h7xx_it.o
 .debug_rnglists
                0x0000031f       0x13 ./Core/Src/sysmem.o
 .debug_rnglists
                0x00000332       0x1b ./Core/Src/system_stm32h7xx.o
 .debug_rnglists
                0x0000034d       0x19 ./Core/Startup/startup_stm32h743vitx.o
 .debug_rnglists
                0x00000366      0x131 ./Drivers/STM32H7xx_HAL_Driver/Src/stm32h7xx_hal.o
 .debug_rnglists
                0x00000497       0xe0 ./Drivers/STM32H7xx_HAL_Driver/Src/stm32h7xx_hal_cortex.o
 .debug_rnglists
                0x00000577       0x82 ./Drivers/STM32H7xx_HAL_Driver/Src/stm32h7xx_hal_dma.o
 .debug_rnglists
                0x000005f9       0x3f ./Drivers/STM32H7xx_HAL_Driver/Src/stm32h7xx_hal_gpio.o
 .debug_rnglists
                0x00000638      0x101 ./Drivers/STM32H7xx_HAL_Driver/Src/stm32h7xx_hal_i2s.o
 .debug_rnglists
                0x00000739      0x103 ./Drivers/STM32H7xx_HAL_Driver/Src/stm32h7xx_hal_pwr_ex.o
 .debug_rnglists
                0x0000083c       0x68 ./Drivers/STM32H7xx_HAL_Driver/Src/stm32h7xx_hal_rcc.o
 .debug_rnglists
                0x000008a4       0xc0 ./Drivers/STM32H7xx_HAL_Driver/Src/stm32h7xx_hal_rcc_ex.o
 .debug_rnglists
                0x00000964       0x58 ./Drivers/STM32H7xx_HAL_Driver/Src/stm32h7xx_hal_rng.o
 .debug_rnglists
                0x000009bc      0x148 ./Drivers/STM32H7xx_HAL_Driver/Src/stm32h7xx_hal_spi.o
 .debug_rnglists
                0x00000b04      0x328 ./Drivers/STM32H7xx_HAL_Driver/Src/stm32h7xx_hal_tim.o
 .debug_rnglists
                0x00000e2c      0x13f ./Drivers/STM32H7xx_HAL_Driver/Src/stm32h7xx_hal_tim_ex.o
 .debug_rnglists
                0x00000f6b       0x19 ./FATFS/App/fatfs.o
 .debug_rnglists
                0x00000f84       0x2b ./FATFS/Target/user_diskio.o
 .debug_rnglists
                0x00000faf       0x7f ./FATFS/Target/user_diskio_spi.o
 .debug_rnglists
                0x0000102e       0x31 ./Middlewares/Third_Party/FatFs/src/diskio.o
 .debug_rnglists
                0x0000105f      0x1c6 ./Middlewares/Third_Party/FatFs/src/ff.o
 .debug_rnglists
                0x00001225       0x2c ./Middlewares/Third_Party/FatFs/src/ff_gen_drv.o
 .debug_rnglists
                0x00001251       0x1a ./Middlewares/Third_Party/FatFs/src/option/ccsbcs.o

.debug_macro    0x00000000    0x3a88d
 .debug_macro   0x00000000      0x31b ./Core/Src/RA8875.o
 .debug_macro   0x0000031b      0xacc ./Core/Src/RA8875.o
 .debug_macro   0x00000de7       0x22 ./Core/Src/RA8875.o
 .debug_macro   0x00000e09       0x8e ./Core/Src/RA8875.o
 .debug_macro   0x00000e97       0x51 ./Core/Src/RA8875.o
 .debug_macro   0x00000ee8      0x103 ./Core/Src/RA8875.o
 .debug_macro   0x00000feb       0x6a ./Core/Src/RA8875.o
 .debug_macro   0x00001055      0x1df ./Core/Src/RA8875.o
 .debug_macro   0x00001234      0x244 ./Core/Src/RA8875.o
 .debug_macro   0x00001478       0x2e ./Core/Src/RA8875.o
 .debug_macro   0x000014a6       0x3b ./Core/Src/RA8875.o
 .debug_macro   0x000014e1       0x1c ./Core/Src/RA8875.o
 .debug_macro   0x000014fd       0x22 ./Core/Src/RA8875.o
 .debug_macro   0x0000151f       0xfb ./Core/Src/RA8875.o
 .debug_macro   0x0000161a     0x1305 ./Core/Src/RA8875.o
 .debug_macro   0x0000291f      0x11f ./Core/Src/RA8875.o
 .debug_macro   0x00002a3e       0x27 ./Core/Src/RA8875.o
 .debug_macro   0x00002a65    0x258f9 ./Core/Src/RA8875.o
 .debug_macro   0x0002835e       0x6d ./Core/Src/RA8875.o
 .debug_macro   0x000283cb     0x3d79 ./Core/Src/RA8875.o
 .debug_macro   0x0002c144      0x189 ./Core/Src/RA8875.o
 .debug_macro   0x0002c2cd       0x61 ./Core/Src/RA8875.o
 .debug_macro   0x0002c32e       0x29 ./Core/Src/RA8875.o
 .debug_macro   0x0002c357       0x43 ./Core/Src/RA8875.o
 .debug_macro   0x0002c39a       0x34 ./Core/Src/RA8875.o
 .debug_macro   0x0002c3ce       0x16 ./Core/Src/RA8875.o
 .debug_macro   0x0002c3e4       0x43 ./Core/Src/RA8875.o
 .debug_macro   0x0002c427       0x34 ./Core/Src/RA8875.o
 .debug_macro   0x0002c45b       0x10 ./Core/Src/RA8875.o
 .debug_macro   0x0002c46b       0x58 ./Core/Src/RA8875.o
 .debug_macro   0x0002c4c3       0x8e ./Core/Src/RA8875.o
 .debug_macro   0x0002c551       0x1c ./Core/Src/RA8875.o
 .debug_macro   0x0002c56d      0x177 ./Core/Src/RA8875.o
 .debug_macro   0x0002c6e4      0x369 ./Core/Src/RA8875.o
 .debug_macro   0x0002ca4d      0x19b ./Core/Src/RA8875.o
 .debug_macro   0x0002cbe8       0x5d ./Core/Src/RA8875.o
 .debug_macro   0x0002cc45     0x2382 ./Core/Src/RA8875.o
 .debug_macro   0x0002efc7     0x102c ./Core/Src/RA8875.o
 .debug_macro   0x0002fff3      0x154 ./Core/Src/RA8875.o
 .debug_macro   0x00030147      0x114 ./Core/Src/RA8875.o
 .debug_macro   0x0003025b      0x3b6 ./Core/Src/RA8875.o
 .debug_macro   0x00030611       0xac ./Core/Src/RA8875.o
 .debug_macro   0x000306bd      0x72d ./Core/Src/RA8875.o
 .debug_macro   0x00030dea      0x228 ./Core/Src/RA8875.o
 .debug_macro   0x00031012       0x66 ./Core/Src/RA8875.o
 .debug_macro   0x00031078      0x3bb ./Core/Src/RA8875.o
 .debug_macro   0x00031433      0x3e4 ./Core/Src/RA8875.o
 .debug_macro   0x00031817      0x275 ./Core/Src/RA8875.o
 .debug_macro   0x00031a8c      0x3ca ./Core/Src/RA8875.o
 .debug_macro   0x00031e56      0x408 ./Core/Src/RA8875.o
 .debug_macro   0x0003225e       0x51 ./Core/Src/RA8875.o
 .debug_macro   0x000322af       0x4a ./Core/Src/RA8875.o
 .debug_macro   0x000322f9      0x22c ./Core/Src/RA8875.o
 .debug_macro   0x00032525       0x67 ./Core/Src/RA8875.o
 .debug_macro   0x0003258c       0xa5 ./Core/Src/RA8875.o
 .debug_macro   0x00032631      0x25d ./Core/Src/RA8875.o
 .debug_macro   0x0003288e      0x1c4 ./Core/Src/RA8875.o
 .debug_macro   0x00032a52      0x25e ./Core/Src/RA8875.o
 .debug_macro   0x00032cb0       0x35 ./Core/Src/RA8875.o
 .debug_macro   0x00032ce5       0xb9 ./Core/Src/RA8875.o
 .debug_macro   0x00032d9e      0x5e4 ./Core/Src/RA8875.o
 .debug_macro   0x00033382       0xc1 ./Core/Src/RA8875.o
 .debug_macro   0x00033443      0xafa ./Core/Src/RA8875.o
 .debug_macro   0x00033f3d      0x29f ./Core/Src/RA8875.o
 .debug_macro   0x000341dc      0x5a0 ./Core/Src/RA8875.o
 .debug_macro   0x0003477c      0x5dd ./Core/Src/RA8875.o
 .debug_macro   0x00034d59       0x16 ./Core/Src/RA8875.o
 .debug_macro   0x00034d6f       0x35 ./Core/Src/RA8875.o
 .debug_macro   0x00034da4       0x20 ./Core/Src/RA8875.o
 .debug_macro   0x00034dc4       0xc4 ./Core/Src/RA8875.o
 .debug_macro   0x00034e88      0x37b ./Core/Src/game_engine.o
 .debug_macro   0x00035203       0x94 ./Core/Src/game_engine.o
 .debug_macro   0x00035297      0x39e ./Core/Src/main.o
 .debug_macro   0x00035635       0xeb ./Core/Src/main.o
 .debug_macro   0x00035720       0x8e ./Core/Src/main.o
 .debug_macro   0x000357ae      0x5e3 ./Core/Src/main.o
 .debug_macro   0x00035d91      0x2d0 ./Core/Src/stm32h7xx_hal_msp.o
 .debug_macro   0x00036061      0x320 ./Core/Src/stm32h7xx_it.o
 .debug_macro   0x00036381       0xff ./Core/Src/sysmem.o
 .debug_macro   0x00036480      0x23c ./Core/Src/sysmem.o
 .debug_macro   0x000366bc      0x2c1 ./Core/Src/system_stm32h7xx.o
 .debug_macro   0x0003697d      0x2eb ./Drivers/STM32H7xx_HAL_Driver/Src/stm32h7xx_hal.o
 .debug_macro   0x00036c68      0x2c1 ./Drivers/STM32H7xx_HAL_Driver/Src/stm32h7xx_hal_cortex.o
 .debug_macro   0x00036f29      0x315 ./Drivers/STM32H7xx_HAL_Driver/Src/stm32h7xx_hal_dma.o
 .debug_macro   0x0003723e      0x2c8 ./Drivers/STM32H7xx_HAL_Driver/Src/stm32h7xx_hal_gpio.o
 .debug_macro   0x00037506      0x2c9 ./Drivers/STM32H7xx_HAL_Driver/Src/stm32h7xx_hal_i2s.o
 .debug_macro   0x000377cf      0x2fa ./Drivers/STM32H7xx_HAL_Driver/Src/stm32h7xx_hal_pwr_ex.o
 .debug_macro   0x00037ac9      0x2e5 ./Drivers/STM32H7xx_HAL_Driver/Src/stm32h7xx_hal_rcc.o