../Core/Src/main.c:87:5:main	608	static
../Core/Src/main.c:183:6:SystemClock_Config	120	static
../Core/Src/main.c:244:13:MX_I2S3_Init	8	static
../Core/Src/main.c:280:13:MX_RNG_Init	8	static
../Core/Src/main.c:307:13:MX_SPI1_Init	8	static
../Core/Src/main.c:355:13:MX_SPI2_Init	8	static
../Core/Src/main.c:403:13:MX_TIM6_Init	24	static
../Core/Src/main.c:439:13:MX_DMA_Init	16	static
../Core/Src/main.c:460:13:MX_GPIO_Init	48	static
../Core/Src/main.c:559:6:Error_Handler	4	static,ignoring_inline_asm
