../Core/Src/main.c:83:5:main	16	static
../Core/Src/main.c:181:6:SystemClock_Config	120	static
../Core/Src/main.c:231:6:PeriphCommonClock_Config	200	static
../Core/Src/main.c:250:13:MX_I2S3_Init	8	static
../Core/Src/main.c:286:13:MX_SPI1_Init	8	static
../Core/Src/main.c:334:13:MX_SPI2_Init	8	static
../Core/Src/main.c:382:13:MX_TIM6_Init	24	static
../Core/Src/main.c:418:13:MX_DMA_Init	16	static
../Core/Src/main.c:439:13:MX_GPIO_Init	48	static
../Core/Src/main.c:538:6:Error_Handler	4	static,ignoring_inline_asm
