../Core/Src/RA8875.c:38:13:swap	24	static
../Core/Src/RA8875.c:50:6:RA8875_soft_reset	8	static
../Core/Src/RA8875.c:62:13:RA885_pll_init	8	static
../Core/Src/RA8875.c:84:13:RA8875_init	32	static
../Core/Src/RA8875.c:198:9:RA8875_begin	24	static
../Core/Src/RA8875.c:255:16:RA8875_BUS_FREE	4	static
../Core/Src/RA8875.c:270:6:RA8875_write_reg	16	static
../Core/Src/RA8875.c:283:9:RA8875_read_reg	16	static
../Core/Src/RA8875.c:295:6:RA8875_write_data	24	static
../Core/Src/RA8875.c:316:9:RA8875_read_data	16	static
../Core/Src/RA8875.c:341:6:RA8875_write_command	24	static
../Core/Src/RA8875.c:363:9:RA8875_read_status	16	static
../Core/Src/RA8875.c:387:10:RA8875_width	4	static
../Core/Src/RA8875.c:398:10:RA8875_height	4	static
../Core/Src/RA8875.c:409:8:RA8875_get_rotation	4	static
../Core/Src/RA8875.c:420:6:RA8875_set_rotation	16	static
../Core/Src/RA8875.c:440:6:RA8875_graphic_mode	16	static
../Core/Src/RA8875.c:452:6:RA8875_set_write_layer	16	static
../Core/Src/RA8875.c:461:6:RA8875_set_layer_mode	16	static
../Core/Src/RA8875.c:471:6:RA8875_set_layer_transparent_color	16	static
../Core/Src/RA8875.c:489:6:RA8875_set_active_window	24	static
../Core/Src/RA8875.c:506:6:RA8875_set_cursor_direction	16	static
../Core/Src/RA8875.c:514:6:RA8875_write_ram	8	static
../Core/Src/RA8875.c:527:9:RA8875_wait_poll	24	static
../Core/Src/RA8875.c:545:6:RA8875_set_xy	16	static
../Core/Src/RA8875.c:560:6:RA8875_push_pixels	16	static
../Core/Src/RA8875.c:575:6:RA8875_push_pixel	16	static
../Core/Src/RA8875.c:586:16:RA8875_apply_rotation_x	16	static
../Core/Src/RA8875.c:604:16:RA8875_apply_rotation_y	16	static
../Core/Src/RA8875.c:624:6:RA8875_draw_pixel	16	static
../Core/Src/RA8875.c:647:6:RA8875_draw_pixels	32	static
../Core/Src/RA8875.c:683:6:RA8875_draw_line	24	static
../Core/Src/RA8875.c:739:6:RA8875_draw_fast_vline	32	static
../Core/Src/RA8875.c:753:6:RA8875_draw_fast_hline	32	static
../Core/Src/RA8875.c:762:13:circleHelper	24	static
../Core/Src/RA8875.c:811:13:rectHelper	24	static
../Core/Src/RA8875.c:870:13:triangleHelper	24	static
../Core/Src/RA8875.c:937:13:ellipseHelper	24	static
../Core/Src/RA8875.c:990:13:curveHelper	24	static
../Core/Src/RA8875.c:1044:13:roundRectHelper	24	static
../Core/Src/RA8875.c:1120:6:RA8875_draw_rect	32	static
../Core/Src/RA8875.c:1135:6:RA8875_draw_fill_rect	32	static
../Core/Src/RA8875.c:1146:6:RA8875_fill_screen	24	static
../Core/Src/RA8875.c:1160:6:RA8875_draw_circle	32	static
../Core/Src/RA8875.c:1174:6:RA8875_draw_fill_circle	32	static
../Core/Src/RA8875.c:1191:6:RA8875_draw_triangle	40	static
../Core/Src/RA8875.c:1208:6:RA8875_draw_fill_triangle	40	static
../Core/Src/RA8875.c:1223:6:RA8875_draw_draw_ellipse	32	static
../Core/Src/RA8875.c:1238:6:RA8875_draw_fill_ellipse	32	static
../Core/Src/RA8875.c:1258:6:RA8875_draw_curve	40	static
../Core/Src/RA8875.c:1278:6:RA8875_draw_fill_curve	40	static
../Core/Src/RA8875.c:1294:6:RA8875_draw_round_rect	40	static
../Core/Src/RA8875.c:1310:6:RA8875_draw_fill_round_rect	40	static
../Core/Src/RA8875.c:1316:6:RA8875_draw_hexagon	136	static
../Core/Src/RA8875.c:1342:6:RA8875_set_scroll_window	24	static
../Core/Src/RA8875.c:1379:6:RA8875_scroll_x	16	static
../Core/Src/RA8875.c:1393:6:RA8875_scroll_y	16	static
../Core/Src/RA8875.c:1408:6:RA8875_text_mode	16	static
../Core/Src/RA8875.c:1430:6:RA8875_text_cursor_position	16	static
../Core/Src/RA8875.c:1453:6:RA8875_text_color	24	static
../Core/Src/RA8875.c:1484:6:RA8875_text_transparent_color	24	static
../Core/Src/RA8875.c:1511:6:RA8875_text_scale	24	static
../Core/Src/RA8875.c:1540:6:RA8875_cursor_blink	24	static
../Core/Src/RA8875.c:1565:6:RA8875_text_write	24	static
../Core/Src/RA8875.c:1584:6:GPIOX	16	static
../Core/Src/RA8875.c:1595:6:RA8875_disable_keyscan	8	static
../Core/Src/RA8875.c:1606:6:RA8875_pwm1_out	16	static
../Core/Src/RA8875.c:1617:6:RA8875_pwm2_out	16	static
../Core/Src/RA8875.c:1629:6:RA8875_pwm1_config	16	static
../Core/Src/RA8875.c:1648:6:RA8875_pwm2_config	16	static
../Core/Src/RA8875.c:1666:6:RA8875_enable_touch	24	static
../Core/Src/RA8875.c:1701:9:RA8875_touched	8	static
../Core/Src/RA8875.c:1717:9:RA8875_touch_read	24	static
../Core/Src/RA8875.c:1745:6:RA8875_display_on	16	static
../Core/Src/RA8875.c:1757:6:RA8875_sleep	16	static
