../Core/Src/RA8875.c:37:13:swap	24	static
../Core/Src/RA8875.c:49:6:RA8875_soft_reset	8	static
../Core/Src/RA8875.c:61:13:RA885_pll_init	8	static
../Core/Src/RA8875.c:83:13:RA8875_init	32	static
../Core/Src/RA8875.c:191:9:RA8875_begin	24	static
../Core/Src/RA8875.c:248:16:RA8875_BUS_FREE	4	static
../Core/Src/RA8875.c:263:6:RA8875_write_reg	16	static
../Core/Src/RA8875.c:276:9:RA8875_read_reg	16	static
../Core/Src/RA8875.c:288:6:RA8875_write_data	24	static
../Core/Src/RA8875.c:310:9:RA8875_read_data	16	static
../Core/Src/RA8875.c:335:6:RA8875_write_command	24	static
../Core/Src/RA8875.c:357:9:RA8875_read_status	16	static
../Core/Src/RA8875.c:381:10:RA8875_width	4	static
../Core/Src/RA8875.c:392:10:RA8875_height	4	static
../Core/Src/RA8875.c:403:8:RA8875_get_rotation	4	static
../Core/Src/RA8875.c:414:6:RA8875_set_rotation	16	static
../Core/Src/RA8875.c:434:6:RA8875_graphic_mode	16	static
../Core/Src/RA8875.c:446:6:RA8875_set_write_layer	16	static
../Core/Src/RA8875.c:455:6:RA8875_set_layer_mode	16	static
../Core/Src/RA8875.c:465:6:RA8875_set_layer_transparent_color	16	static
../Core/Src/RA8875.c:483:6:RA8875_set_active_window	24	static
../Core/Src/RA8875.c:500:6:RA8875_set_cursor_direction	16	static
../Core/Src/RA8875.c:508:6:RA8875_write_ram	8	static
../Core/Src/RA8875.c:521:9:RA8875_wait_poll	24	static
../Core/Src/RA8875.c:539:6:RA8875_set_xy	16	static
../Core/Src/RA8875.c:554:6:RA8875_push_pixels	16	static
../Core/Src/RA8875.c:569:6:RA8875_push_pixel	16	static
../Core/Src/RA8875.c:580:16:RA8875_apply_rotation_x	16	static
../Core/Src/RA8875.c:598:16:RA8875_apply_rotation_y	16	static
../Core/Src/RA8875.c:618:6:RA8875_draw_pixel	16	static
../Core/Src/RA8875.c:641:6:RA8875_draw_pixels	32	static
../Core/Src/RA8875.c:677:6:RA8875_draw_line	24	static
../Core/Src/RA8875.c:733:6:RA8875_draw_fast_vline	32	static
../Core/Src/RA8875.c:747:6:RA8875_draw_fast_hline	32	static
../Core/Src/RA8875.c:756:13:circleHelper	24	static
../Core/Src/RA8875.c:805:13:rectHelper	24	static
../Core/Src/RA8875.c:864:13:triangleHelper	24	static
../Core/Src/RA8875.c:931:13:ellipseHelper	24	static
../Core/Src/RA8875.c:984:13:curveHelper	24	static
../Core/Src/RA8875.c:1038:13:roundRectHelper	24	static
../Core/Src/RA8875.c:1114:6:RA8875_draw_rect	32	static
../Core/Src/RA8875.c:1129:6:RA8875_draw_fill_rect	32	static
../Core/Src/RA8875.c:1140:6:RA8875_fill_screen	24	static
../Core/Src/RA8875.c:1154:6:RA8875_draw_circle	32	static
../Core/Src/RA8875.c:1168:6:RA8875_draw_fill_circle	32	static
../Core/Src/RA8875.c:1185:6:RA8875_draw_triangle	40	static
../Core/Src/RA8875.c:1202:6:RA8875_draw_fill_triangle	40	static
../Core/Src/RA8875.c:1217:6:RA8875_draw_draw_ellipse	32	static
../Core/Src/RA8875.c:1232:6:RA8875_draw_fill_ellipse	32	static
../Core/Src/RA8875.c:1252:6:RA8875_draw_curve	40	static
../Core/Src/RA8875.c:1272:6:RA8875_draw_fill_curve	40	static
../Core/Src/RA8875.c:1288:6:RA8875_draw_round_rect	40	static
../Core/Src/RA8875.c:1304:6:RA8875_draw_fill_round_rect	40	static
../Core/Src/RA8875.c:1310:6:RA8875_draw_hexagon	136	static
../Core/Src/RA8875.c:1336:6:RA8875_set_scroll_window	24	static
../Core/Src/RA8875.c:1373:6:RA8875_scroll_x	16	static
../Core/Src/RA8875.c:1387:6:RA8875_scroll_y	16	static
../Core/Src/RA8875.c:1402:6:RA8875_text_mode	16	static
../Core/Src/RA8875.c:1424:6:RA8875_text_cursor_position	16	static
../Core/Src/RA8875.c:1447:6:RA8875_text_color	24	static
../Core/Src/RA8875.c:1478:6:RA8875_text_transparent_color	24	static
../Core/Src/RA8875.c:1505:6:RA8875_text_scale	24	static
../Core/Src/RA8875.c:1534:6:RA8875_cursor_blink	24	static
../Core/Src/RA8875.c:1559:6:RA8875_text_write	24	static
../Core/Src/RA8875.c:1578:6:GPIOX	16	static
../Core/Src/RA8875.c:1589:6:RA8875_disable_keyscan	8	static
../Core/Src/RA8875.c:1600:6:RA8875_pwm1_out	16	static
../Core/Src/RA8875.c:1611:6:RA8875_pwm2_out	16	static
../Core/Src/RA8875.c:1623:6:RA8875_pwm1_config	16	static
../Core/Src/RA8875.c:1642:6:RA8875_pwm2_config	16	static
../Core/Src/RA8875.c:1660:6:RA8875_enable_touch	24	static
../Core/Src/RA8875.c:1695:9:RA8875_touched	8	static
../Core/Src/RA8875.c:1711:9:RA8875_touch_read	24	static
../Core/Src/RA8875.c:1739:6:RA8875_display_on	16	static
../Core/Src/RA8875.c:1751:6:RA8875_sleep	16	static
