../FATFS/Target/user_diskio_spi.c:36:6:Set_SPI_BaudRate	16	static
../FATFS/Target/user_diskio_spi.c:93:6:SPI_Timer_On	16	static
../FATFS/Target/user_diskio_spi.c:98:9:SPI_Timer_Status	8	static
../FATFS/Target/user_diskio_spi.c:108:6:xchg_spi	24	static
../FATFS/Target/user_diskio_spi.c:121:6:rcvr_spi_multi	32	static
../FATFS/Target/user_diskio_spi.c:135:6:xmit_spi_multi	16	static
../FATFS/Target/user_diskio_spi.c:151:5:wait_ready	32	static
../FATFS/Target/user_diskio_spi.c:178:6:despiselect	8	static
../FATFS/Target/user_diskio_spi.c:192:5:spiselect	8	static
../FATFS/Target/user_diskio_spi.c:209:5:rcvr_datablock	24	static
../FATFS/Target/user_diskio_spi.c:238:5:xmit_datablock	24	static
../FATFS/Target/user_diskio_spi.c:266:6:send_cmd	24	static
../FATFS/Target/user_diskio_spi.c:325:16:USER_SPI_initialize	32	static
../FATFS/Target/user_diskio_spi.c:381:16:USER_SPI_status	16	static
../FATFS/Target/user_diskio_spi.c:396:16:USER_SPI_read	24	static
../FATFS/Target/user_diskio_spi.c:435:16:USER_SPI_write	24	static
../FATFS/Target/user_diskio_spi.c:476:16:USER_SPI_ioctl	56	static
