../FATFS/Target/user_diskio_spi.c:38:6:Set_SPI_BaudRate	16	static
../FATFS/Target/user_diskio_spi.c:95:6:SPI_Timer_On	16	static
../FATFS/Target/user_diskio_spi.c:100:9:SPI_Timer_Status	8	static
../FATFS/Target/user_diskio_spi.c:110:6:xchg_spi	32	static
../FATFS/Target/user_diskio_spi.c:130:6:rcvr_spi_multi	32	static
../FATFS/Target/user_diskio_spi.c:144:6:xmit_spi_multi	16	static
../FATFS/Target/user_diskio_spi.c:163:5:wait_ready	32	static
../FATFS/Target/user_diskio_spi.c:189:6:despiselect	8	static
../FATFS/Target/user_diskio_spi.c:203:5:spiselect	8	static
../FATFS/Target/user_diskio_spi.c:220:5:rcvr_datablock	24	static
../FATFS/Target/user_diskio_spi.c:249:5:xmit_datablock	24	static
../FATFS/Target/user_diskio_spi.c:277:6:send_cmd	24	static
../FATFS/Target/user_diskio_spi.c:336:16:USER_SPI_initialize	32	static
../FATFS/Target/user_diskio_spi.c:392:16:USER_SPI_status	16	static
../FATFS/Target/user_diskio_spi.c:407:16:USER_SPI_read	24	static
../FATFS/Target/user_diskio_spi.c:446:16:USER_SPI_write	24	static
../FATFS/Target/user_diskio_spi.c:487:16:USER_SPI_ioctl	56	static
../FATFS/Target/user_diskio_spi.c:569:9:read_vec	2672	static
